Archive member included to satisfy reference by file (symbol)

d:/stm32cubeide_1.9.0/stm32cubeide/plugins/com.st.stm32cube.ide.mcu.externaltools.gnu-tools-for-stm32.10.3-2021.10.win32_1.0.100.202210260954/tools/bin/../lib/gcc/arm-none-eabi/10.3.1/../../../../arm-none-eabi/lib/thumb/v7e-m+fp/hard\libstdc++_nano.a(del_ops.o)
                              ./Core/Src/gpioElements.o (operator delete(void*, unsigned int))
d:/stm32cubeide_1.9.0/stm32cubeide/plugins/com.st.stm32cube.ide.mcu.externaltools.gnu-tools-for-stm32.10.3-2021.10.win32_1.0.100.202210260954/tools/bin/../lib/gcc/arm-none-eabi/10.3.1/../../../../arm-none-eabi/lib/thumb/v7e-m+fp/hard\libstdc++_nano.a(del_op.o)
                              d:/stm32cubeide_1.9.0/stm32cubeide/plugins/com.st.stm32cube.ide.mcu.externaltools.gnu-tools-for-stm32.10.3-2021.10.win32_1.0.100.202210260954/tools/bin/../lib/gcc/arm-none-eabi/10.3.1/../../../../arm-none-eabi/lib/thumb/v7e-m+fp/hard\libstdc++_nano.a(del_ops.o) (operator delete(void*))
d:/stm32cubeide_1.9.0/stm32cubeide/plugins/com.st.stm32cube.ide.mcu.externaltools.gnu-tools-for-stm32.10.3-2021.10.win32_1.0.100.202210260954/tools/bin/../lib/gcc/arm-none-eabi/10.3.1/../../../../arm-none-eabi/lib/thumb/v7e-m+fp/hard\libc_nano.a(lib_a-assert.o)
                              ./Core/Src/main.o (__assert_func)
d:/stm32cubeide_1.9.0/stm32cubeide/plugins/com.st.stm32cube.ide.mcu.externaltools.gnu-tools-for-stm32.10.3-2021.10.win32_1.0.100.202210260954/tools/bin/../lib/gcc/arm-none-eabi/10.3.1/../../../../arm-none-eabi/lib/thumb/v7e-m+fp/hard\libc_nano.a(lib_a-errno.o)
                              ./Core/Src/syscalls.o (__errno)
d:/stm32cubeide_1.9.0/stm32cubeide/plugins/com.st.stm32cube.ide.mcu.externaltools.gnu-tools-for-stm32.10.3-2021.10.win32_1.0.100.202210260954/tools/bin/../lib/gcc/arm-none-eabi/10.3.1/../../../../arm-none-eabi/lib/thumb/v7e-m+fp/hard\libc_nano.a(lib_a-exit.o)
                              d:/stm32cubeide_1.9.0/stm32cubeide/plugins/com.st.stm32cube.ide.mcu.externaltools.gnu-tools-for-stm32.10.3-2021.10.win32_1.0.100.202210260954/tools/bin/../lib/gcc/arm-none-eabi/10.3.1/../../../../arm-none-eabi/lib/thumb/v7e-m+fp/hard/crt0.o (exit)
d:/stm32cubeide_1.9.0/stm32cubeide/plugins/com.st.stm32cube.ide.mcu.externaltools.gnu-tools-for-stm32.10.3-2021.10.win32_1.0.100.202210260954/tools/bin/../lib/gcc/arm-none-eabi/10.3.1/../../../../arm-none-eabi/lib/thumb/v7e-m+fp/hard\libc_nano.a(lib_a-fprintf.o)
                              d:/stm32cubeide_1.9.0/stm32cubeide/plugins/com.st.stm32cube.ide.mcu.externaltools.gnu-tools-for-stm32.10.3-2021.10.win32_1.0.100.202210260954/tools/bin/../lib/gcc/arm-none-eabi/10.3.1/../../../../arm-none-eabi/lib/thumb/v7e-m+fp/hard\libc_nano.a(lib_a-assert.o) (fiprintf)
d:/stm32cubeide_1.9.0/stm32cubeide/plugins/com.st.stm32cube.ide.mcu.externaltools.gnu-tools-for-stm32.10.3-2021.10.win32_1.0.100.202210260954/tools/bin/../lib/gcc/arm-none-eabi/10.3.1/../../../../arm-none-eabi/lib/thumb/v7e-m+fp/hard\libc_nano.a(lib_a-impure.o)
                              d:/stm32cubeide_1.9.0/stm32cubeide/plugins/com.st.stm32cube.ide.mcu.externaltools.gnu-tools-for-stm32.10.3-2021.10.win32_1.0.100.202210260954/tools/bin/../lib/gcc/arm-none-eabi/10.3.1/../../../../arm-none-eabi/lib/thumb/v7e-m+fp/hard\libc_nano.a(lib_a-exit.o) (_global_impure_ptr)
d:/stm32cubeide_1.9.0/stm32cubeide/plugins/com.st.stm32cube.ide.mcu.externaltools.gnu-tools-for-stm32.10.3-2021.10.win32_1.0.100.202210260954/tools/bin/../lib/gcc/arm-none-eabi/10.3.1/../../../../arm-none-eabi/lib/thumb/v7e-m+fp/hard\libc_nano.a(lib_a-init.o)
                              d:/stm32cubeide_1.9.0/stm32cubeide/plugins/com.st.stm32cube.ide.mcu.externaltools.gnu-tools-for-stm32.10.3-2021.10.win32_1.0.100.202210260954/tools/bin/../lib/gcc/arm-none-eabi/10.3.1/../../../../arm-none-eabi/lib/thumb/v7e-m+fp/hard/crt0.o (__libc_init_array)
d:/stm32cubeide_1.9.0/stm32cubeide/plugins/com.st.stm32cube.ide.mcu.externaltools.gnu-tools-for-stm32.10.3-2021.10.win32_1.0.100.202210260954/tools/bin/../lib/gcc/arm-none-eabi/10.3.1/../../../../arm-none-eabi/lib/thumb/v7e-m+fp/hard\libc_nano.a(lib_a-malloc.o)
                              d:/stm32cubeide_1.9.0/stm32cubeide/plugins/com.st.stm32cube.ide.mcu.externaltools.gnu-tools-for-stm32.10.3-2021.10.win32_1.0.100.202210260954/tools/bin/../lib/gcc/arm-none-eabi/10.3.1/../../../../arm-none-eabi/lib/thumb/v7e-m+fp/hard\libstdc++_nano.a(del_op.o) (free)
d:/stm32cubeide_1.9.0/stm32cubeide/plugins/com.st.stm32cube.ide.mcu.externaltools.gnu-tools-for-stm32.10.3-2021.10.win32_1.0.100.202210260954/tools/bin/../lib/gcc/arm-none-eabi/10.3.1/../../../../arm-none-eabi/lib/thumb/v7e-m+fp/hard\libc_nano.a(lib_a-memset.o)
                              d:/stm32cubeide_1.9.0/stm32cubeide/plugins/com.st.stm32cube.ide.mcu.externaltools.gnu-tools-for-stm32.10.3-2021.10.win32_1.0.100.202210260954/tools/bin/../lib/gcc/arm-none-eabi/10.3.1/../../../../arm-none-eabi/lib/thumb/v7e-m+fp/hard/crt0.o (memset)
[...]
Memory Configuration

Name             Origin             Length             Attributes
RAM              0x0000000020000000 0x0000000000050000 xrw
FLASH            0x0000000008000000 0x0000000000080000 xr
*default*        0x0000000000000000 0xffffffffffffffff

Linker script and memory map

LOAD d:/stm32cubeide_1.9.0/stm32cubeide/plugins/com.st.stm32cube.ide.mcu.externaltools.gnu-tools-for-stm32.10.3-2021.10.win32_1.0.100.202210260954/tools/bin/../lib/gcc/arm-none-eabi/10.3.1/thumb/v7e-m+fp/hard/crti.o
LOAD d:/stm32cubeide_1.9.0/stm32cubeide/plugins/com.st.stm32cube.ide.mcu.externaltools.gnu-tools-for-stm32.10.3-2021.10.win32_1.0.100.202210260954/tools/bin/../lib/gcc/arm-none-eabi/10.3.1/thumb/v7e-m+fp/hard/crtbegin.o
LOAD d:/stm32cubeide_1.9.0/stm32cubeide/plugins/com.st.stm32cube.ide.mcu.externaltools.gnu-tools-for-stm32.10.3-2021.10.win32_1.0.100.202210260954/tools/bin/../lib/gcc/arm-none-eabi/10.3.1/../../../../arm-none-eabi/lib/thumb/v7e-m+fp/hard/crt0.o
LOAD ./Core/Src/gpioElements.o
LOAD ./Core/Src/main.o
LOAD ./Core/Src/rotary.o
LOAD ./Core/Src/stm32l4xx_hal_msp.o
LOAD ./Core/Src/stm32l4xx_hal_timebase_tim.o
LOAD ./Core/Src/stm32l4xx_it.o
LOAD ./Core/Src/syscalls.o
LOAD ./Core/Src/sysmem.o
LOAD ./Core/Src/system_stm32l4xx.o
LOAD ./Core/Src/timer.o
LOAD ./Core/Startup/startup_stm32l4p5retx.o
LOAD ./Drivers/STM32L4xx_HAL_Driver/Src/stm32l4xx_hal.o
LOAD ./Drivers/STM32L4xx_HAL_Driver/Src/stm32l4xx_hal_can.o
LOAD ./Drivers/STM32L4xx_HAL_Driver/Src/stm32l4xx_hal_cortex.o
LOAD ./Drivers/STM32L4xx_HAL_Driver/Src/stm32l4xx_hal_dma.o
LOAD ./Drivers/STM32L4xx_HAL_Driver/Src/stm32l4xx_hal_dma_ex.o
LOAD ./Drivers/STM32L4xx_HAL_Driver/Src/stm32l4xx_hal_exti.o
LOAD ./Drivers/STM32L4xx_HAL_Driver/Src/stm32l4xx_hal_flash.o
LOAD ./Drivers/STM32L4xx_HAL_Driver/Src/stm32l4xx_hal_flash_ex.o
LOAD ./Drivers/STM32L4xx_HAL_Driver/Src/stm32l4xx_hal_flash_ramfunc.o
LOAD ./Drivers/STM32L4xx_HAL_Driver/Src/stm32l4xx_hal_gpio.o
LOAD ./Drivers/STM32L4xx_HAL_Driver/Src/stm32l4xx_hal_i2c.o
LOAD ./Drivers/STM32L4xx_HAL_Driver/Src/stm32l4xx_hal_i2c_ex.o
LOAD ./Drivers/STM32L4xx_HAL_Driver/Src/stm32l4xx_hal_pwr.o
LOAD ./Drivers/STM32L4xx_HAL_Driver/Src/stm32l4xx_hal_pwr_ex.o
LOAD ./Drivers/STM32L4xx_HAL_Driver/Src/stm32l4xx_hal_rcc.o
LOAD ./Drivers/STM32L4xx_HAL_Driver/Src/stm32l4xx_hal_rcc_ex.o
LOAD ./Drivers/STM32L4xx_HAL_Driver/Src/stm32l4xx_hal_tim.o
LOAD ./Drivers/STM32L4xx_HAL_Driver/Src/stm32l4xx_hal_tim_ex.o
START GROUP
LOAD d:/stm32cubeide_1.9.0/stm32cubeide/plugins/com.st.stm32cube.ide.mcu.externaltools.gnu-tools-for-stm32.10.3-2021.10.win32_1.0.100.202210260954/tools/bin/../lib/gcc/arm-none-eabi/10.3.1/../../../../arm-none-eabi/lib/thumb/v7e-m+fp/hard\libstdc++_nano.a
LOAD d:/stm32cubeide_1.9.0/stm32cubeide/plugins/com.st.stm32cube.ide.mcu.externaltools.gnu-tools-for-stm32.10.3-2021.10.win32_1.0.100.202210260954/tools/bin/../lib/gcc/arm-none-eabi/10.3.1/../../../../arm-none-eabi/lib/thumb/v7e-m+fp/hard\libsupc++_nano.a
END GROUP
LOAD d:/stm32cubeide_1.9.0/stm32cubeide/plugins/com.st.stm32cube.ide.mcu.externaltools.gnu-tools-for-stm32.10.3-2021.10.win32_1.0.100.202210260954/tools/bin/../lib/gcc/arm-none-eabi/10.3.1/../../../../arm-none-eabi/lib/thumb/v7e-m+fp/hard\libstdc++_nano.a
LOAD d:/stm32cubeide_1.9.0/stm32cubeide/plugins/com.st.stm32cube.ide.mcu.externaltools.gnu-tools-for-stm32.10.3-2021.10.win32_1.0.100.202210260954/tools/bin/../lib/gcc/arm-none-eabi/10.3.1/../../../../arm-none-eabi/lib/thumb/v7e-m+fp/hard\libm.a
LOAD d:/stm32cubeide_1.9.0/stm32cubeide/plugins/com.st.stm32cube.ide.mcu.externaltools.gnu-tools-for-stm32.10.3-2021.10.win32_1.0.100.202210260954/tools/bin/../lib/gcc/arm-none-eabi/10.3.1/../../../../arm-none-eabi/lib/thumb/v7e-m+fp/hard\libc_nano.a
START GROUP
LOAD d:/stm32cubeide_1.9.0/stm32cubeide/plugins/com.st.stm32cube.ide.mcu.externaltools.gnu-tools-for-stm32.10.3-2021.10.win32_1.0.100.202210260954/tools/bin/../lib/gcc/arm-none-eabi/10.3.1/thumb/v7e-m+fp/hard\libgcc.a
LOAD d:/stm32cubeide_1.9.0/stm32cubeide/plugins/com.st.stm32cube.ide.mcu.externaltools.gnu-tools-for-stm32.10.3-2021.10.win32_1.0.100.202210260954/tools/bin/../lib/gcc/arm-none-eabi/10.3.1/../../../../arm-none-eabi/lib/thumb/v7e-m+fp/hard\libc_nano.a
END GROUP
START GROUP
LOAD d:/stm32cubeide_1.9.0/stm32cubeide/plugins/com.st.stm32cube.ide.mcu.externaltools.gnu-tools-for-stm32.10.3-2021.10.win32_1.0.100.202210260954/tools/bin/../lib/gcc/arm-none-eabi/10.3.1/thumb/v7e-m+fp/hard\libgcc.a
LOAD d:/stm32cubeide_1.9.0/stm32cubeide/plugins/com.st.stm32cube.ide.mcu.externaltools.gnu-tools-for-stm32.10.3-2021.10.win32_1.0.100.202210260954/tools/bin/../lib/gcc/arm-none-eabi/10.3.1/../../../../arm-none-eabi/lib/thumb/v7e-m+fp/hard\libc_nano.a
LOAD d:/stm32cubeide_1.9.0/stm32cubeide/plugins/com.st.stm32cube.ide.mcu.externaltools.gnu-tools-for-stm32.10.3-2021.10.win32_1.0.100.202210260954/tools/bin/../lib/gcc/arm-none-eabi/10.3.1/../../../../arm-none-eabi/lib/thumb/v7e-m+fp/hard\libnosys.a
END GROUP
START GROUP
LOAD d:/stm32cubeide_1.9.0/stm32cubeide/plugins/com.st.stm32cube.ide.mcu.externaltools.gnu-tools-for-stm32.10.3-2021.10.win32_1.0.100.202210260954/tools/bin/../lib/gcc/arm-none-eabi/10.3.1/thumb/v7e-m+fp/hard\libgcc.a
LOAD d:/stm32cubeide_1.9.0/stm32cubeide/plugins/com.st.stm32cube.ide.mcu.externaltools.gnu-tools-for-stm32.10.3-2021.10.win32_1.0.100.202210260954/tools/bin/../lib/gcc/arm-none-eabi/10.3.1/../../../../arm-none-eabi/lib/thumb/v7e-m+fp/hard\libc_nano.a
LOAD d:/stm32cubeide_1.9.0/stm32cubeide/plugins/com.st.stm32cube.ide.mcu.externaltools.gnu-tools-for-stm32.10.3-2021.10.win32_1.0.100.202210260954/tools/bin/../lib/gcc/arm-none-eabi/10.3.1/../../../../arm-none-eabi/lib/thumb/v7e-m+fp/hard\libnosys.a
END GROUP
LOAD d:/stm32cubeide_1.9.0/stm32cubeide/plugins/com.st.stm32cube.ide.mcu.externaltools.gnu-tools-for-stm32.10.3-2021.10.win32_1.0.100.202210260954/tools/bin/../lib/gcc/arm-none-eabi/10.3.1/thumb/v7e-m+fp/hard/crtend.o
LOAD d:/stm32cubeide_1.9.0/stm32cubeide/plugins/com.st.stm32cube.ide.mcu.externaltools.gnu-tools-for-stm32.10.3-2021.10.win32_1.0.100.202210260954/tools/bin/../lib/gcc/arm-none-eabi/10.3.1/thumb/v7e-m+fp/hard/crtn.o
                0x0000000020050000                _estack = (ORIGIN (RAM) + LENGTH (RAM))
                0x0000000000000200                _Min_Heap_Size = 0x200
                0x0000000000000400                _Min_Stack_Size = 0x400

.isr_vector     0x0000000008000000      0x1bc
                0x0000000008000000                . = ALIGN (0x4)
 *(.isr_vector)
 .isr_vector    0x0000000008000000      0x1bc ./Core/Startup/startup_stm32l4p5retx.o
                0x0000000008000000                g_pfnVectors
                0x00000000080001bc                . = ALIGN (0x4)

.text           0x00000000080001c0     0x4fdc
                0x00000000080001c0                . = ALIGN (0x4)
 *(.text)
 .text          0x00000000080001c0       0x40 d:/stm32cubeide_1.9.0/stm32cubeide/plugins/com.st.stm32cube.ide.mcu.externaltools.gnu-tools-for-stm32.10.3-2021.10.win32_1.0.100.202210260954/tools/bin/../lib/gcc/arm-none-eabi/10.3.1/thumb/v7e-m+fp/hard/crtbegin.o
 .text          0x0000000008000200       0xa0 d:/stm32cubeide_1.9.0/stm32cubeide/plugins/com.st.stm32cube.ide.mcu.externaltools.gnu-tools-for-stm32.10.3-2021.10.win32_1.0.100.202210260954/tools/bin/../lib/gcc/arm-none-eabi/10.3.1/../../../../arm-none-eabi/lib/thumb/v7e-m+fp/hard\libc_nano.a(lib_a-memchr.o)
                0x0000000008000200                memchr
 *(.text*)
 .text._ZNK11GpioElement6handleEv
                0x00000000080002a0        0x2 ./Core/Src/gpioElements.o
                0x00000000080002a0                GpioElement::handle() const
 *fill*         0x00000000080002a2        0x2 
 .text._ZN11GpioElementD2Ev
                0x00000000080002a4        0xc ./Core/Src/gpioElements.o
                0x00000000080002a4                GpioElement::~GpioElement()
                0x00000000080002a4                GpioElement::~GpioElement()
 .text._ZN14GpioOutElementD2Ev
                0x00000000080002b0       0x14 ./Core/Src/gpioElements.o
                0x00000000080002b0                GpioOutElement::~GpioOutElement()
                0x00000000080002b0                GpioOutElement::~GpioOutElement()
 .text._ZN13GpioInElementD2Ev
                0x00000000080002c4       0x14 ./Core/Src/gpioElements.o
                0x00000000080002c4                GpioInElement::~GpioInElement()
                0x00000000080002c4                GpioInElement::~GpioInElement()
 .text._ZN11GpioElementD0Ev
                0x00000000080002d8       0x18 ./Core/Src/gpioElements.o
                0x00000000080002d8                GpioElement::~GpioElement()
 .text._ZN14GpioOutElementD0Ev
                0x00000000080002f0       0x20 ./Core/Src/gpioElements.o
                0x00000000080002f0                GpioOutElement::~GpioOutElement()
 .text._ZN13GpioInElementD0Ev
                0x0000000008000310       0x20 ./Core/Src/gpioElements.o
                0x0000000008000310                GpioInElement::~GpioInElement()
 .text._ZNK13GpioInElement6handleEv
                0x0000000008000330       0x4e ./Core/Src/gpioElements.o
                0x0000000008000330                GpioInElement::handle() const
 *fill*         0x000000000800037e        0x2 
 .text._ZN11GpioElementC2EPK12GPIO_TypeDefmb
                0x0000000008000380       0x18 ./Core/Src/gpioElements.o
                0x0000000008000380                GpioElement::GpioElement(GPIO_TypeDef const*, unsigned long, bool)
                0x0000000008000380                GpioElement::GpioElement(GPIO_TypeDef const*, unsigned long, bool)
 .text._ZN14GpioOutElementC2EPK12GPIO_TypeDefmb
                0x0000000008000398       0x14 ./Core/Src/gpioElements.o
                0x0000000008000398                GpioOutElement::GpioOutElement(GPIO_TypeDef const*, unsigned long, bool)
                0x0000000008000398                GpioOutElement::GpioOutElement(GPIO_TypeDef const*, unsigned long, bool)
 .text._ZNK14GpioOutElement8activateEv
                0x00000000080003ac       0x18 ./Core/Src/gpioElements.o
                0x00000000080003ac                GpioOutElement::activate() const
 .text._ZNK14GpioOutElement10deactivateEv
                0x00000000080003c4       0x18 ./Core/Src/gpioElements.o
                0x00000000080003c4                GpioOutElement::deactivate() const
 .text._ZN13GpioInElementC2EPK12GPIO_TypeDefmb
                0x00000000080003dc       0x1c ./Core/Src/gpioElements.o
                0x00000000080003dc                GpioInElement::GpioInElement(GPIO_TypeDef const*, unsigned long, bool)
                0x00000000080003dc                GpioInElement::GpioInElement(GPIO_TypeDef const*, unsigned long, bool)
 .text._ZNK13GpioInElement8isActiveEv
                0x00000000080003f8        0x4 ./Core/Src/gpioElements.o
                0x00000000080003f8                GpioInElement::isActive() const
 .text._ZNK13GpioInElement10risingEdgeEv
                0x00000000080003fc        0xa ./Core/Src/gpioElements.o
                0x00000000080003fc                GpioInElement::risingEdge() const
 .text._ZNK13GpioInElement11fallingEdgeEv
                0x0000000008000406        0xa ./Core/Src/gpioElements.o
                0x0000000008000406                GpioInElement::fallingEdge() const
 .text._ZNK13GpioInElement24getStateConstRefForDebugEv
                0x0000000008000410        0x4 ./Core/Src/gpioElements.o
                0x0000000008000410                GpioInElement::getStateConstRefForDebug() const
 .text._ZN8PUTM_CAN6DeviceINS_14Telemetry_MainEE8set_dataERKNS_14Can_rx_messageE
                0x0000000008000414        0xc ./Core/Src/main.o
                0x0000000008000414                PUTM_CAN::Device<PUTM_CAN::Telemetry_Main>::set_data(PUTM_CAN::Can_rx_message const&)
 .text._ZN8PUTM_CAN6DeviceINS_18TC_rear_suspensionEE8set_dataERKNS_14Can_rx_messageE
                0x0000000008000420        0xc ./Core/Src/main.o
                0x0000000008000420                PUTM_CAN::Device<PUTM_CAN::TC_rear_suspension>::set_data(PUTM_CAN::Can_rx_message const&)
 .text._ZN8PUTM_CAN6DeviceINS_9SWPS_mainEE8set_dataERKNS_14Can_rx_messageE
                0x000000000800042c        0xc ./Core/Src/main.o
                0x000000000800042c                PUTM_CAN::Device<PUTM_CAN::SWPS_main>::set_data(PUTM_CAN::Can_rx_message const&)
 .text._ZN8PUTM_CAN6DeviceINS_14Lap_timer_MainEE8set_dataERKNS_14Can_rx_messageE
                0x0000000008000438        0xa ./Core/Src/main.o
                0x0000000008000438                PUTM_CAN::Device<PUTM_CAN::Lap_timer_Main>::set_data(PUTM_CAN::Can_rx_message const&)
 .text._ZN8PUTM_CAN6DeviceINS_6DV_AssEE8set_dataERKNS_14Can_rx_messageE
                0x0000000008000442        0xa ./Core/Src/main.o
                0x0000000008000442                PUTM_CAN::Device<PUTM_CAN::DV_Ass>::set_data(PUTM_CAN::Can_rx_message const&)
 .text._ZN8PUTM_CAN6DeviceINS_25Dash_steering_wheel_angleEE8set_dataERKNS_14Can_rx_messageE
                0x000000000800044c        0xc ./Core/Src/main.o
                0x000000000800044c                PUTM_CAN::Device<PUTM_CAN::Dash_steering_wheel_angle>::set_data(PUTM_CAN::Can_rx_message const&)
 .text._ZN8PUTM_CAN6DeviceINS_17Dash_lap_finishedEE8set_dataERKNS_14Can_rx_messageE
                0x0000000008000458        0xc ./Core/Src/main.o
                0x0000000008000458                PUTM_CAN::Device<PUTM_CAN::Dash_lap_finished>::set_data(PUTM_CAN::Can_rx_message const&)
 .text._ZN8PUTM_CAN6DeviceINS_27Dash_steering_wheel_requestEE8set_dataERKNS_14Can_rx_messageE
                0x0000000008000464        0xa ./Core/Src/main.o
                0x0000000008000464                PUTM_CAN::Device<PUTM_CAN::Dash_steering_wheel_request>::set_data(PUTM_CAN::Can_rx_message const&)
 .text._ZN8PUTM_CAN6DeviceINS_26Dash_Smart_Fuses_FAN_speedEE8set_dataERKNS_14Can_rx_messageE
                0x000000000800046e        0xc ./Core/Src/main.o
                0x000000000800046e                PUTM_CAN::Device<PUTM_CAN::Dash_Smart_Fuses_FAN_speed>::set_data(PUTM_CAN::Can_rx_message const&)
 .text._ZN8PUTM_CAN6DeviceINS_9Dash_MainEE8set_dataERKNS_14Can_rx_messageE
                0x000000000800047a        0xa ./Core/Src/main.o
                0x000000000800047a                PUTM_CAN::Device<PUTM_CAN::Dash_Main>::set_data(PUTM_CAN::Can_rx_message const&)
 .text._ZN8PUTM_CAN6DeviceINS_12AQ_ts_buttonEE8set_dataERKNS_14Can_rx_messageE
                0x0000000008000484        0xa ./Core/Src/main.o
                0x0000000008000484                PUTM_CAN::Device<PUTM_CAN::AQ_ts_button>::set_data(PUTM_CAN::Can_rx_message const&)
 .text._ZN8PUTM_CAN6DeviceINS_17YawProbe_air_flowEE8set_dataERKNS_14Can_rx_messageE
                0x000000000800048e       0x10 ./Core/Src/main.o
                0x000000000800048e                PUTM_CAN::Device<PUTM_CAN::YawProbe_air_flow>::set_data(PUTM_CAN::Can_rx_message const&)
 .text._ZN8PUTM_CAN6DeviceINS_14WheelTemp_mainEE8set_dataERKNS_14Can_rx_messageE
                0x000000000800049e       0x12 ./Core/Src/main.o
                0x000000000800049e                PUTM_CAN::Device<PUTM_CAN::WheelTemp_main>::set_data(PUTM_CAN::Can_rx_message const&)
 .text._ZN8PUTM_CAN6DeviceINS_11TC_imu_gyroEE8set_dataERKNS_14Can_rx_messageE
                0x00000000080004b0       0x12 ./Core/Src/main.o
                0x00000000080004b0                PUTM_CAN::Device<PUTM_CAN::TC_imu_gyro>::set_data(PUTM_CAN::Can_rx_message const&)
 .text._ZN8PUTM_CAN6DeviceINS_10TC_imu_accEE8set_dataERKNS_14Can_rx_messageE
                0x00000000080004c2       0x12 ./Core/Src/main.o
                0x00000000080004c2                PUTM_CAN::Device<PUTM_CAN::TC_imu_acc>::set_data(PUTM_CAN::Can_rx_message const&)
 .text._ZN8PUTM_CAN6DeviceINS_15TC_temperaturesEE8set_dataERKNS_14Can_rx_messageE
                0x00000000080004d4       0x12 ./Core/Src/main.o
                0x00000000080004d4                PUTM_CAN::Device<PUTM_CAN::TC_temperatures>::set_data(PUTM_CAN::Can_rx_message const&)
 .text._ZN8PUTM_CAN6DeviceINS_19TC_wheel_velocitiesEE8set_dataERKNS_14Can_rx_messageE
                0x00000000080004e6       0x12 ./Core/Src/main.o
                0x00000000080004e6                PUTM_CAN::Device<PUTM_CAN::TC_wheel_velocities>::set_data(PUTM_CAN::Can_rx_message const&)
 .text._ZN8PUTM_CAN6DeviceINS_7TC_mainEE8set_dataERKNS_14Can_rx_messageE
                0x00000000080004f8       0x12 ./Core/Src/main.o
                0x00000000080004f8                PUTM_CAN::Device<PUTM_CAN::TC_main>::set_data(PUTM_CAN::Can_rx_message const&)
 .text._ZN8PUTM_CAN6DeviceINS_20Steering_Wheel_eventEE8set_dataERKNS_14Can_rx_messageE
                0x000000000800050a       0x10 ./Core/Src/main.o
                0x000000000800050a                PUTM_CAN::Device<PUTM_CAN::Steering_Wheel_event>::set_data(PUTM_CAN::Can_rx_message const&)
 .text._ZN8PUTM_CAN6DeviceINS_19Steering_Wheel_mainEE8set_dataERKNS_14Can_rx_messageE
                0x000000000800051a       0x10 ./Core/Src/main.o
                0x000000000800051a                PUTM_CAN::Device<PUTM_CAN::Steering_Wheel_main>::set_data(PUTM_CAN::Can_rx_message const&)
 .text._ZN8PUTM_CAN6DeviceINS_9SF_safetyEE8set_dataERKNS_14Can_rx_messageE
                0x000000000800052a       0x12 ./Core/Src/main.o
                0x000000000800052a                PUTM_CAN::Device<PUTM_CAN::SF_safety>::set_data(PUTM_CAN::Can_rx_message const&)
 .text._ZN8PUTM_CAN6DeviceINS_18SF_PassiveElementsEE8set_dataERKNS_14Can_rx_messageE
                0x000000000800053c       0x12 ./Core/Src/main.o
                0x000000000800053c                PUTM_CAN::Device<PUTM_CAN::SF_PassiveElements>::set_data(PUTM_CAN::Can_rx_message const&)
 .text._ZN8PUTM_CAN6DeviceINS_9SF_SupplyEE8set_dataERKNS_14Can_rx_messageE
                0x000000000800054e       0x12 ./Core/Src/main.o
                0x000000000800054e                PUTM_CAN::Device<PUTM_CAN::SF_Supply>::set_data(PUTM_CAN::Can_rx_message const&)
 .text._ZN8PUTM_CAN6DeviceINS_23SF_LegendaryDVAndSupplyEE8set_dataERKNS_14Can_rx_messageE
                0x0000000008000560       0x12 ./Core/Src/main.o
                0x0000000008000560                PUTM_CAN::Device<PUTM_CAN::SF_LegendaryDVAndSupply>::set_data(PUTM_CAN::Can_rx_message const&)
 .text._ZN8PUTM_CAN6DeviceINS_7SF_mainEE8set_dataERKNS_14Can_rx_messageE
                0x0000000008000572       0x12 ./Core/Src/main.o
                0x0000000008000572                PUTM_CAN::Device<PUTM_CAN::SF_main>::set_data(PUTM_CAN::Can_rx_message const&)
 .text._ZN8PUTM_CAN6DeviceINS_22Lap_timer_Skidpad_timeEE8set_dataERKNS_14Can_rx_messageE
                0x0000000008000584       0x12 ./Core/Src/main.o
                0x0000000008000584                PUTM_CAN::Device<PUTM_CAN::Lap_timer_Skidpad_time>::set_data(PUTM_CAN::Can_rx_message const&)
 .text._ZN8PUTM_CAN6DeviceINS_18Lap_timer_Lap_timeEE8set_dataERKNS_14Can_rx_messageE
                0x0000000008000596       0x12 ./Core/Src/main.o
                0x0000000008000596                PUTM_CAN::Device<PUTM_CAN::Lap_timer_Lap_time>::set_data(PUTM_CAN::Can_rx_message const&)
 .text._ZN8PUTM_CAN6DeviceINS_18Lap_timer_Acc_timeEE8set_dataERKNS_14Can_rx_messageE
                0x00000000080005a8       0x12 ./Core/Src/main.o
                0x00000000080005a8                PUTM_CAN::Device<PUTM_CAN::Lap_timer_Acc_time>::set_data(PUTM_CAN::Can_rx_message const&)
 .text._ZN8PUTM_CAN6DeviceINS_16Lap_timer_SectorEE8set_dataERKNS_14Can_rx_messageE
                0x00000000080005ba       0x12 ./Core/Src/main.o
                0x00000000080005ba                PUTM_CAN::Device<PUTM_CAN::Lap_timer_Sector>::set_data(PUTM_CAN::Can_rx_message const&)
 .text._ZN8PUTM_CAN6DeviceINS_8Dash_TCSEE8set_dataERKNS_14Can_rx_messageE
                0x00000000080005cc       0x12 ./Core/Src/main.o
                0x00000000080005cc                PUTM_CAN::Device<PUTM_CAN::Dash_TCS>::set_data(PUTM_CAN::Can_rx_message const&)
 .text._ZN8PUTM_CAN6DeviceINS_18BMS_LV_temperatureEE8set_dataERKNS_14Can_rx_messageE
                0x00000000080005de       0x12 ./Core/Src/main.o
                0x00000000080005de                PUTM_CAN::Device<PUTM_CAN::BMS_LV_temperature>::set_data(PUTM_CAN::Can_rx_message const&)
 .text._ZN8PUTM_CAN6DeviceINS_11BMS_LV_mainEE8set_dataERKNS_14Can_rx_messageE
                0x00000000080005f0       0x12 ./Core/Src/main.o
                0x00000000080005f0                PUTM_CAN::Device<PUTM_CAN::BMS_LV_main>::set_data(PUTM_CAN::Can_rx_message const&)
 .text._ZN8PUTM_CAN6DeviceINS_11BMS_HV_mainEE8set_dataERKNS_14Can_rx_messageE
                0x0000000008000602       0x12 ./Core/Src/main.o
                0x0000000008000602                PUTM_CAN::Device<PUTM_CAN::BMS_HV_main>::set_data(PUTM_CAN::Can_rx_message const&)
 .text._ZN8PUTM_CAN6DeviceINS_12AQ_gyroscopeEE8set_dataERKNS_14Can_rx_messageE
                0x0000000008000614       0x12 ./Core/Src/main.o
                0x0000000008000614                PUTM_CAN::Device<PUTM_CAN::AQ_gyroscope>::set_data(PUTM_CAN::Can_rx_message const&)
 .text._ZN8PUTM_CAN6DeviceINS_15AQ_accelerationEE8set_dataERKNS_14Can_rx_messageE
                0x0000000008000626       0x12 ./Core/Src/main.o
                0x0000000008000626                PUTM_CAN::Device<PUTM_CAN::AQ_acceleration>::set_data(PUTM_CAN::Can_rx_message const&)
 .text._ZN8PUTM_CAN6DeviceINS_7AQ_mainEE8set_dataERKNS_14Can_rx_messageE
                0x0000000008000638       0x12 ./Core/Src/main.o
                0x0000000008000638                PUTM_CAN::Device<PUTM_CAN::AQ_main>::set_data(PUTM_CAN::Can_rx_message const&)
 .text._ZN8PUTM_CAN6DeviceINS_9Apps_mainEE8set_dataERKNS_14Can_rx_messageE
                0x000000000800064a       0x12 ./Core/Src/main.o
                0x000000000800064a                PUTM_CAN::Device<PUTM_CAN::Apps_main>::set_data(PUTM_CAN::Can_rx_message const&)
 .text._ZL12MX_GPIO_Initv
                0x000000000800065c      0x128 ./Core/Src/main.o
 .text._ZN3etl5ipool8allocateINS_5ilistIjE11data_node_tEEEPT_v
                0x0000000008000784       0x70 ./Core/Src/main.o
                0x0000000008000784                etl::ilist<unsigned int>::data_node_t* etl::ipool::allocate<etl::ilist<unsigned int>::data_node_t>()
 .text.HAL_CAN_RxFifo0MsgPendingCallback
                0x00000000080007f4       0x60 ./Core/Src/main.o
                0x00000000080007f4                HAL_CAN_RxFifo0MsgPendingCallback
 .text.HAL_GPIO_EXTI_Callback
                0x0000000008000854        0x2 ./Core/Src/main.o
                0x0000000008000854                HAL_GPIO_EXTI_Callback
 *fill*         0x0000000008000856        0x2 
 .text.HAL_TIM_PeriodElapsedCallback
                0x0000000008000858       0x18 ./Core/Src/main.o
                0x0000000008000858                HAL_TIM_PeriodElapsedCallback
 .text.Error_Handler
                0x0000000008000870        0x4 ./Core/Src/main.o
                0x0000000008000870                Error_Handler
 .text._ZL12MX_CAN1_Initv
                0x0000000008000874       0x40 ./Core/Src/main.o
 .text._Z18SystemClock_Configv
                0x00000000080008b4       0x76 ./Core/Src/main.o
                0x00000000080008b4                SystemClock_Config()
 *fill*         0x000000000800092a        0x2 
 .text._Z8setUpCanv
                0x000000000800092c       0x50 ./Core/Src/main.o
                0x000000000800092c                setUpCan()
 .text._Z10sendStatesN8PUTM_CAN12scrollStatesES0_NS_12buttonStatesE
                0x000000000800097c       0x94 ./Core/Src/main.o
                0x000000000800097c                sendStates(PUTM_CAN::scrollStates, PUTM_CAN::scrollStates, PUTM_CAN::buttonStates)
 .text.heartbeat
                0x0000000008000a10       0x50 ./Core/Src/main.o
                0x0000000008000a10                heartbeat
 .text.main     0x0000000008000a60      0x4d4 ./Core/Src/main.o
                0x0000000008000a60                main
 .text._ZN3etl5ilistIjE10initialiseEv
                0x0000000008000f34       0xbc ./Core/Src/main.o
                0x0000000008000f34                etl::ilist<unsigned int>::initialise()
 .text._Z41__static_initialization_and_destruction_0ii
                0x0000000008000ff0      0x2dc ./Core/Src/main.o
 .text._GLOBAL__sub_I__ZN8PUTM_CAN3canE
                0x00000000080012cc        0xe ./Core/Src/main.o
 .text._GLOBAL__sub_D__ZN8PUTM_CAN3canE
                0x00000000080012da        0xe ./Core/Src/main.o
 .text._ZN6RotaryC2ERKSt5arrayIPK13GpioInElementLj4EE
                0x00000000080012e8       0x1a ./Core/Src/rotary.o
                0x00000000080012e8                Rotary::Rotary(std::array<GpioInElement const*, 4u> const&)
                0x00000000080012e8                Rotary::Rotary(std::array<GpioInElement const*, 4u> const&)
 .text._ZNK6Rotary6handleEv
                0x0000000008001302       0x8c ./Core/Src/rotary.o
                0x0000000008001302                Rotary::handle() const
 .text._ZN6Rotary11getRotationEv
                0x000000000800138e        0x6 ./Core/Src/rotary.o
                0x000000000800138e                Rotary::getRotation()
 .text._ZNK6Rotary27getRotationConstRefForDebugEv
                0x0000000008001394        0x2 ./Core/Src/rotary.o
                0x0000000008001394                Rotary::getRotationConstRefForDebug() const
 *fill*         0x0000000008001396        0x2 
 .text.HAL_MspInit
                0x0000000008001398       0x48 ./Core/Src/stm32l4xx_hal_msp.o
                0x0000000008001398                HAL_MspInit
 .text.HAL_CAN_MspInit
                0x00000000080013e0       0xa8 ./Core/Src/stm32l4xx_hal_msp.o
                0x00000000080013e0                HAL_CAN_MspInit
 .text.HAL_InitTick
                0x0000000008001488       0xdc ./Core/Src/stm32l4xx_hal_timebase_tim.o
                0x0000000008001488                HAL_InitTick
 .text.NMI_Handler
                0x0000000008001564        0x6 ./Core/Src/stm32l4xx_it.o
                0x0000000008001564                NMI_Handler
 .text.HardFault_Handler
                0x000000000800156a        0x6 ./Core/Src/stm32l4xx_it.o
                0x000000000800156a                HardFault_Handler
 .text.MemManage_Handler
                0x0000000008001570        0x6 ./Core/Src/stm32l4xx_it.o
                0x0000000008001570                MemManage_Handler
 .text.BusFault_Handler
                0x0000000008001576        0x6 ./Core/Src/stm32l4xx_it.o
                0x0000000008001576                BusFault_Handler
 .text.UsageFault_Handler
                0x000000000800157c        0x6 ./Core/Src/stm32l4xx_it.o
                0x000000000800157c                UsageFault_Handler
 .text.SVC_Handler
                0x0000000008001582        0xe ./Core/Src/stm32l4xx_it.o
                0x0000000008001582                SVC_Handler
 .text.DebugMon_Handler
                0x0000000008001590        0xe ./Core/Src/stm32l4xx_it.o
                0x0000000008001590                DebugMon_Handler
 .text.PendSV_Handler
                0x000000000800159e        0xe ./Core/Src/stm32l4xx_it.o
                0x000000000800159e                PendSV_Handler
 .text.SysTick_Handler
                0x00000000080015ac        0xe ./Core/Src/stm32l4xx_it.o
                0x00000000080015ac                SysTick_Handler
 *fill*         0x00000000080015ba        0x2 
 .text.CAN1_RX0_IRQHandler
                0x00000000080015bc       0x14 ./Core/Src/stm32l4xx_it.o
                0x00000000080015bc                CAN1_RX0_IRQHandler
 .text.CAN1_RX1_IRQHandler
                0x00000000080015d0       0x14 ./Core/Src/stm32l4xx_it.o
                0x00000000080015d0                CAN1_RX1_IRQHandler
 .text.EXTI9_5_IRQHandler
                0x00000000080015e4        0xe ./Core/Src/stm32l4xx_it.o
                0x00000000080015e4                EXTI9_5_IRQHandler
 *fill*         0x00000000080015f2        0x2 
 .text.TIM1_UP_TIM16_IRQHandler
                0x00000000080015f4       0x14 ./Core/Src/stm32l4xx_it.o
                0x00000000080015f4                TIM1_UP_TIM16_IRQHandler
 .text._getpid  0x0000000008001608       0x10 ./Core/Src/syscalls.o
                0x0000000008001608                _getpid
 .text._kill    0x0000000008001618       0x20 ./Core/Src/syscalls.o
                0x0000000008001618                _kill
 .text._exit    0x0000000008001638       0x14 ./Core/Src/syscalls.o
                0x0000000008001638                _exit
 .text._read    0x000000000800164c       0x3a ./Core/Src/syscalls.o
                0x000000000800164c                _read
 .text._write   0x0000000008001686       0x38 ./Core/Src/syscalls.o
                0x0000000008001686                _write
 .text._close   0x00000000080016be       0x18 ./Core/Src/syscalls.o
                0x00000000080016be                _close
 .text._fstat   0x00000000080016d6       0x20 ./Core/Src/syscalls.o
                0x00000000080016d6                _fstat
 .text._isatty  0x00000000080016f6       0x16 ./Core/Src/syscalls.o
                0x00000000080016f6                _isatty
 .text._lseek   0x000000000800170c       0x1a ./Core/Src/syscalls.o
                0x000000000800170c                _lseek
 *fill*         0x0000000008001726        0x2 
 .text._sbrk    0x0000000008001728       0x6c ./Core/Src/sysmem.o
                0x0000000008001728                _sbrk
 .text.SystemInit
                0x0000000008001794       0x64 ./Core/Src/system_stm32l4xx.o
                0x0000000008001794                SystemInit
 .text._ZN5TimerC2Em
                0x00000000080017f8       0x10 ./Core/Src/timer.o
                0x00000000080017f8                Timer::Timer(unsigned long)
                0x00000000080017f8                Timer::Timer(unsigned long)
 .text._ZN5Timer7restartEv
                0x0000000008001808        0xc ./Core/Src/timer.o
                0x0000000008001808                Timer::restart()
 .text._ZN5Timer13getPassedTimeEv
                0x0000000008001814        0xe ./Core/Src/timer.o
                0x0000000008001814                Timer::getPassedTime()
 .text._ZN5Timer24checkIfTimedOutThenResetEv
                0x0000000008001822       0x24 ./Core/Src/timer.o
                0x0000000008001822                Timer::checkIfTimedOutThenReset()
 *fill*         0x0000000008001846        0x2 
 .text.Reset_Handler
                0x0000000008001848       0x50 ./Core/Startup/startup_stm32l4p5retx.o
                0x0000000008001848                Reset_Handler
 .text.Default_Handler
                0x0000000008001898        0x2 ./Core/Startup/startup_stm32l4p5retx.o
                0x0000000008001898                RTC_Alarm_IRQHandler
                0x0000000008001898                EXTI2_IRQHandler
                0x0000000008001898                TIM8_TRG_COM_IRQHandler
                0x0000000008001898                TIM8_CC_IRQHandler
                0x0000000008001898                TIM1_CC_IRQHandler
                0x0000000008001898                TSC_IRQHandler
                0x0000000008001898                TAMP_STAMP_IRQHandler
                0x0000000008001898                EXTI3_IRQHandler
                0x0000000008001898                LPTIM2_IRQHandler
                0x0000000008001898                DFSDM1_FLT1_IRQHandler
                0x0000000008001898                I2C3_ER_IRQHandler
                0x0000000008001898                EXTI0_IRQHandler
                0x0000000008001898                I2C2_EV_IRQHandler
                0x0000000008001898                FPU_IRQHandler
                0x0000000008001898                LTDC_ER_IRQHandler
                0x0000000008001898                ADC1_2_IRQHandler
                0x0000000008001898                SPI1_IRQHandler
                0x0000000008001898                OCTOSPI1_IRQHandler
                0x0000000008001898                TIM6_DAC_IRQHandler
                0x0000000008001898                TIM8_UP_IRQHandler
                0x0000000008001898                OCTOSPI2_IRQHandler
                0x0000000008001898                DMA2_Channel2_IRQHandler
                0x0000000008001898                DMA1_Channel4_IRQHandler
                0x0000000008001898                SAI2_IRQHandler
                0x0000000008001898                USART3_IRQHandler
                0x0000000008001898                DMA1_Channel7_IRQHandler
                0x0000000008001898                UART5_IRQHandler
                0x0000000008001898                TIM4_IRQHandler
                0x0000000008001898                DMA2_Channel1_IRQHandler
                0x0000000008001898                I2C1_EV_IRQHandler
                0x0000000008001898                DMAMUX1_OVR_IRQHandler
                0x0000000008001898                DMA1_Channel6_IRQHandler
                0x0000000008001898                UART4_IRQHandler
                0x0000000008001898                DMA2_Channel4_IRQHandler
                0x0000000008001898                TIM3_IRQHandler
                0x0000000008001898                RCC_IRQHandler
                0x0000000008001898                DMA1_Channel1_IRQHandler
                0x0000000008001898                Default_Handler
                0x0000000008001898                DMA2_Channel7_IRQHandler
                0x0000000008001898                EXTI15_10_IRQHandler
                0x0000000008001898                TIM7_IRQHandler
                0x0000000008001898                SDMMC1_IRQHandler
                0x0000000008001898                TIM5_IRQHandler
                0x0000000008001898                I2C3_EV_IRQHandler
                0x0000000008001898                RTC_WKUP_IRQHandler
                0x0000000008001898                LTDC_IRQHandler
                0x0000000008001898                PVD_PVM_IRQHandler
                0x0000000008001898                SPI2_IRQHandler
                0x0000000008001898                CAN1_TX_IRQHandler
                0x0000000008001898                DMA2_Channel5_IRQHandler
                0x0000000008001898                DMA1_Channel5_IRQHandler
                0x0000000008001898                EXTI4_IRQHandler
                0x0000000008001898                RNG_IRQHandler
                0x0000000008001898                TIM1_TRG_COM_TIM17_IRQHandler
                0x0000000008001898                DMA1_Channel3_IRQHandler
                0x0000000008001898                COMP_IRQHandler
                0x0000000008001898                HASH_CRS_IRQHandler
                0x0000000008001898                WWDG_IRQHandler
                0x0000000008001898                I2C4_EV_IRQHandler
                0x0000000008001898                LPUART1_IRQHandler
                0x0000000008001898                DMA2_Channel6_IRQHandler
                0x0000000008001898                TIM2_IRQHandler
                0x0000000008001898                DMA2D_IRQHandler
                0x0000000008001898                EXTI1_IRQHandler
                0x0000000008001898                SDMMC2_IRQHandler
                0x0000000008001898                USART2_IRQHandler
                0x0000000008001898                DFSDM1_FLT0_IRQHandler
                0x0000000008001898                I2C2_ER_IRQHandler
                0x0000000008001898                DMA1_Channel2_IRQHandler
                0x0000000008001898                TIM8_BRK_IRQHandler
                0x0000000008001898                CAN1_SCE_IRQHandler
                0x0000000008001898                FLASH_IRQHandler
                0x0000000008001898                USART1_IRQHandler
                0x0000000008001898                OTG_FS_IRQHandler
                0x0000000008001898                SPI3_IRQHandler
                0x0000000008001898                I2C1_ER_IRQHandler
                0x0000000008001898                FMC_IRQHandler
                0x0000000008001898                LPTIM1_IRQHandler
                0x0000000008001898                DCMI_PSSI_IRQHandler
                0x0000000008001898                I2C4_ER_IRQHandler
                0x0000000008001898                SAI1_IRQHandler
                0x0000000008001898                DMA2_Channel3_IRQHandler
                0x0000000008001898                TIM1_BRK_TIM15_IRQHandler
 .text.HAL_Init
                0x000000000800189a       0x30 ./Drivers/STM32L4xx_HAL_Driver/Src/stm32l4xx_hal.o
                0x000000000800189a                HAL_Init
 *fill*         0x00000000080018ca        0x2 
 .text.HAL_IncTick
                0x00000000080018cc       0x28 ./Drivers/STM32L4xx_HAL_Driver/Src/stm32l4xx_hal.o
                0x00000000080018cc                HAL_IncTick
 .text.HAL_GetTick
                0x00000000080018f4       0x18 ./Drivers/STM32L4xx_HAL_Driver/Src/stm32l4xx_hal.o
                0x00000000080018f4                HAL_GetTick
 .text.HAL_Delay
                0x000000000800190c       0x48 ./Drivers/STM32L4xx_HAL_Driver/Src/stm32l4xx_hal.o
                0x000000000800190c                HAL_Delay
 .text.HAL_CAN_Init
                0x0000000008001954      0x1f6 ./Drivers/STM32L4xx_HAL_Driver/Src/stm32l4xx_hal_can.o
                0x0000000008001954                HAL_CAN_Init
 .text.HAL_CAN_ConfigFilter
                0x0000000008001b4a      0x194 ./Drivers/STM32L4xx_HAL_Driver/Src/stm32l4xx_hal_can.o
                0x0000000008001b4a                HAL_CAN_ConfigFilter
 .text.HAL_CAN_Start
                0x0000000008001cde       0x88 ./Drivers/STM32L4xx_HAL_Driver/Src/stm32l4xx_hal_can.o
                0x0000000008001cde                HAL_CAN_Start
 .text.HAL_CAN_AddTxMessage
                0x0000000008001d66      0x1a0 ./Drivers/STM32L4xx_HAL_Driver/Src/stm32l4xx_hal_can.o
                0x0000000008001d66                HAL_CAN_AddTxMessage
 .text.HAL_CAN_GetRxMessage
                0x0000000008001f06      0x224 ./Drivers/STM32L4xx_HAL_Driver/Src/stm32l4xx_hal_can.o
                0x0000000008001f06                HAL_CAN_GetRxMessage
 .text.HAL_CAN_ActivateNotification
                0x000000000800212a       0x4c ./Drivers/STM32L4xx_HAL_Driver/Src/stm32l4xx_hal_can.o
                0x000000000800212a                HAL_CAN_ActivateNotification
 .text.HAL_CAN_IRQHandler
                0x0000000008002176      0x36e ./Drivers/STM32L4xx_HAL_Driver/Src/stm32l4xx_hal_can.o
                0x0000000008002176                HAL_CAN_IRQHandler
 .text.HAL_CAN_TxMailbox0CompleteCallback
                0x00000000080024e4       0x14 ./Drivers/STM32L4xx_HAL_Driver/Src/stm32l4xx_hal_can.o
                0x00000000080024e4                HAL_CAN_TxMailbox0CompleteCallback
 .text.HAL_CAN_TxMailbox1CompleteCallback
                0x00000000080024f8       0x14 ./Drivers/STM32L4xx_HAL_Driver/Src/stm32l4xx_hal_can.o
                0x00000000080024f8                HAL_CAN_TxMailbox1CompleteCallback
 .text.HAL_CAN_TxMailbox2CompleteCallback
                0x000000000800250c       0x14 ./Drivers/STM32L4xx_HAL_Driver/Src/stm32l4xx_hal_can.o
                0x000000000800250c                HAL_CAN_TxMailbox2CompleteCallback
 .text.HAL_CAN_TxMailbox0AbortCallback
                0x0000000008002520       0x14 ./Drivers/STM32L4xx_HAL_Driver/Src/stm32l4xx_hal_can.o
                0x0000000008002520                HAL_CAN_TxMailbox0AbortCallback
 .text.HAL_CAN_TxMailbox1AbortCallback
                0x0000000008002534       0x14 ./Drivers/STM32L4xx_HAL_Driver/Src/stm32l4xx_hal_can.o
                0x0000000008002534                HAL_CAN_TxMailbox1AbortCallback
 .text.HAL_CAN_TxMailbox2AbortCallback
                0x0000000008002548       0x14 ./Drivers/STM32L4xx_HAL_Driver/Src/stm32l4xx_hal_can.o
                0x0000000008002548                HAL_CAN_TxMailbox2AbortCallback
 .text.HAL_CAN_RxFifo0FullCallback
                0x000000000800255c       0x14 ./Drivers/STM32L4xx_HAL_Driver/Src/stm32l4xx_hal_can.o
                0x000000000800255c                HAL_CAN_RxFifo0FullCallback
 .text.HAL_CAN_RxFifo1MsgPendingCallback
                0x0000000008002570       0x14 ./Drivers/STM32L4xx_HAL_Driver/Src/stm32l4xx_hal_can.o
                0x0000000008002570                HAL_CAN_RxFifo1MsgPendingCallback
 .text.HAL_CAN_RxFifo1FullCallback
                0x0000000008002584       0x14 ./Drivers/STM32L4xx_HAL_Driver/Src/stm32l4xx_hal_can.o
                0x0000000008002584                HAL_CAN_RxFifo1FullCallback
 .text.HAL_CAN_SleepCallback
                0x0000000008002598       0x14 ./Drivers/STM32L4xx_HAL_Driver/Src/stm32l4xx_hal_can.o
                0x0000000008002598                HAL_CAN_SleepCallback
 .text.HAL_CAN_WakeUpFromRxMsgCallback
                0x00000000080025ac       0x14 ./Drivers/STM32L4xx_HAL_Driver/Src/stm32l4xx_hal_can.o
                0x00000000080025ac                HAL_CAN_WakeUpFromRxMsgCallback
 .text.HAL_CAN_ErrorCallback
                0x00000000080025c0       0x14 ./Drivers/STM32L4xx_HAL_Driver/Src/stm32l4xx_hal_can.o
                0x00000000080025c0                HAL_CAN_ErrorCallback
 .text.__NVIC_SetPriorityGrouping
                0x00000000080025d4       0x48 ./Drivers/STM32L4xx_HAL_Driver/Src/stm32l4xx_hal_cortex.o
 .text.__NVIC_GetPriorityGrouping
                0x000000000800261c       0x1c ./Drivers/STM32L4xx_HAL_Driver/Src/stm32l4xx_hal_cortex.o
 .text.__NVIC_EnableIRQ
                0x0000000008002638       0x3c ./Drivers/STM32L4xx_HAL_Driver/Src/stm32l4xx_hal_cortex.o
 .text.__NVIC_SetPriority
                0x0000000008002674       0x54 ./Drivers/STM32L4xx_HAL_Driver/Src/stm32l4xx_hal_cortex.o
 .text.NVIC_EncodePriority
                0x00000000080026c8       0x66 ./Drivers/STM32L4xx_HAL_Driver/Src/stm32l4xx_hal_cortex.o
 .text.HAL_NVIC_SetPriorityGrouping
                0x000000000800272e       0x16 ./Drivers/STM32L4xx_HAL_Driver/Src/stm32l4xx_hal_cortex.o
                0x000000000800272e                HAL_NVIC_SetPriorityGrouping
 .text.HAL_NVIC_SetPriority
                0x0000000008002744       0x38 ./Drivers/STM32L4xx_HAL_Driver/Src/stm32l4xx_hal_cortex.o
                0x0000000008002744                HAL_NVIC_SetPriority
 .text.HAL_NVIC_EnableIRQ
                0x000000000800277c       0x1c ./Drivers/STM32L4xx_HAL_Driver/Src/stm32l4xx_hal_cortex.o
                0x000000000800277c                HAL_NVIC_EnableIRQ
 .text.HAL_GPIO_Init
                0x0000000008002798      0x324 ./Drivers/STM32L4xx_HAL_Driver/Src/stm32l4xx_hal_gpio.o
                0x0000000008002798                HAL_GPIO_Init
 .text.HAL_GPIO_ReadPin
                0x0000000008002abc       0x30 ./Drivers/STM32L4xx_HAL_Driver/Src/stm32l4xx_hal_gpio.o
                0x0000000008002abc                HAL_GPIO_ReadPin
 .text.HAL_GPIO_WritePin
                0x0000000008002aec       0x30 ./Drivers/STM32L4xx_HAL_Driver/Src/stm32l4xx_hal_gpio.o
                0x0000000008002aec                HAL_GPIO_WritePin
 .text.HAL_GPIO_EXTI_IRQHandler
                0x0000000008002b1c       0x30 ./Drivers/STM32L4xx_HAL_Driver/Src/stm32l4xx_hal_gpio.o
                0x0000000008002b1c                HAL_GPIO_EXTI_IRQHandler
 .text.HAL_PWREx_GetVoltageRange
                0x0000000008002b4c       0x40 ./Drivers/STM32L4xx_HAL_Driver/Src/stm32l4xx_hal_pwr_ex.o
                0x0000000008002b4c                HAL_PWREx_GetVoltageRange
 .text.HAL_PWREx_ControlVoltageScaling
                0x0000000008002b8c      0x148 ./Drivers/STM32L4xx_HAL_Driver/Src/stm32l4xx_hal_pwr_ex.o
                0x0000000008002b8c                HAL_PWREx_ControlVoltageScaling
 .text.HAL_RCC_OscConfig
                0x0000000008002cd4      0x8f8 ./Drivers/STM32L4xx_HAL_Driver/Src/stm32l4xx_hal_rcc.o
                0x0000000008002cd4                HAL_RCC_OscConfig
 .text.HAL_RCC_ClockConfig
                0x00000000080035cc      0x274 ./Drivers/STM32L4xx_HAL_Driver/Src/stm32l4xx_hal_rcc.o
                0x00000000080035cc                HAL_RCC_ClockConfig
 .text.HAL_RCC_GetSysClockFreq
                0x0000000008003840      0x118 ./Drivers/STM32L4xx_HAL_Driver/Src/stm32l4xx_hal_rcc.o
                0x0000000008003840                HAL_RCC_GetSysClockFreq
 .text.HAL_RCC_GetHCLKFreq
                0x0000000008003958       0x18 ./Drivers/STM32L4xx_HAL_Driver/Src/stm32l4xx_hal_rcc.o
                0x0000000008003958                HAL_RCC_GetHCLKFreq
 .text.HAL_RCC_GetPCLK2Freq
                0x0000000008003970       0x2c ./Drivers/STM32L4xx_HAL_Driver/Src/stm32l4xx_hal_rcc.o
                0x0000000008003970                HAL_RCC_GetPCLK2Freq
 .text.HAL_RCC_GetClockConfig
                0x000000000800399c       0x64 ./Drivers/STM32L4xx_HAL_Driver/Src/stm32l4xx_hal_rcc.o
                0x000000000800399c                HAL_RCC_GetClockConfig
 .text.RCC_SetFlashLatencyFromMSIRange
                0x0000000008003a00       0xb4 ./Drivers/STM32L4xx_HAL_Driver/Src/stm32l4xx_hal_rcc.o
 .text.RCC_GetSysClockFreqFromPLLSource
                0x0000000008003ab4       0xcc ./Drivers/STM32L4xx_HAL_Driver/Src/stm32l4xx_hal_rcc.o
 .text.HAL_TIM_Base_Init
                0x0000000008003b80       0xae ./Drivers/STM32L4xx_HAL_Driver/Src/stm32l4xx_hal_tim.o
                0x0000000008003b80                HAL_TIM_Base_Init
 .text.HAL_TIM_Base_MspInit
                0x0000000008003c2e       0x14 ./Drivers/STM32L4xx_HAL_Driver/Src/stm32l4xx_hal_tim.o
                0x0000000008003c2e                HAL_TIM_Base_MspInit
 *fill*         0x0000000008003c42        0x2 
 .text.HAL_TIM_Base_Start_IT
                0x0000000008003c44       0xe0 ./Drivers/STM32L4xx_HAL_Driver/Src/stm32l4xx_hal_tim.o
                0x0000000008003c44                HAL_TIM_Base_Start_IT
 .text.HAL_TIM_IRQHandler
                0x0000000008003d24      0x23e ./Drivers/STM32L4xx_HAL_Driver/Src/stm32l4xx_hal_tim.o
                0x0000000008003d24                HAL_TIM_IRQHandler
 .text.HAL_TIM_OC_DelayElapsedCallback
                0x0000000008003f62       0x14 ./Drivers/STM32L4xx_HAL_Driver/Src/stm32l4xx_hal_tim.o
                0x0000000008003f62                HAL_TIM_OC_DelayElapsedCallback
 .text.HAL_TIM_IC_CaptureCallback
                0x0000000008003f76       0x14 ./Drivers/STM32L4xx_HAL_Driver/Src/stm32l4xx_hal_tim.o
                0x0000000008003f76                HAL_TIM_IC_CaptureCallback
 .text.HAL_TIM_PWM_PulseFinishedCallback
                0x0000000008003f8a       0x14 ./Drivers/STM32L4xx_HAL_Driver/Src/stm32l4xx_hal_tim.o
                0x0000000008003f8a                HAL_TIM_PWM_PulseFinishedCallback
 .text.HAL_TIM_TriggerCallback
                0x0000000008003f9e       0x14 ./Drivers/STM32L4xx_HAL_Driver/Src/stm32l4xx_hal_tim.o
                0x0000000008003f9e                HAL_TIM_TriggerCallback
 *fill*         0x0000000008003fb2        0x2 
 .text.TIM_Base_SetConfig
                0x0000000008003fb4      0x134 ./Drivers/STM32L4xx_HAL_Driver/Src/stm32l4xx_hal_tim.o
                0x0000000008003fb4                TIM_Base_SetConfig
 .text.HAL_TIMEx_CommutCallback
                0x00000000080040e8       0x14 ./Drivers/STM32L4xx_HAL_Driver/Src/stm32l4xx_hal_tim_ex.o
                0x00000000080040e8                HAL_TIMEx_CommutCallback
 .text.HAL_TIMEx_BreakCallback
                0x00000000080040fc       0x14 ./Drivers/STM32L4xx_HAL_Driver/Src/stm32l4xx_hal_tim_ex.o
                0x00000000080040fc                HAL_TIMEx_BreakCallback
 .text.HAL_TIMEx_Break2Callback
                0x0000000008004110       0x14 ./Drivers/STM32L4xx_HAL_Driver/Src/stm32l4xx_hal_tim_ex.o
                0x0000000008004110                HAL_TIMEx_Break2Callback
 .text._ZdlPvj  0x0000000008004124        0x4 d:/stm32cubeide_1.9.0/stm32cubeide/plugins/com.st.stm32cube.ide.mcu.externaltools.gnu-tools-for-stm32.10.3-2021.10.win32_1.0.100.202210260954/tools/bin/../lib/gcc/arm-none-eabi/10.3.1/../../../../arm-none-eabi/lib/thumb/v7e-m+fp/hard\libstdc++_nano.a(del_ops.o)
                0x0000000008004124                operator delete(void*, unsigned int)
 .text._ZdlPv   0x0000000008004128        0x4 d:/stm32cubeide_1.9.0/stm32cubeide/plugins/com.st.stm32cube.ide.mcu.externaltools.gnu-tools-for-stm32.10.3-2021.10.win32_1.0.100.202210260954/tools/bin/../lib/gcc/arm-none-eabi/10.3.1/../../../../arm-none-eabi/lib/thumb/v7e-m+fp/hard\libstdc++_nano.a(del_op.o)
                0x0000000008004128                operator delete(void*)
 .text.__assert_func
                0x000000000800412c       0x3c d:/stm32cubeide_1.9.0/stm32cubeide/plugins/com.st.stm32cube.ide.mcu.externaltools.gnu-tools-for-stm32.10.3-2021.10.win32_1.0.100.202210260954/tools/bin/../lib/gcc/arm-none-eabi/10.3.1/../../../../arm-none-eabi/lib/thumb/v7e-m+fp/hard\libc_nano.a(lib_a-assert.o)
                0x000000000800412c                __assert_func
 .text.__errno  0x0000000008004168        0xc d:/stm32cubeide_1.9.0/stm32cubeide/plugins/com.st.stm32cube.ide.mcu.externaltools.gnu-tools-for-stm32.10.3-2021.10.win32_1.0.100.202210260954/tools/bin/../lib/gcc/arm-none-eabi/10.3.1/../../../../arm-none-eabi/lib/thumb/v7e-m+fp/hard\libc_nano.a(lib_a-errno.o)
                0x0000000008004168                __errno
 .text.fprintf  0x0000000008004174       0x24 d:/stm32cubeide_1.9.0/stm32cubeide/plugins/com.st.stm32cube.ide.mcu.externaltools.gnu-tools-for-stm32.10.3-2021.10.win32_1.0.100.202210260954/tools/bin/../lib/gcc/arm-none-eabi/10.3.1/../../../../arm-none-eabi/lib/thumb/v7e-m+fp/hard\libc_nano.a(lib_a-fprintf.o)
                0x0000000008004174                fiprintf
                0x0000000008004174                fprintf
 .text.__libc_init_array
                0x0000000008004198       0x48 d:/stm32cubeide_1.9.0/stm32cubeide/plugins/com.st.stm32cube.ide.mcu.externaltools.gnu-tools-for-stm32.10.3-2021.10.win32_1.0.100.202210260954/tools/bin/../lib/gcc/arm-none-eabi/10.3.1/../../../../arm-none-eabi/lib/thumb/v7e-m+fp/hard\libc_nano.a(lib_a-init.o)
                0x0000000008004198                __libc_init_array
 .text.free     0x00000000080041e0       0x10 d:/stm32cubeide_1.9.0/stm32cubeide/plugins/com.st.stm32cube.ide.mcu.externaltools.gnu-tools-for-stm32.10.3-2021.10.win32_1.0.100.202210260954/tools/bin/../lib/gcc/arm-none-eabi/10.3.1/../../../../arm-none-eabi/lib/thumb/v7e-m+fp/hard\libc_nano.a(lib_a-malloc.o)
                0x00000000080041e0                free
 .text.memset   0x00000000080041f0       0x10 d:/stm32cubeide_1.9.0/stm32cubeide/plugins/com.st.stm32cube.ide.mcu.externaltools.gnu-tools-for-stm32.10.3-2021.10.win32_1.0.100.202210260954/tools/bin/../lib/gcc/arm-none-eabi/10.3.1/../../../../arm-none-eabi/lib/thumb/v7e-m+fp/hard\libc_nano.a(lib_a-memset.o)
                0x00000000080041f0                memset
 .text._free_r  0x0000000008004200       0x98 d:/stm32cubeide_1.9.0/stm32cubeide/plugins/com.st.stm32cube.ide.mcu.externaltools.gnu-tools-for-stm32.10.3-2021.10.win32_1.0.100.202210260954/tools/bin/../lib/gcc/arm-none-eabi/10.3.1/../../../../arm-none-eabi/lib/thumb/v7e-m+fp/hard\libc_nano.a(lib_a-nano-freer.o)
                0x0000000008004200                _free_r
 .text.sbrk_aligned
                0x0000000008004298       0x40 d:/stm32cubeide_1.9.0/stm32cubeide/plugins/com.st.stm32cube.ide.mcu.externaltools.gnu-tools-for-stm32.10.3-2021.10.win32_1.0.100.202210260954/tools/bin/../lib/gcc/arm-none-eabi/10.3.1/../../../../arm-none-eabi/lib/thumb/v7e-m+fp/hard\libc_nano.a(lib_a-nano-mallocr.o)
 .text._malloc_r
                0x00000000080042d8       0xe8 d:/stm32cubeide_1.9.0/stm32cubeide/plugins/com.st.stm32cube.ide.mcu.externaltools.gnu-tools-for-stm32.10.3-2021.10.win32_1.0.100.202210260954/tools/bin/../lib/gcc/arm-none-eabi/10.3.1/../../../../arm-none-eabi/lib/thumb/v7e-m+fp/hard\libc_nano.a(lib_a-nano-mallocr.o)
                0x00000000080042d8                _malloc_r
 .text.__sfputc_r
                0x00000000080043c0       0x2e d:/stm32cubeide_1.9.0/stm32cubeide/plugins/com.st.stm32cube.ide.mcu.externaltools.gnu-tools-for-stm32.10.3-2021.10.win32_1.0.100.202210260954/tools/bin/../lib/gcc/arm-none-eabi/10.3.1/../../../../arm-none-eabi/lib/thumb/v7e-m+fp/hard\libc_nano.a(lib_a-nano-vfprintf.o)
 .text.__sfputs_r
                0x00000000080043ee       0x24 d:/stm32cubeide_1.9.0/stm32cubeide/plugins/com.st.stm32cube.ide.mcu.externaltools.gnu-tools-for-stm32.10.3-2021.10.win32_1.0.100.202210260954/tools/bin/../lib/gcc/arm-none-eabi/10.3.1/../../../../arm-none-eabi/lib/thumb/v7e-m+fp/hard\libc_nano.a(lib_a-nano-vfprintf.o)
                0x00000000080043ee                __sfputs_r
 *fill*         0x0000000008004412        0x2 
 .text._vfprintf_r
                0x0000000008004414      0x260 d:/stm32cubeide_1.9.0/stm32cubeide/plugins/com.st.stm32cube.ide.mcu.externaltools.gnu-tools-for-stm32.10.3-2021.10.win32_1.0.100.202210260954/tools/bin/../lib/gcc/arm-none-eabi/10.3.1/../../../../arm-none-eabi/lib/thumb/v7e-m+fp/hard\libc_nano.a(lib_a-nano-vfprintf.o)
                0x0000000008004414                _vfprintf_r
                0x0000000008004414                _vfiprintf_r
 .text._printf_common
                0x0000000008004674       0xda d:/stm32cubeide_1.9.0/stm32cubeide/plugins/com.st.stm32cube.ide.mcu.externaltools.gnu-tools-for-stm32.10.3-2021.10.win32_1.0.100.202210260954/tools/bin/../lib/gcc/arm-none-eabi/10.3.1/../../../../arm-none-eabi/lib/thumb/v7e-m+fp/hard\libc_nano.a(lib_a-nano-vfprintf_i.o)
                0x0000000008004674                _printf_common
 *fill*         0x000000000800474e        0x2 
 .text._printf_i
                0x0000000008004750      0x24c d:/stm32cubeide_1.9.0/stm32cubeide/plugins/com.st.stm32cube.ide.mcu.externaltools.gnu-tools-for-stm32.10.3-2021.10.win32_1.0.100.202210260954/tools/bin/../lib/gcc/arm-none-eabi/10.3.1/../../../../arm-none-eabi/lib/thumb/v7e-m+fp/hard\libc_nano.a(lib_a-nano-vfprintf_i.o)
                0x0000000008004750                _printf_i
 .text._sbrk_r  0x000000000800499c       0x20 d:/stm32cubeide_1.9.0/stm32cubeide/plugins/com.st.stm32cube.ide.mcu.externaltools.gnu-tools-for-stm32.10.3-2021.10.win32_1.0.100.202210260954/tools/bin/../lib/gcc/arm-none-eabi/10.3.1/../../../../arm-none-eabi/lib/thumb/v7e-m+fp/hard\libc_nano.a(lib_a-sbrkr.o)
                0x000000000800499c                _sbrk_r
 .text.__swbuf_r
                0x00000000080049bc       0xa4 d:/stm32cubeide_1.9.0/stm32cubeide/plugins/com.st.stm32cube.ide.mcu.externaltools.gnu-tools-for-stm32.10.3-2021.10.win32_1.0.100.202210260954/tools/bin/../lib/gcc/arm-none-eabi/10.3.1/../../../../arm-none-eabi/lib/thumb/v7e-m+fp/hard\libc_nano.a(lib_a-wbuf.o)
                0x00000000080049bc                __swbuf_r
 .text.__swsetup_r
                0x0000000008004a60       0xdc d:/stm32cubeide_1.9.0/stm32cubeide/plugins/com.st.stm32cube.ide.mcu.externaltools.gnu-tools-for-stm32.10.3-2021.10.win32_1.0.100.202210260954/tools/bin/../lib/gcc/arm-none-eabi/10.3.1/../../../../arm-none-eabi/lib/thumb/v7e-m+fp/hard\libc_nano.a(lib_a-wsetup.o)
                0x0000000008004a60                __swsetup_r
 .text.abort    0x0000000008004b3c        0xe d:/stm32cubeide_1.9.0/stm32cubeide/plugins/com.st.stm32cube.ide.mcu.externaltools.gnu-tools-for-stm32.10.3-2021.10.win32_1.0.100.202210260954/tools/bin/../lib/gcc/arm-none-eabi/10.3.1/../../../../arm-none-eabi/lib/thumb/v7e-m+fp/hard\libc_nano.a(lib_a-abort.o)
                0x0000000008004b3c                abort
 *fill*         0x0000000008004b4a        0x2 
 .text.__sflush_r
                0x0000000008004b4c      0x10c d:/stm32cubeide_1.9.0/stm32cubeide/plugins/com.st.stm32cube.ide.mcu.externaltools.gnu-tools-for-stm32.10.3-2021.10.win32_1.0.100.202210260954/tools/bin/../lib/gcc/arm-none-eabi/10.3.1/../../../../arm-none-eabi/lib/thumb/v7e-m+fp/hard\libc_nano.a(lib_a-fflush.o)
                0x0000000008004b4c                __sflush_r
 .text._fflush_r
                0x0000000008004c58       0x78 d:/stm32cubeide_1.9.0/stm32cubeide/plugins/com.st.stm32cube.ide.mcu.externaltools.gnu-tools-for-stm32.10.3-2021.10.win32_1.0.100.202210260954/tools/bin/../lib/gcc/arm-none-eabi/10.3.1/../../../../arm-none-eabi/lib/thumb/v7e-m+fp/hard\libc_nano.a(lib_a-fflush.o)
                0x0000000008004c58                _fflush_r
 .text.std      0x0000000008004cd0       0x48 d:/stm32cubeide_1.9.0/stm32cubeide/plugins/com.st.stm32cube.ide.mcu.externaltools.gnu-tools-for-stm32.10.3-2021.10.win32_1.0.100.202210260954/tools/bin/../lib/gcc/arm-none-eabi/10.3.1/../../../../arm-none-eabi/lib/thumb/v7e-m+fp/hard\libc_nano.a(lib_a-findfp.o)
 .text._cleanup_r
                0x0000000008004d18        0xc d:/stm32cubeide_1.9.0/stm32cubeide/plugins/com.st.stm32cube.ide.mcu.externaltools.gnu-tools-for-stm32.10.3-2021.10.win32_1.0.100.202210260954/tools/bin/../lib/gcc/arm-none-eabi/10.3.1/../../../../arm-none-eabi/lib/thumb/v7e-m+fp/hard\libc_nano.a(lib_a-findfp.o)
                0x0000000008004d18                _cleanup_r
 .text.__sfmoreglue
                0x0000000008004d24       0x2c d:/stm32cubeide_1.9.0/stm32cubeide/plugins/com.st.stm32cube.ide.mcu.externaltools.gnu-tools-for-stm32.10.3-2021.10.win32_1.0.100.202210260954/tools/bin/../lib/gcc/arm-none-eabi/10.3.1/../../../../arm-none-eabi/lib/thumb/v7e-m+fp/hard\libc_nano.a(lib_a-findfp.o)
                0x0000000008004d24                __sfmoreglue
 .text.__sfp_lock_acquire
                0x0000000008004d50        0xc d:/stm32cubeide_1.9.0/stm32cubeide/plugins/com.st.stm32cube.ide.mcu.externaltools.gnu-tools-for-stm32.10.3-2021.10.win32_1.0.100.202210260954/tools/bin/../lib/gcc/arm-none-eabi/10.3.1/../../../../arm-none-eabi/lib/thumb/v7e-m+fp/hard\libc_nano.a(lib_a-findfp.o)
                0x0000000008004d50                __sfp_lock_acquire
 .text.__sfp_lock_release
                0x0000000008004d5c        0xc d:/stm32cubeide_1.9.0/stm32cubeide/plugins/com.st.stm32cube.ide.mcu.externaltools.gnu-tools-for-stm32.10.3-2021.10.win32_1.0.100.202210260954/tools/bin/../lib/gcc/arm-none-eabi/10.3.1/../../../../arm-none-eabi/lib/thumb/v7e-m+fp/hard\libc_nano.a(lib_a-findfp.o)
                0x0000000008004d5c                __sfp_lock_release
 .text.__sinit_lock_acquire
                0x0000000008004d68        0xc d:/stm32cubeide_1.9.0/stm32cubeide/plugins/com.st.stm32cube.ide.mcu.externaltools.gnu-tools-for-stm32.10.3-2021.10.win32_1.0.100.202210260954/tools/bin/../lib/gcc/arm-none-eabi/10.3.1/../../../../arm-none-eabi/lib/thumb/v7e-m+fp/hard\libc_nano.a(lib_a-findfp.o)
                0x0000000008004d68                __sinit_lock_acquire
 .text.__sinit_lock_release
                0x0000000008004d74        0xc d:/stm32cubeide_1.9.0/stm32cubeide/plugins/com.st.stm32cube.ide.mcu.externaltools.gnu-tools-for-stm32.10.3-2021.10.win32_1.0.100.202210260954/tools/bin/../lib/gcc/arm-none-eabi/10.3.1/../../../../arm-none-eabi/lib/thumb/v7e-m+fp/hard\libc_nano.a(lib_a-findfp.o)
                0x0000000008004d74                __sinit_lock_release
 .text.__sinit  0x0000000008004d80       0x70 d:/stm32cubeide_1.9.0/stm32cubeide/plugins/com.st.stm32cube.ide.mcu.externaltools.gnu-tools-for-stm32.10.3-2021.10.win32_1.0.100.202210260954/tools/bin/../lib/gcc/arm-none-eabi/10.3.1/../../../../arm-none-eabi/lib/thumb/v7e-m+fp/hard\libc_nano.a(lib_a-findfp.o)
                0x0000000008004d80                __sinit
 .text.__sfp    0x0000000008004df0       0x8c d:/stm32cubeide_1.9.0/stm32cubeide/plugins/com.st.stm32cube.ide.mcu.externaltools.gnu-tools-for-stm32.10.3-2021.10.win32_1.0.100.202210260954/tools/bin/../lib/gcc/arm-none-eabi/10.3.1/../../../../arm-none-eabi/lib/thumb/v7e-m+fp/hard\libc_nano.a(lib_a-findfp.o)
                0x0000000008004df0                __sfp
 .text._fwalk_reent
                0x0000000008004e7c       0x3e d:/stm32cubeide_1.9.0/stm32cubeide/plugins/com.st.stm32cube.ide.mcu.externaltools.gnu-tools-for-stm32.10.3-2021.10.win32_1.0.100.202210260954/tools/bin/../lib/gcc/arm-none-eabi/10.3.1/../../../../arm-none-eabi/lib/thumb/v7e-m+fp/hard\libc_nano.a(lib_a-fwalk.o)
                0x0000000008004e7c                _fwalk_reent
 .text.__retarget_lock_init_recursive
                0x0000000008004eba        0x2 d:/stm32cubeide_1.9.0/stm32cubeide/plugins/com.st.stm32cube.ide.mcu.externaltools.gnu-tools-for-stm32.10.3-2021.10.win32_1.0.100.202210260954/tools/bin/../lib/gcc/arm-none-eabi/10.3.1/../../../../arm-none-eabi/lib/thumb/v7e-m+fp/hard\libc_nano.a(lib_a-lock.o)
                0x0000000008004eba                __retarget_lock_init_recursive
 .text.__retarget_lock_acquire_recursive
                0x0000000008004ebc        0x2 d:/stm32cubeide_1.9.0/stm32cubeide/plugins/com.st.stm32cube.ide.mcu.externaltools.gnu-tools-for-stm32.10.3-2021.10.win32_1.0.100.202210260954/tools/bin/../lib/gcc/arm-none-eabi/10.3.1/../../../../arm-none-eabi/lib/thumb/v7e-m+fp/hard\libc_nano.a(lib_a-lock.o)
                0x0000000008004ebc                __retarget_lock_acquire_recursive
 .text.__retarget_lock_release_recursive
                0x0000000008004ebe        0x2 d:/stm32cubeide_1.9.0/stm32cubeide/plugins/com.st.stm32cube.ide.mcu.externaltools.gnu-tools-for-stm32.10.3-2021.10.win32_1.0.100.202210260954/tools/bin/../lib/gcc/arm-none-eabi/10.3.1/../../../../arm-none-eabi/lib/thumb/v7e-m+fp/hard\libc_nano.a(lib_a-lock.o)
                0x0000000008004ebe                __retarget_lock_release_recursive
 .text.__swhatbuf_r
                0x0000000008004ec0       0x4a d:/stm32cubeide_1.9.0/stm32cubeide/plugins/com.st.stm32cube.ide.mcu.externaltools.gnu-tools-for-stm32.10.3-2021.10.win32_1.0.100.202210260954/tools/bin/../lib/gcc/arm-none-eabi/10.3.1/../../../../arm-none-eabi/lib/thumb/v7e-m+fp/hard\libc_nano.a(lib_a-makebuf.o)
                0x0000000008004ec0                __swhatbuf_r
 *fill*         0x0000000008004f0a        0x2 
 .text.__smakebuf_r
                0x0000000008004f0c       0x80 d:/stm32cubeide_1.9.0/stm32cubeide/plugins/com.st.stm32cube.ide.mcu.externaltools.gnu-tools-for-stm32.10.3-2021.10.win32_1.0.100.202210260954/tools/bin/../lib/gcc/arm-none-eabi/10.3.1/../../../../arm-none-eabi/lib/thumb/v7e-m+fp/hard\libc_nano.a(lib_a-makebuf.o)
                0x0000000008004f0c                __smakebuf_r
 .text.__malloc_lock
                0x0000000008004f8c        0xc d:/stm32cubeide_1.9.0/stm32cubeide/plugins/com.st.stm32cube.ide.mcu.externaltools.gnu-tools-for-stm32.10.3-2021.10.win32_1.0.100.202210260954/tools/bin/../lib/gcc/arm-none-eabi/10.3.1/../../../../arm-none-eabi/lib/thumb/v7e-m+fp/hard\libc_nano.a(lib_a-mlock.o)
                0x0000000008004f8c                __malloc_lock
 .text.__malloc_unlock
                0x0000000008004f98        0xc d:/stm32cubeide_1.9.0/stm32cubeide/plugins/com.st.stm32cube.ide.mcu.externaltools.gnu-tools-for-stm32.10.3-2021.10.win32_1.0.100.202210260954/tools/bin/../lib/gcc/arm-none-eabi/10.3.1/../../../../arm-none-eabi/lib/thumb/v7e-m+fp/hard\libc_nano.a(lib_a-mlock.o)
                0x0000000008004f98                __malloc_unlock
 .text._raise_r
                0x0000000008004fa4       0x50 d:/stm32cubeide_1.9.0/stm32cubeide/plugins/com.st.stm32cube.ide.mcu.externaltools.gnu-tools-for-stm32.10.3-2021.10.win32_1.0.100.202210260954/tools/bin/../lib/gcc/arm-none-eabi/10.3.1/../../../../arm-none-eabi/lib/thumb/v7e-m+fp/hard\libc_nano.a(lib_a-signal.o)
                0x0000000008004fa4                _raise_r
 .text.raise    0x0000000008004ff4       0x10 d:/stm32cubeide_1.9.0/stm32cubeide/plugins/com.st.stm32cube.ide.mcu.externaltools.gnu-tools-for-stm32.10.3-2021.10.win32_1.0.100.202210260954/tools/bin/../lib/gcc/arm-none-eabi/10.3.1/../../../../arm-none-eabi/lib/thumb/v7e-m+fp/hard\libc_nano.a(lib_a-signal.o)
                0x0000000008004ff4                raise
 .text._kill_r  0x0000000008005004       0x24 d:/stm32cubeide_1.9.0/stm32cubeide/plugins/com.st.stm32cube.ide.mcu.externaltools.gnu-tools-for-stm32.10.3-2021.10.win32_1.0.100.202210260954/tools/bin/../lib/gcc/arm-none-eabi/10.3.1/../../../../arm-none-eabi/lib/thumb/v7e-m+fp/hard\libc_nano.a(lib_a-signalr.o)
                0x0000000008005004                _kill_r
 .text._getpid_r
                0x0000000008005028        0x4 d:/stm32cubeide_1.9.0/stm32cubeide/plugins/com.st.stm32cube.ide.mcu.externaltools.gnu-tools-for-stm32.10.3-2021.10.win32_1.0.100.202210260954/tools/bin/../lib/gcc/arm-none-eabi/10.3.1/../../../../arm-none-eabi/lib/thumb/v7e-m+fp/hard\libc_nano.a(lib_a-signalr.o)
                0x0000000008005028                _getpid_r
 .text.__sread  0x000000000800502c       0x22 d:/stm32cubeide_1.9.0/stm32cubeide/plugins/com.st.stm32cube.ide.mcu.externaltools.gnu-tools-for-stm32.10.3-2021.10.win32_1.0.100.202210260954/tools/bin/../lib/gcc/arm-none-eabi/10.3.1/../../../../arm-none-eabi/lib/thumb/v7e-m+fp/hard\libc_nano.a(lib_a-stdio.o)
                0x000000000800502c                __sread
 .text.__swrite
                0x000000000800504e       0x38 d:/stm32cubeide_1.9.0/stm32cubeide/plugins/com.st.stm32cube.ide.mcu.externaltools.gnu-tools-for-stm32.10.3-2021.10.win32_1.0.100.202210260954/tools/bin/../lib/gcc/arm-none-eabi/10.3.1/../../../../arm-none-eabi/lib/thumb/v7e-m+fp/hard\libc_nano.a(lib_a-stdio.o)
                0x000000000800504e                __swrite
 .text.__sseek  0x0000000008005086       0x24 d:/stm32cubeide_1.9.0/stm32cubeide/plugins/com.st.stm32cube.ide.mcu.externaltools.gnu-tools-for-stm32.10.3-2021.10.win32_1.0.100.202210260954/tools/bin/../lib/gcc/arm-none-eabi/10.3.1/../../../../arm-none-eabi/lib/thumb/v7e-m+fp/hard\libc_nano.a(lib_a-stdio.o)
                0x0000000008005086                __sseek
 .text.__sclose
                0x00000000080050aa        0x8 d:/stm32cubeide_1.9.0/stm32cubeide/plugins/com.st.stm32cube.ide.mcu.externaltools.gnu-tools-for-stm32.10.3-2021.10.win32_1.0.100.202210260954/tools/bin/../lib/gcc/arm-none-eabi/10.3.1/../../../../arm-none-eabi/lib/thumb/v7e-m+fp/hard\libc_nano.a(lib_a-stdio.o)
                0x00000000080050aa                __sclose
 *fill*         0x00000000080050b2        0x2 
 .text._write_r
                0x00000000080050b4       0x24 d:/stm32cubeide_1.9.0/stm32cubeide/plugins/com.st.stm32cube.ide.mcu.externaltools.gnu-tools-for-stm32.10.3-2021.10.win32_1.0.100.202210260954/tools/bin/../lib/gcc/arm-none-eabi/10.3.1/../../../../arm-none-eabi/lib/thumb/v7e-m+fp/hard\libc_nano.a(lib_a-writer.o)
                0x00000000080050b4                _write_r
 .text._close_r
                0x00000000080050d8       0x20 d:/stm32cubeide_1.9.0/stm32cubeide/plugins/com.st.stm32cube.ide.mcu.externaltools.gnu-tools-for-stm32.10.3-2021.10.win32_1.0.100.202210260954/tools/bin/../lib/gcc/arm-none-eabi/10.3.1/../../../../arm-none-eabi/lib/thumb/v7e-m+fp/hard\libc_nano.a(lib_a-closer.o)
                0x00000000080050d8                _close_r
 .text._fstat_r
                0x00000000080050f8       0x24 d:/stm32cubeide_1.9.0/stm32cubeide/plugins/com.st.stm32cube.ide.mcu.externaltools.gnu-tools-for-stm32.10.3-2021.10.win32_1.0.100.202210260954/tools/bin/../lib/gcc/arm-none-eabi/10.3.1/../../../../arm-none-eabi/lib/thumb/v7e-m+fp/hard\libc_nano.a(lib_a-fstatr.o)
                0x00000000080050f8                _fstat_r
 .text._isatty_r
                0x000000000800511c       0x20 d:/stm32cubeide_1.9.0/stm32cubeide/plugins/com.st.stm32cube.ide.mcu.externaltools.gnu-tools-for-stm32.10.3-2021.10.win32_1.0.100.202210260954/tools/bin/../lib/gcc/arm-none-eabi/10.3.1/../../../../arm-none-eabi/lib/thumb/v7e-m+fp/hard\libc_nano.a(lib_a-isattyr.o)
                0x000000000800511c                _isatty_r
 .text._lseek_r
                0x000000000800513c       0x24 d:/stm32cubeide_1.9.0/stm32cubeide/plugins/com.st.stm32cube.ide.mcu.externaltools.gnu-tools-for-stm32.10.3-2021.10.win32_1.0.100.202210260954/tools/bin/../lib/gcc/arm-none-eabi/10.3.1/../../../../arm-none-eabi/lib/thumb/v7e-m+fp/hard\libc_nano.a(lib_a-lseekr.o)
                0x000000000800513c                _lseek_r
 .text._read_r  0x0000000008005160       0x24 d:/stm32cubeide_1.9.0/stm32cubeide/plugins/com.st.stm32cube.ide.mcu.externaltools.gnu-tools-for-stm32.10.3-2021.10.win32_1.0.100.202210260954/tools/bin/../lib/gcc/arm-none-eabi/10.3.1/../../../../arm-none-eabi/lib/thumb/v7e-m+fp/hard\libc_nano.a(lib_a-readr.o)
                0x0000000008005160                _read_r
 *(.glue_7)
 .glue_7        0x0000000008005184        0x0 linker stubs
 *(.glue_7t)
 .glue_7t       0x0000000008005184        0x0 linker stubs
 *(.eh_frame)
 .eh_frame      0x0000000008005184        0x0 d:/stm32cubeide_1.9.0/stm32cubeide/plugins/com.st.stm32cube.ide.mcu.externaltools.gnu-tools-for-stm32.10.3-2021.10.win32_1.0.100.202210260954/tools/bin/../lib/gcc/arm-none-eabi/10.3.1/thumb/v7e-m+fp/hard/crtbegin.o
 *(.init)
 .init          0x0000000008005184        0x4 d:/stm32cubeide_1.9.0/stm32cubeide/plugins/com.st.stm32cube.ide.mcu.externaltools.gnu-tools-for-stm32.10.3-2021.10.win32_1.0.100.202210260954/tools/bin/../lib/gcc/arm-none-eabi/10.3.1/thumb/v7e-m+fp/hard/crti.o
                0x0000000008005184                _init
 .init          0x0000000008005188        0x8 d:/stm32cubeide_1.9.0/stm32cubeide/plugins/com.st.stm32cube.ide.mcu.externaltools.gnu-tools-for-stm32.10.3-2021.10.win32_1.0.100.202210260954/tools/bin/../lib/gcc/arm-none-eabi/10.3.1/thumb/v7e-m+fp/hard/crtn.o
 *(.fini)
 .fini          0x0000000008005190        0x4 d:/stm32cubeide_1.9.0/stm32cubeide/plugins/com.st.stm32cube.ide.mcu.externaltools.gnu-tools-for-stm32.10.3-2021.10.win32_1.0.100.202210260954/tools/bin/../lib/gcc/arm-none-eabi/10.3.1/thumb/v7e-m+fp/hard/crti.o
                0x0000000008005190                _fini
 .fini          0x0000000008005194        0x8 d:/stm32cubeide_1.9.0/stm32cubeide/plugins/com.st.stm32cube.ide.mcu.externaltools.gnu-tools-for-stm32.10.3-2021.10.win32_1.0.100.202210260954/tools/bin/../lib/gcc/arm-none-eabi/10.3.1/thumb/v7e-m+fp/hard/crtn.o
                0x000000000800519c                . = ALIGN (0x4)
                0x000000000800519c                _etext = .

.vfp11_veneer   0x000000000800519c        0x0
 .vfp11_veneer  0x000000000800519c        0x0 linker stubs

.v4_bx          0x000000000800519c        0x0
 .v4_bx         0x000000000800519c        0x0 linker stubs

.iplt           0x000000000800519c        0x0
 .iplt          0x000000000800519c        0x0 d:/stm32cubeide_1.9.0/stm32cubeide/plugins/com.st.stm32cube.ide.mcu.externaltools.gnu-tools-for-stm32.10.3-2021.10.win32_1.0.100.202210260954/tools/bin/../lib/gcc/arm-none-eabi/10.3.1/thumb/v7e-m+fp/hard/crtbegin.o

.rodata         0x000000000800519c      0x550
                0x000000000800519c                . = ALIGN (0x4)
 *(.rodata)
 *(.rodata*)
 .rodata._ZTV11GpioElement
                0x000000000800519c       0x14 ./Core/Src/gpioElements.o
                0x000000000800519c                vtable for GpioElement
 .rodata._ZTV14GpioOutElement
                0x00000000080051b0       0x14 ./Core/Src/gpioElements.o
                0x00000000080051b0                vtable for GpioOutElement
 .rodata._ZTV13GpioInElement
                0x00000000080051c4       0x14 ./Core/Src/gpioElements.o
                0x00000000080051c4                vtable for GpioInElement
 .rodata._ZN3etl5ipool8allocateINS_5ilistIjE11data_node_tEEEPT_v.str1.4
                0x00000000080051d8       0x8e ./Core/Src/main.o
 *fill*         0x0000000008005266        0x2 
 .rodata.main.str1.4
                0x0000000008005268      0x131 ./Core/Src/main.o
 *fill*         0x0000000008005399        0x3 
 .rodata._ZTVN8PUTM_CAN6DeviceINS_9Apps_mainEEE
                0x000000000800539c        0xc ./Core/Src/main.o
                0x000000000800539c                vtable for PUTM_CAN::Device<PUTM_CAN::Apps_main>
 .rodata._ZTVN8PUTM_CAN6DeviceINS_7AQ_mainEEE
                0x00000000080053a8        0xc ./Core/Src/main.o
                0x00000000080053a8                vtable for PUTM_CAN::Device<PUTM_CAN::AQ_main>
 .rodata._ZTVN8PUTM_CAN6DeviceINS_15AQ_accelerationEEE
                0x00000000080053b4        0xc ./Core/Src/main.o
                0x00000000080053b4                vtable for PUTM_CAN::Device<PUTM_CAN::AQ_acceleration>
 .rodata._ZTVN8PUTM_CAN6DeviceINS_12AQ_gyroscopeEEE
                0x00000000080053c0        0xc ./Core/Src/main.o
                0x00000000080053c0                vtable for PUTM_CAN::Device<PUTM_CAN::AQ_gyroscope>
 .rodata._ZTVN8PUTM_CAN6DeviceINS_12AQ_ts_buttonEEE
                0x00000000080053cc        0xc ./Core/Src/main.o
                0x00000000080053cc                vtable for PUTM_CAN::Device<PUTM_CAN::AQ_ts_button>
 .rodata._ZTVN8PUTM_CAN6DeviceINS_11BMS_HV_mainEEE
                0x00000000080053d8        0xc ./Core/Src/main.o
                0x00000000080053d8                vtable for PUTM_CAN::Device<PUTM_CAN::BMS_HV_main>
 .rodata._ZTVN8PUTM_CAN6DeviceINS_11BMS_LV_mainEEE
                0x00000000080053e4        0xc ./Core/Src/main.o
                0x00000000080053e4                vtable for PUTM_CAN::Device<PUTM_CAN::BMS_LV_main>
 .rodata._ZTVN8PUTM_CAN6DeviceINS_18BMS_LV_temperatureEEE
                0x00000000080053f0        0xc ./Core/Src/main.o
                0x00000000080053f0                vtable for PUTM_CAN::Device<PUTM_CAN::BMS_LV_temperature>
 .rodata._ZTVN8PUTM_CAN6DeviceINS_9Dash_MainEEE
                0x00000000080053fc        0xc ./Core/Src/main.o
                0x00000000080053fc                vtable for PUTM_CAN::Device<PUTM_CAN::Dash_Main>
 .rodata._ZTVN8PUTM_CAN6DeviceINS_8Dash_TCSEEE
                0x0000000008005408        0xc ./Core/Src/main.o
                0x0000000008005408                vtable for PUTM_CAN::Device<PUTM_CAN::Dash_TCS>
 .rodata._ZTVN8PUTM_CAN6DeviceINS_26Dash_Smart_Fuses_FAN_speedEEE
                0x0000000008005414        0xc ./Core/Src/main.o
                0x0000000008005414                vtable for PUTM_CAN::Device<PUTM_CAN::Dash_Smart_Fuses_FAN_speed>
 .rodata._ZTVN8PUTM_CAN6DeviceINS_27Dash_steering_wheel_requestEEE
                0x0000000008005420        0xc ./Core/Src/main.o
                0x0000000008005420                vtable for PUTM_CAN::Device<PUTM_CAN::Dash_steering_wheel_request>
 .rodata._ZTVN8PUTM_CAN6DeviceINS_17Dash_lap_finishedEEE
                0x000000000800542c        0xc ./Core/Src/main.o
                0x000000000800542c                vtable for PUTM_CAN::Device<PUTM_CAN::Dash_lap_finished>
 .rodata._ZTVN8PUTM_CAN6DeviceINS_25Dash_steering_wheel_angleEEE
                0x0000000008005438        0xc ./Core/Src/main.o
                0x0000000008005438                vtable for PUTM_CAN::Device<PUTM_CAN::Dash_steering_wheel_angle>
 .rodata._ZTVN8PUTM_CAN6DeviceINS_6DV_AssEEE
                0x0000000008005444        0xc ./Core/Src/main.o
                0x0000000008005444                vtable for PUTM_CAN::Device<PUTM_CAN::DV_Ass>
 .rodata._ZTVN8PUTM_CAN6DeviceINS_14Lap_timer_MainEEE
                0x0000000008005450        0xc ./Core/Src/main.o
                0x0000000008005450                vtable for PUTM_CAN::Device<PUTM_CAN::Lap_timer_Main>
 .rodata._ZTVN8PUTM_CAN6DeviceINS_16Lap_timer_SectorEEE
                0x000000000800545c        0xc ./Core/Src/main.o
                0x000000000800545c                vtable for PUTM_CAN::Device<PUTM_CAN::Lap_timer_Sector>
 .rodata._ZTVN8PUTM_CAN6DeviceINS_18Lap_timer_Acc_timeEEE
                0x0000000008005468        0xc ./Core/Src/main.o
                0x0000000008005468                vtable for PUTM_CAN::Device<PUTM_CAN::Lap_timer_Acc_time>
 .rodata._ZTVN8PUTM_CAN6DeviceINS_18Lap_timer_Lap_timeEEE
                0x0000000008005474        0xc ./Core/Src/main.o
                0x0000000008005474                vtable for PUTM_CAN::Device<PUTM_CAN::Lap_timer_Lap_time>
 .rodata._ZTVN8PUTM_CAN6DeviceINS_22Lap_timer_Skidpad_timeEEE
                0x0000000008005480        0xc ./Core/Src/main.o
                0x0000000008005480                vtable for PUTM_CAN::Device<PUTM_CAN::Lap_timer_Skidpad_time>
 .rodata._ZTVN8PUTM_CAN6DeviceINS_7SF_mainEEE
                0x000000000800548c        0xc ./Core/Src/main.o
                0x000000000800548c                vtable for PUTM_CAN::Device<PUTM_CAN::SF_main>
 .rodata._ZTVN8PUTM_CAN6DeviceINS_23SF_LegendaryDVAndSupplyEEE
                0x0000000008005498        0xc ./Core/Src/main.o
                0x0000000008005498                vtable for PUTM_CAN::Device<PUTM_CAN::SF_LegendaryDVAndSupply>
 .rodata._ZTVN8PUTM_CAN6DeviceINS_9SF_SupplyEEE
                0x00000000080054a4        0xc ./Core/Src/main.o
                0x00000000080054a4                vtable for PUTM_CAN::Device<PUTM_CAN::SF_Supply>
 .rodata._ZTVN8PUTM_CAN6DeviceINS_18SF_PassiveElementsEEE
                0x00000000080054b0        0xc ./Core/Src/main.o
                0x00000000080054b0                vtable for PUTM_CAN::Device<PUTM_CAN::SF_PassiveElements>
 .rodata._ZTVN8PUTM_CAN6DeviceINS_9SF_safetyEEE
                0x00000000080054bc        0xc ./Core/Src/main.o
                0x00000000080054bc                vtable for PUTM_CAN::Device<PUTM_CAN::SF_safety>
 .rodata._ZTVN8PUTM_CAN6DeviceINS_19Steering_Wheel_mainEEE
                0x00000000080054c8        0xc ./Core/Src/main.o
                0x00000000080054c8                vtable for PUTM_CAN::Device<PUTM_CAN::Steering_Wheel_main>
 .rodata._ZTVN8PUTM_CAN6DeviceINS_20Steering_Wheel_eventEEE
                0x00000000080054d4        0xc ./Core/Src/main.o
                0x00000000080054d4                vtable for PUTM_CAN::Device<PUTM_CAN::Steering_Wheel_event>
 .rodata._ZTVN8PUTM_CAN6DeviceINS_9SWPS_mainEEE
                0x00000000080054e0        0xc ./Core/Src/main.o
                0x00000000080054e0                vtable for PUTM_CAN::Device<PUTM_CAN::SWPS_main>
 .rodata._ZTVN8PUTM_CAN6DeviceINS_7TC_mainEEE
                0x00000000080054ec        0xc ./Core/Src/main.o
                0x00000000080054ec                vtable for PUTM_CAN::Device<PUTM_CAN::TC_main>
 .rodata._ZTVN8PUTM_CAN6DeviceINS_18TC_rear_suspensionEEE
                0x00000000080054f8        0xc ./Core/Src/main.o
                0x00000000080054f8                vtable for PUTM_CAN::Device<PUTM_CAN::TC_rear_suspension>
 .rodata._ZTVN8PUTM_CAN6DeviceINS_19TC_wheel_velocitiesEEE
                0x0000000008005504        0xc ./Core/Src/main.o
                0x0000000008005504                vtable for PUTM_CAN::Device<PUTM_CAN::TC_wheel_velocities>
 .rodata._ZTVN8PUTM_CAN6DeviceINS_15TC_temperaturesEEE
                0x0000000008005510        0xc ./Core/Src/main.o
                0x0000000008005510                vtable for PUTM_CAN::Device<PUTM_CAN::TC_temperatures>
 .rodata._ZTVN8PUTM_CAN6DeviceINS_10TC_imu_accEEE
                0x000000000800551c        0xc ./Core/Src/main.o
                0x000000000800551c                vtable for PUTM_CAN::Device<PUTM_CAN::TC_imu_acc>
 .rodata._ZTVN8PUTM_CAN6DeviceINS_11TC_imu_gyroEEE
                0x0000000008005528        0xc ./Core/Src/main.o
                0x0000000008005528                vtable for PUTM_CAN::Device<PUTM_CAN::TC_imu_gyro>
 .rodata._ZTVN8PUTM_CAN6DeviceINS_14Telemetry_MainEEE
                0x0000000008005534        0xc ./Core/Src/main.o
                0x0000000008005534                vtable for PUTM_CAN::Device<PUTM_CAN::Telemetry_Main>
 .rodata._ZTVN8PUTM_CAN6DeviceINS_14WheelTemp_mainEEE
                0x0000000008005540        0xc ./Core/Src/main.o
                0x0000000008005540                vtable for PUTM_CAN::Device<PUTM_CAN::WheelTemp_main>
 .rodata._ZTVN8PUTM_CAN6DeviceINS_17YawProbe_air_flowEEE
                0x000000000800554c        0xc ./Core/Src/main.o
                0x000000000800554c                vtable for PUTM_CAN::Device<PUTM_CAN::YawProbe_air_flow>
 .rodata._ZL7buttons
                0x0000000008005558       0x10 ./Core/Src/main.o
 .rodata._ZL8rot1_arr
                0x0000000008005568       0x10 ./Core/Src/main.o
 .rodata._ZL8rot2_arr
                0x0000000008005578       0x10 ./Core/Src/main.o
 .rodata._ZN8PUTM_CANL26can_tx_header_AQ_TS_BUTTONE
                0x0000000008005588       0x18 ./Core/Src/main.o
 .rodata._ZN8PUTM_CANL33can_tx_header_STEERING_WHEEL_MAINE
                0x00000000080055a0       0x18 ./Core/Src/main.o
 .rodata._ZN8PUTM_CANL34can_tx_header_STEERING_WHEEL_EVENTE
                0x00000000080055b8       0x18 ./Core/Src/main.o
 .rodata.AHBPrescTable
                0x00000000080055d0       0x10 ./Core/Src/system_stm32l4xx.o
                0x00000000080055d0                AHBPrescTable
 .rodata.APBPrescTable
                0x00000000080055e0        0x8 ./Core/Src/system_stm32l4xx.o
                0x00000000080055e0                APBPrescTable
 .rodata.MSIRangeTable
                0x00000000080055e8       0x30 ./Core/Src/system_stm32l4xx.o
                0x00000000080055e8                MSIRangeTable
 .rodata.__assert_func.str1.1
                0x0000000008005618       0x3c d:/stm32cubeide_1.9.0/stm32cubeide/plugins/com.st.stm32cube.ide.mcu.externaltools.gnu-tools-for-stm32.10.3-2021.10.win32_1.0.100.202210260954/tools/bin/../lib/gcc/arm-none-eabi/10.3.1/../../../../arm-none-eabi/lib/thumb/v7e-m+fp/hard\libc_nano.a(lib_a-assert.o)
                                         0x3d (size before relaxing)
 .rodata._global_impure_ptr
                0x0000000008005654        0x4 d:/stm32cubeide_1.9.0/stm32cubeide/plugins/com.st.stm32cube.ide.mcu.externaltools.gnu-tools-for-stm32.10.3-2021.10.win32_1.0.100.202210260954/tools/bin/../lib/gcc/arm-none-eabi/10.3.1/../../../../arm-none-eabi/lib/thumb/v7e-m+fp/hard\libc_nano.a(lib_a-impure.o)
                0x0000000008005654                _global_impure_ptr
 .rodata._vfprintf_r.str1.1
                0x0000000008005658       0x11 d:/stm32cubeide_1.9.0/stm32cubeide/plugins/com.st.stm32cube.ide.mcu.externaltools.gnu-tools-for-stm32.10.3-2021.10.win32_1.0.100.202210260954/tools/bin/../lib/gcc/arm-none-eabi/10.3.1/../../../../arm-none-eabi/lib/thumb/v7e-m+fp/hard\libc_nano.a(lib_a-nano-vfprintf.o)
 .rodata._printf_i.str1.1
                0x0000000008005669       0x22 d:/stm32cubeide_1.9.0/stm32cubeide/plugins/com.st.stm32cube.ide.mcu.externaltools.gnu-tools-for-stm32.10.3-2021.10.win32_1.0.100.202210260954/tools/bin/../lib/gcc/arm-none-eabi/10.3.1/../../../../arm-none-eabi/lib/thumb/v7e-m+fp/hard\libc_nano.a(lib_a-nano-vfprintf_i.o)
 *fill*         0x000000000800568b        0x1 
 .rodata.__sf_fake_stderr
                0x000000000800568c       0x20 d:/stm32cubeide_1.9.0/stm32cubeide/plugins/com.st.stm32cube.ide.mcu.externaltools.gnu-tools-for-stm32.10.3-2021.10.win32_1.0.100.202210260954/tools/bin/../lib/gcc/arm-none-eabi/10.3.1/../../../../arm-none-eabi/lib/thumb/v7e-m+fp/hard\libc_nano.a(lib_a-findfp.o)
                0x000000000800568c                __sf_fake_stderr
 .rodata.__sf_fake_stdin
                0x00000000080056ac       0x20 d:/stm32cubeide_1.9.0/stm32cubeide/plugins/com.st.stm32cube.ide.mcu.externaltools.gnu-tools-for-stm32.10.3-2021.10.win32_1.0.100.202210260954/tools/bin/../lib/gcc/arm-none-eabi/10.3.1/../../../../arm-none-eabi/lib/thumb/v7e-m+fp/hard\libc_nano.a(lib_a-findfp.o)
                0x00000000080056ac                __sf_fake_stdin
 .rodata.__sf_fake_stdout
                0x00000000080056cc       0x20 d:/stm32cubeide_1.9.0/stm32cubeide/plugins/com.st.stm32cube.ide.mcu.externaltools.gnu-tools-for-stm32.10.3-2021.10.win32_1.0.100.202210260954/tools/bin/../lib/gcc/arm-none-eabi/10.3.1/../../../../arm-none-eabi/lib/thumb/v7e-m+fp/hard\libc_nano.a(lib_a-findfp.o)
                0x00000000080056cc                __sf_fake_stdout
                0x00000000080056ec                . = ALIGN (0x4)

.rel.dyn        0x00000000080056ec        0x0
 .rel.iplt      0x00000000080056ec        0x0 d:/stm32cubeide_1.9.0/stm32cubeide/plugins/com.st.stm32cube.ide.mcu.externaltools.gnu-tools-for-stm32.10.3-2021.10.win32_1.0.100.202210260954/tools/bin/../lib/gcc/arm-none-eabi/10.3.1/thumb/v7e-m+fp/hard/crtbegin.o

.ARM.extab      0x00000000080056ec        0x0
                0x00000000080056ec                . = ALIGN (0x4)
 *(.ARM.extab* .gnu.linkonce.armextab.*)
                0x00000000080056ec                . = ALIGN (0x4)

.ARM            0x00000000080056ec        0x0
                0x00000000080056ec                . = ALIGN (0x4)
                0x00000000080056ec                __exidx_start = .
 *(.ARM.exidx*)
                0x00000000080056ec                __exidx_end = .
                0x00000000080056ec                . = ALIGN (0x4)

.preinit_array  0x00000000080056ec        0x0
                0x00000000080056ec                . = ALIGN (0x4)
                0x00000000080056ec                PROVIDE (__preinit_array_start = .)
 *(.preinit_array*)
                0x00000000080056ec                PROVIDE (__preinit_array_end = .)
                0x00000000080056ec                . = ALIGN (0x4)

.init_array     0x00000000080056ec        0x8
                0x00000000080056ec                . = ALIGN (0x4)
                0x00000000080056ec                PROVIDE (__init_array_start = .)
 *(SORT_BY_NAME(.init_array.*))
 *(.init_array*)
 .init_array    0x00000000080056ec        0x4 d:/stm32cubeide_1.9.0/stm32cubeide/plugins/com.st.stm32cube.ide.mcu.externaltools.gnu-tools-for-stm32.10.3-2021.10.win32_1.0.100.202210260954/tools/bin/../lib/gcc/arm-none-eabi/10.3.1/thumb/v7e-m+fp/hard/crtbegin.o
 .init_array    0x00000000080056f0        0x4 ./Core/Src/main.o
                0x00000000080056f4                PROVIDE (__init_array_end = .)
                0x00000000080056f4                . = ALIGN (0x4)

.fini_array     0x00000000080056f4        0x8
                0x00000000080056f4                . = ALIGN (0x4)
                [!provide]                        PROVIDE (__fini_array_start = .)
 *(SORT_BY_NAME(.fini_array.*))
 *(.fini_array*)
 .fini_array    0x00000000080056f4        0x4 d:/stm32cubeide_1.9.0/stm32cubeide/plugins/com.st.stm32cube.ide.mcu.externaltools.gnu-tools-for-stm32.10.3-2021.10.win32_1.0.100.202210260954/tools/bin/../lib/gcc/arm-none-eabi/10.3.1/thumb/v7e-m+fp/hard/crtbegin.o
 .fini_array    0x00000000080056f8        0x4 ./Core/Src/main.o
                [!provide]                        PROVIDE (__fini_array_end = .)
                0x00000000080056fc                . = ALIGN (0x4)
                0x00000000080056fc                _sidata = LOADADDR (.data)

.data           0x0000000020000000      0x2c0 load address 0x00000000080056fc
                0x0000000020000000                . = ALIGN (0x4)
                0x0000000020000000                _sdata = .
 *(.data)
 *(.data*)
 .data._ZN8PUTM_CAN3canE
                0x0000000020000000      0x250 ./Core/Src/main.o
                0x0000000020000000                PUTM_CAN::can
 .data.SystemCoreClock
                0x0000000020000250        0x4 ./Core/Src/system_stm32l4xx.o
                0x0000000020000250                SystemCoreClock
 .data.uwTickPrio
                0x0000000020000254        0x4 ./Drivers/STM32L4xx_HAL_Driver/Src/stm32l4xx_hal.o
                0x0000000020000254                uwTickPrio
 .data.uwTickFreq
                0x0000000020000258        0x1 ./Drivers/STM32L4xx_HAL_Driver/Src/stm32l4xx_hal.o
                0x0000000020000258                uwTickFreq
 *fill*         0x0000000020000259        0x3 
 .data._impure_ptr
                0x000000002000025c        0x4 d:/stm32cubeide_1.9.0/stm32cubeide/plugins/com.st.stm32cube.ide.mcu.externaltools.gnu-tools-for-stm32.10.3-2021.10.win32_1.0.100.202210260954/tools/bin/../lib/gcc/arm-none-eabi/10.3.1/../../../../arm-none-eabi/lib/thumb/v7e-m+fp/hard\libc_nano.a(lib_a-impure.o)
                0x000000002000025c                _impure_ptr
 .data.impure_data
                0x0000000020000260       0x60 d:/stm32cubeide_1.9.0/stm32cubeide/plugins/com.st.stm32cube.ide.mcu.externaltools.gnu-tools-for-stm32.10.3-2021.10.win32_1.0.100.202210260954/tools/bin/../lib/gcc/arm-none-eabi/10.3.1/../../../../arm-none-eabi/lib/thumb/v7e-m+fp/hard\libc_nano.a(lib_a-impure.o)
 *(.RamFunc)
 *(.RamFunc*)
                0x00000000200002c0                . = ALIGN (0x4)
                0x00000000200002c0                _edata = .

.igot.plt       0x00000000200002c0        0x0 load address 0x00000000080059bc
 .igot.plt      0x00000000200002c0        0x0 d:/stm32cubeide_1.9.0/stm32cubeide/plugins/com.st.stm32cube.ide.mcu.externaltools.gnu-tools-for-stm32.10.3-2021.10.win32_1.0.100.202210260954/tools/bin/../lib/gcc/arm-none-eabi/10.3.1/thumb/v7e-m+fp/hard/crtbegin.o
                0x00000000200002c0                . = ALIGN (0x4)

.bss            0x00000000200002c0      0x2f8 load address 0x00000000080059bc
                0x00000000200002c0                _sbss = .
                0x00000000200002c0                __bss_start__ = _sbss
 *(.bss)
 .bss           0x00000000200002c0       0x1c d:/stm32cubeide_1.9.0/stm32cubeide/plugins/com.st.stm32cube.ide.mcu.externaltools.gnu-tools-for-stm32.10.3-2021.10.win32_1.0.100.202210260954/tools/bin/../lib/gcc/arm-none-eabi/10.3.1/thumb/v7e-m+fp/hard/crtbegin.o
 *(.bss*)
 .bss._ZZN8PUTM_CAN14Can_tx_messageINS_19Steering_Wheel_mainEE4sendER19__CAN_HandleTypeDefE9TxMailbox
                0x00000000200002dc        0x4 ./Core/Src/main.o
                0x00000000200002dc                PUTM_CAN::Can_tx_message<PUTM_CAN::Steering_Wheel_main>::send(__CAN_HandleTypeDef&)::TxMailbox
 .bss._ZZN8PUTM_CAN14Can_tx_messageINS_20Steering_Wheel_eventEE4sendER19__CAN_HandleTypeDefE9TxMailbox
                0x00000000200002e0        0x4 ./Core/Src/main.o
                0x00000000200002e0                PUTM_CAN::Can_tx_message<PUTM_CAN::Steering_Wheel_event>::send(__CAN_HandleTypeDef&)::TxMailbox
 .bss._ZZN8PUTM_CAN14Can_tx_messageINS_12AQ_ts_buttonEE4sendER19__CAN_HandleTypeDefE9TxMailbox
                0x00000000200002e4        0x4 ./Core/Src/main.o
                0x00000000200002e4                PUTM_CAN::Can_tx_message<PUTM_CAN::AQ_ts_button>::send(__CAN_HandleTypeDef&)::TxMailbox
 .bss._ZL11debug_led_1
                0x00000000200002e8       0x10 ./Core/Src/main.o
 .bss._ZL11debug_led_2
                0x00000000200002f8       0x10 ./Core/Src/main.o
 .bss._ZL11debug_led_3
                0x0000000020000308       0x10 ./Core/Src/main.o
 .bss._ZL11debug_led_4
                0x0000000020000318       0x10 ./Core/Src/main.o
 .bss._ZL3sw3   0x0000000020000328       0x14 ./Core/Src/main.o
 .bss._ZL3sw4   0x000000002000033c       0x14 ./Core/Src/main.o
 .bss._ZL3sw5   0x0000000020000350       0x14 ./Core/Src/main.o
 .bss._ZL3sw6   0x0000000020000364       0x14 ./Core/Src/main.o
 .bss._ZL3sw7   0x0000000020000378       0x14 ./Core/Src/main.o
 .bss._ZL3sw8   0x000000002000038c       0x14 ./Core/Src/main.o
 .bss._ZL3sw9   0x00000000200003a0       0x14 ./Core/Src/main.o
 .bss._ZL4sw10  0x00000000200003b4       0x14 ./Core/Src/main.o
 .bss._ZL5sw1_1
                0x00000000200003c8       0x14 ./Core/Src/main.o
 .bss._ZL5sw1_2
                0x00000000200003dc       0x14 ./Core/Src/main.o
 .bss._ZL5sw1_3
                0x00000000200003f0       0x14 ./Core/Src/main.o
 .bss._ZL5sw1_4
                0x0000000020000404       0x14 ./Core/Src/main.o
 .bss._ZL5sw2_1
                0x0000000020000418       0x14 ./Core/Src/main.o
 .bss._ZL5sw2_2
                0x000000002000042c       0x14 ./Core/Src/main.o
 .bss._ZL5sw2_3
                0x0000000020000440       0x14 ./Core/Src/main.o
 .bss._ZL5sw2_4
                0x0000000020000454       0x14 ./Core/Src/main.o
 .bss.can_filtering_config
                0x0000000020000468       0x28 ./Core/Src/main.o
                0x0000000020000468                can_filtering_config
 .bss.controls_states
                0x0000000020000490       0x1c ./Core/Src/main.o
 .bss.hcan1     0x00000000200004ac       0x28 ./Core/Src/main.o
                0x00000000200004ac                hcan1
 .bss.heartbeat_timer
                0x00000000200004d4        0x8 ./Core/Src/main.o
                0x00000000200004d4                heartbeat_timer
 .bss.left_rotary
                0x00000000200004dc       0x18 ./Core/Src/main.o
                0x00000000200004dc                left_rotary
 .bss.mission   0x00000000200004f4        0x1 ./Core/Src/main.o
                0x00000000200004f4                mission
 *fill*         0x00000000200004f5        0x3 
 .bss.pressed_buttons_i
                0x00000000200004f8       0x44 ./Core/Src/main.o
                0x00000000200004f8                pressed_buttons_i
 .bss.right_rotary
                0x000000002000053c       0x18 ./Core/Src/main.o
                0x000000002000053c                right_rotary
 .bss.htim1     0x0000000020000554       0x4c ./Core/Src/stm32l4xx_hal_timebase_tim.o
                0x0000000020000554                htim1
 .bss.__sbrk_heap_end
                0x00000000200005a0        0x4 ./Core/Src/sysmem.o
 .bss.uwTick    0x00000000200005a4        0x4 ./Drivers/STM32L4xx_HAL_Driver/Src/stm32l4xx_hal.o
                0x00000000200005a4                uwTick
 .bss.__malloc_free_list
                0x00000000200005a8        0x4 d:/stm32cubeide_1.9.0/stm32cubeide/plugins/com.st.stm32cube.ide.mcu.externaltools.gnu-tools-for-stm32.10.3-2021.10.win32_1.0.100.202210260954/tools/bin/../lib/gcc/arm-none-eabi/10.3.1/../../../../arm-none-eabi/lib/thumb/v7e-m+fp/hard\libc_nano.a(lib_a-nano-mallocr.o)
                0x00000000200005a8                __malloc_free_list
 .bss.__malloc_sbrk_start