Archive member included to satisfy reference by file (symbol)

/opt/st/stm32cubeide_1.9.0/plugins/com.st.stm32cube.ide.mcu.externaltools.gnu-tools-for-stm32.10.3-2021.10.linux64_1.0.0.202111181127/tools/bin/../lib/gcc/arm-none-eabi/10.3.1/../../../../arm-none-eabi/lib/thumb/v7e-m+fp/hard/libc_nano.a(lib_a-errno.o)
                              ./Core/Src/syscalls.o (__errno)
/opt/st/stm32cubeide_1.9.0/plugins/com.st.stm32cube.ide.mcu.externaltools.gnu-tools-for-stm32.10.3-2021.10.linux64_1.0.0.202111181127/tools/bin/../lib/gcc/arm-none-eabi/10.3.1/../../../../arm-none-eabi/lib/thumb/v7e-m+fp/hard/libc_nano.a(lib_a-exit.o)
                              /opt/st/stm32cubeide_1.9.0/plugins/com.st.stm32cube.ide.mcu.externaltools.gnu-tools-for-stm32.10.3-2021.10.linux64_1.0.0.202111181127/tools/bin/../lib/gcc/arm-none-eabi/10.3.1/../../../../arm-none-eabi/lib/thumb/v7e-m+fp/hard/crt0.o (exit)
/opt/st/stm32cubeide_1.9.0/plugins/com.st.stm32cube.ide.mcu.externaltools.gnu-tools-for-stm32.10.3-2021.10.linux64_1.0.0.202111181127/tools/bin/../lib/gcc/arm-none-eabi/10.3.1/../../../../arm-none-eabi/lib/thumb/v7e-m+fp/hard/libc_nano.a(lib_a-impure.o)
                              /opt/st/stm32cubeide_1.9.0/plugins/com.st.stm32cube.ide.mcu.externaltools.gnu-tools-for-stm32.10.3-2021.10.linux64_1.0.0.202111181127/tools/bin/../lib/gcc/arm-none-eabi/10.3.1/../../../../arm-none-eabi/lib/thumb/v7e-m+fp/hard/libc_nano.a(lib_a-exit.o) (_global_impure_ptr)
/opt/st/stm32cubeide_1.9.0/plugins/com.st.stm32cube.ide.mcu.externaltools.gnu-tools-for-stm32.10.3-2021.10.linux64_1.0.0.202111181127/tools/bin/../lib/gcc/arm-none-eabi/10.3.1/../../../../arm-none-eabi/lib/thumb/v7e-m+fp/hard/libc_nano.a(lib_a-init.o)
                              /opt/st/stm32cubeide_1.9.0/plugins/com.st.stm32cube.ide.mcu.externaltools.gnu-tools-for-stm32.10.3-2021.10.linux64_1.0.0.202111181127/tools/bin/../lib/gcc/arm-none-eabi/10.3.1/../../../../arm-none-eabi/lib/thumb/v7e-m+fp/hard/crt0.o (__libc_init_array)
/opt/st/stm32cubeide_1.9.0/plugins/com.st.stm32cube.ide.mcu.externaltools.gnu-tools-for-stm32.10.3-2021.10.linux64_1.0.0.202111181127/tools/bin/../lib/gcc/arm-none-eabi/10.3.1/../../../../arm-none-eabi/lib/thumb/v7e-m+fp/hard/libc_nano.a(lib_a-memset.o)
                              /opt/st/stm32cubeide_1.9.0/plugins/com.st.stm32cube.ide.mcu.externaltools.gnu-tools-for-stm32.10.3-2021.10.linux64_1.0.0.202111181127/tools/bin/../lib/gcc/arm-none-eabi/10.3.1/../../../../arm-none-eabi/lib/thumb/v7e-m+fp/hard/crt0.o (memset)

Discarded input sections

 .text          0x0000000000000000        0x0 /opt/st/stm32cubeide_1.9.0/plugins/com.st.stm32cube.ide.mcu.externaltools.gnu-tools-for-stm32.10.3-2021.10.linux64_1.0.0.202111181127/tools/bin/../lib/gcc/arm-none-eabi/10.3.1/thumb/v7e-m+fp/hard/crti.o
 .data          0x0000000000000000        0x0 /opt/st/stm32cubeide_1.9.0/plugins/com.st.stm32cube.ide.mcu.externaltools.gnu-tools-for-stm32.10.3-2021.10.linux64_1.0.0.202111181127/tools/bin/../lib/gcc/arm-none-eabi/10.3.1/thumb/v7e-m+fp/hard/crti.o
 .bss           0x0000000000000000        0x0 /opt/st/stm32cubeide_1.9.0/plugins/com.st.stm32cube.ide.mcu.externaltools.gnu-tools-for-stm32.10.3-2021.10.linux64_1.0.0.202111181127/tools/bin/../lib/gcc/arm-none-eabi/10.3.1/thumb/v7e-m+fp/hard/crti.o
 .data          0x0000000000000000        0x4 /opt/st/stm32cubeide_1.9.0/plugins/com.st.stm32cube.ide.mcu.externaltools.gnu-tools-for-stm32.10.3-2021.10.linux64_1.0.0.202111181127/tools/bin/../lib/gcc/arm-none-eabi/10.3.1/thumb/v7e-m+fp/hard/crtbegin.o
 .rodata        0x0000000000000000       0x24 /opt/st/stm32cubeide_1.9.0/plugins/com.st.stm32cube.ide.mcu.externaltools.gnu-tools-for-stm32.10.3-2021.10.linux64_1.0.0.202111181127/tools/bin/../lib/gcc/arm-none-eabi/10.3.1/thumb/v7e-m+fp/hard/crtbegin.o
 .text          0x0000000000000000       0x7c /opt/st/stm32cubeide_1.9.0/plugins/com.st.stm32cube.ide.mcu.externaltools.gnu-tools-for-stm32.10.3-2021.10.linux64_1.0.0.202111181127/tools/bin/../lib/gcc/arm-none-eabi/10.3.1/../../../../arm-none-eabi/lib/thumb/v7e-m+fp/hard/crt0.o
 .data          0x0000000000000000        0x0 /opt/st/stm32cubeide_1.9.0/plugins/com.st.stm32cube.ide.mcu.externaltools.gnu-tools-for-stm32.10.3-2021.10.linux64_1.0.0.202111181127/tools/bin/../lib/gcc/arm-none-eabi/10.3.1/../../../../arm-none-eabi/lib/thumb/v7e-m+fp/hard/crt0.o
 .bss           0x0000000000000000        0x0 /opt/st/stm32cubeide_1.9.0/plugins/com.st.stm32cube.ide.mcu.externaltools.gnu-tools-for-stm32.10.3-2021.10.linux64_1.0.0.202111181127/tools/bin/../lib/gcc/arm-none-eabi/10.3.1/../../../../arm-none-eabi/lib/thumb/v7e-m+fp/hard/crt0.o
 .ARM.extab     0x0000000000000000        0x0 /opt/st/stm32cubeide_1.9.0/plugins/com.st.stm32cube.ide.mcu.externaltools.gnu-tools-for-stm32.10.3-2021.10.linux64_1.0.0.202111181127/tools/bin/../lib/gcc/arm-none-eabi/10.3.1/../../../../arm-none-eabi/lib/thumb/v7e-m+fp/hard/crt0.o
[...]
Memory Configuration

Name             Origin             Length             Attributes
RAM              0x0000000020000000 0x0000000000050000 xrw
FLASH            0x0000000008000000 0x0000000000080000 xr
*default*        0x0000000000000000 0xffffffffffffffff

Linker script and memory map

LOAD /opt/st/stm32cubeide_1.9.0/plugins/com.st.stm32cube.ide.mcu.externaltools.gnu-tools-for-stm32.10.3-2021.10.linux64_1.0.0.202111181127/tools/bin/../lib/gcc/arm-none-eabi/10.3.1/thumb/v7e-m+fp/hard/crti.o
LOAD /opt/st/stm32cubeide_1.9.0/plugins/com.st.stm32cube.ide.mcu.externaltools.gnu-tools-for-stm32.10.3-2021.10.linux64_1.0.0.202111181127/tools/bin/../lib/gcc/arm-none-eabi/10.3.1/thumb/v7e-m+fp/hard/crtbegin.o
LOAD /opt/st/stm32cubeide_1.9.0/plugins/com.st.stm32cube.ide.mcu.externaltools.gnu-tools-for-stm32.10.3-2021.10.linux64_1.0.0.202111181127/tools/bin/../lib/gcc/arm-none-eabi/10.3.1/../../../../arm-none-eabi/lib/thumb/v7e-m+fp/hard/crt0.o
LOAD ./Core/Src/main.o
LOAD ./Core/Src/stm32l4xx_hal_msp.o
LOAD ./Core/Src/stm32l4xx_hal_timebase_tim.o
LOAD ./Core/Src/stm32l4xx_it.o
LOAD ./Core/Src/syscalls.o
LOAD ./Core/Src/sysmem.o
LOAD ./Core/Src/system_stm32l4xx.o
LOAD ./Core/Startup/startup_stm32l4p5retx.o
LOAD ./Drivers/STM32L4xx_HAL_Driver/Src/stm32l4xx_hal.o
LOAD ./Drivers/STM32L4xx_HAL_Driver/Src/stm32l4xx_hal_adc.o
LOAD ./Drivers/STM32L4xx_HAL_Driver/Src/stm32l4xx_hal_adc_ex.o
LOAD ./Drivers/STM32L4xx_HAL_Driver/Src/stm32l4xx_hal_can.o
LOAD ./Drivers/STM32L4xx_HAL_Driver/Src/stm32l4xx_hal_cortex.o
LOAD ./Drivers/STM32L4xx_HAL_Driver/Src/stm32l4xx_hal_dma.o
LOAD ./Drivers/STM32L4xx_HAL_Driver/Src/stm32l4xx_hal_dma_ex.o
LOAD ./Drivers/STM32L4xx_HAL_Driver/Src/stm32l4xx_hal_exti.o
LOAD ./Drivers/STM32L4xx_HAL_Driver/Src/stm32l4xx_hal_flash.o
LOAD ./Drivers/STM32L4xx_HAL_Driver/Src/stm32l4xx_hal_flash_ex.o
LOAD ./Drivers/STM32L4xx_HAL_Driver/Src/stm32l4xx_hal_flash_ramfunc.o
LOAD ./Drivers/STM32L4xx_HAL_Driver/Src/stm32l4xx_hal_gpio.o
LOAD ./Drivers/STM32L4xx_HAL_Driver/Src/stm32l4xx_hal_i2c.o
LOAD ./Drivers/STM32L4xx_HAL_Driver/Src/stm32l4xx_hal_i2c_ex.o
LOAD ./Drivers/STM32L4xx_HAL_Driver/Src/stm32l4xx_hal_pwr.o
LOAD ./Drivers/STM32L4xx_HAL_Driver/Src/stm32l4xx_hal_pwr_ex.o
LOAD ./Drivers/STM32L4xx_HAL_Driver/Src/stm32l4xx_hal_rcc.o
LOAD ./Drivers/STM32L4xx_HAL_Driver/Src/stm32l4xx_hal_rcc_ex.o
LOAD ./Drivers/STM32L4xx_HAL_Driver/Src/stm32l4xx_hal_tim.o
LOAD ./Drivers/STM32L4xx_HAL_Driver/Src/stm32l4xx_hal_tim_ex.o
START GROUP
LOAD /opt/st/stm32cubeide_1.9.0/plugins/com.st.stm32cube.ide.mcu.externaltools.gnu-tools-for-stm32.10.3-2021.10.linux64_1.0.0.202111181127/tools/bin/../lib/gcc/arm-none-eabi/10.3.1/../../../../arm-none-eabi/lib/thumb/v7e-m+fp/hard/libstdc++_nano.a
LOAD /opt/st/stm32cubeide_1.9.0/plugins/com.st.stm32cube.ide.mcu.externaltools.gnu-tools-for-stm32.10.3-2021.10.linux64_1.0.0.202111181127/tools/bin/../lib/gcc/arm-none-eabi/10.3.1/../../../../arm-none-eabi/lib/thumb/v7e-m+fp/hard/libsupc++_nano.a
END GROUP
LOAD /opt/st/stm32cubeide_1.9.0/plugins/com.st.stm32cube.ide.mcu.externaltools.gnu-tools-for-stm32.10.3-2021.10.linux64_1.0.0.202111181127/tools/bin/../lib/gcc/arm-none-eabi/10.3.1/../../../../arm-none-eabi/lib/thumb/v7e-m+fp/hard/libstdc++_nano.a
LOAD /opt/st/stm32cubeide_1.9.0/plugins/com.st.stm32cube.ide.mcu.externaltools.gnu-tools-for-stm32.10.3-2021.10.linux64_1.0.0.202111181127/tools/bin/../lib/gcc/arm-none-eabi/10.3.1/../../../../arm-none-eabi/lib/thumb/v7e-m+fp/hard/libm.a
LOAD /opt/st/stm32cubeide_1.9.0/plugins/com.st.stm32cube.ide.mcu.externaltools.gnu-tools-for-stm32.10.3-2021.10.linux64_1.0.0.202111181127/tools/bin/../lib/gcc/arm-none-eabi/10.3.1/../../../../arm-none-eabi/lib/thumb/v7e-m+fp/hard/libc_nano.a
START GROUP
LOAD /opt/st/stm32cubeide_1.9.0/plugins/com.st.stm32cube.ide.mcu.externaltools.gnu-tools-for-stm32.10.3-2021.10.linux64_1.0.0.202111181127/tools/bin/../lib/gcc/arm-none-eabi/10.3.1/thumb/v7e-m+fp/hard/libgcc.a
LOAD /opt/st/stm32cubeide_1.9.0/plugins/com.st.stm32cube.ide.mcu.externaltools.gnu-tools-for-stm32.10.3-2021.10.linux64_1.0.0.202111181127/tools/bin/../lib/gcc/arm-none-eabi/10.3.1/../../../../arm-none-eabi/lib/thumb/v7e-m+fp/hard/libc_nano.a
END GROUP
START GROUP
LOAD /opt/st/stm32cubeide_1.9.0/plugins/com.st.stm32cube.ide.mcu.externaltools.gnu-tools-for-stm32.10.3-2021.10.linux64_1.0.0.202111181127/tools/bin/../lib/gcc/arm-none-eabi/10.3.1/thumb/v7e-m+fp/hard/libgcc.a
LOAD /opt/st/stm32cubeide_1.9.0/plugins/com.st.stm32cube.ide.mcu.externaltools.gnu-tools-for-stm32.10.3-2021.10.linux64_1.0.0.202111181127/tools/bin/../lib/gcc/arm-none-eabi/10.3.1/../../../../arm-none-eabi/lib/thumb/v7e-m+fp/hard/libc_nano.a
LOAD /opt/st/stm32cubeide_1.9.0/plugins/com.st.stm32cube.ide.mcu.externaltools.gnu-tools-for-stm32.10.3-2021.10.linux64_1.0.0.202111181127/tools/bin/../lib/gcc/arm-none-eabi/10.3.1/../../../../arm-none-eabi/lib/thumb/v7e-m+fp/hard/libnosys.a
END GROUP
START GROUP
LOAD /opt/st/stm32cubeide_1.9.0/plugins/com.st.stm32cube.ide.mcu.externaltools.gnu-tools-for-stm32.10.3-2021.10.linux64_1.0.0.202111181127/tools/bin/../lib/gcc/arm-none-eabi/10.3.1/thumb/v7e-m+fp/hard/libgcc.a
LOAD /opt/st/stm32cubeide_1.9.0/plugins/com.st.stm32cube.ide.mcu.externaltools.gnu-tools-for-stm32.10.3-2021.10.linux64_1.0.0.202111181127/tools/bin/../lib/gcc/arm-none-eabi/10.3.1/../../../../arm-none-eabi/lib/thumb/v7e-m+fp/hard/libc_nano.a
LOAD /opt/st/stm32cubeide_1.9.0/plugins/com.st.stm32cube.ide.mcu.externaltools.gnu-tools-for-stm32.10.3-2021.10.linux64_1.0.0.202111181127/tools/bin/../lib/gcc/arm-none-eabi/10.3.1/../../../../arm-none-eabi/lib/thumb/v7e-m+fp/hard/libnosys.a
END GROUP
LOAD /opt/st/stm32cubeide_1.9.0/plugins/com.st.stm32cube.ide.mcu.externaltools.gnu-tools-for-stm32.10.3-2021.10.linux64_1.0.0.202111181127/tools/bin/../lib/gcc/arm-none-eabi/10.3.1/thumb/v7e-m+fp/hard/crtend.o
LOAD /opt/st/stm32cubeide_1.9.0/plugins/com.st.stm32cube.ide.mcu.externaltools.gnu-tools-for-stm32.10.3-2021.10.linux64_1.0.0.202111181127/tools/bin/../lib/gcc/arm-none-eabi/10.3.1/thumb/v7e-m+fp/hard/crtn.o
                0x0000000020050000                _estack = (ORIGIN (RAM) + LENGTH (RAM))
                0x0000000000000200                _Min_Heap_Size = 0x200
                0x0000000000000400                _Min_Stack_Size = 0x400

.isr_vector     0x0000000008000000      0x1bc
                0x0000000008000000                . = ALIGN (0x4)
 *(.isr_vector)
 .isr_vector    0x0000000008000000      0x1bc ./Core/Startup/startup_stm32l4p5retx.o
                0x0000000008000000                g_pfnVectors
                0x00000000080001bc                . = ALIGN (0x4)

.text           0x00000000080001bc     0x5558
                0x00000000080001bc                . = ALIGN (0x4)
 *(.text)
 .text          0x00000000080001bc       0x40 /opt/st/stm32cubeide_1.9.0/plugins/com.st.stm32cube.ide.mcu.externaltools.gnu-tools-for-stm32.10.3-2021.10.linux64_1.0.0.202111181127/tools/bin/../lib/gcc/arm-none-eabi/10.3.1/thumb/v7e-m+fp/hard/crtbegin.o
 *(.text*)
 .text._ZL12MX_GPIO_Initv
                0x00000000080001fc      0x13c ./Core/Src/main.o
 .text._ZL11MX_DMA_Initv
                0x0000000008000338       0x68 ./Core/Src/main.o
 .text.HAL_GPIO_EXTI_Callback
                0x00000000080003a0       0x58 ./Core/Src/main.o
                0x00000000080003a0                HAL_GPIO_EXTI_Callback
 .text.heartbeat
                0x00000000080003f8       0x4c ./Core/Src/main.o
                0x00000000080003f8                heartbeat
 .text.choose_left_scroll_state
                0x0000000008000444      0x130 ./Core/Src/main.o
                0x0000000008000444                choose_left_scroll_state
 .text.reset_flags
                0x0000000008000574       0x24 ./Core/Src/main.o
                0x0000000008000574                reset_flags
 .text.wait_for_second_button
                0x0000000008000598      0x134 ./Core/Src/main.o
                0x0000000008000598                wait_for_second_button
 .text.HAL_TIM_PeriodElapsedCallback
                0x00000000080006cc       0x18 ./Core/Src/main.o
                0x00000000080006cc                HAL_TIM_PeriodElapsedCallback
 .text.Error_Handler
                0x00000000080006e4        0x4 ./Core/Src/main.o
                0x00000000080006e4                Error_Handler
 .text._ZL12MX_CAN1_Initv
                0x00000000080006e8       0x3c ./Core/Src/main.o
 .text._ZL12MX_ADC1_Initv
                0x0000000008000724       0x9c ./Core/Src/main.o
 .text._ZL12MX_ADC2_Initv
                0x00000000080007c0       0x88 ./Core/Src/main.o
 .text._Z18SystemClock_Configv
                0x0000000008000848       0x76 ./Core/Src/main.o
                0x0000000008000848                SystemClock_Config()
 .text._Z24PeriphCommonClock_Configv
                0x00000000080008be       0x44 ./Core/Src/main.o
                0x00000000080008be                PeriphCommonClock_Config()
 *fill*         0x0000000008000902        0x2 
 .text.main     0x0000000008000904       0xfc ./Core/Src/main.o
                0x0000000008000904                main
 .text.HAL_MspInit
                0x0000000008000a00       0x48 ./Core/Src/stm32l4xx_hal_msp.o
                0x0000000008000a00                HAL_MspInit
 .text.HAL_ADC_MspInit
                0x0000000008000a48      0x1bc ./Core/Src/stm32l4xx_hal_msp.o
                0x0000000008000a48                HAL_ADC_MspInit
 .text.HAL_CAN_MspInit
                0x0000000008000c04       0x88 ./Core/Src/stm32l4xx_hal_msp.o
                0x0000000008000c04                HAL_CAN_MspInit
 .text.HAL_InitTick
                0x0000000008000c8c       0xac ./Core/Src/stm32l4xx_hal_timebase_tim.o
                0x0000000008000c8c                HAL_InitTick
 .text.NMI_Handler
                0x0000000008000d38        0x6 ./Core/Src/stm32l4xx_it.o
                0x0000000008000d38                NMI_Handler
 .text.HardFault_Handler
                0x0000000008000d3e        0x6 ./Core/Src/stm32l4xx_it.o
                0x0000000008000d3e                HardFault_Handler
 .text.MemManage_Handler
                0x0000000008000d44        0x6 ./Core/Src/stm32l4xx_it.o
                0x0000000008000d44                MemManage_Handler
 .text.BusFault_Handler
                0x0000000008000d4a        0x6 ./Core/Src/stm32l4xx_it.o
                0x0000000008000d4a                BusFault_Handler
 .text.UsageFault_Handler
                0x0000000008000d50        0x6 ./Core/Src/stm32l4xx_it.o
                0x0000000008000d50                UsageFault_Handler
 .text.SVC_Handler
                0x0000000008000d56        0xe ./Core/Src/stm32l4xx_it.o
                0x0000000008000d56                SVC_Handler
 .text.DebugMon_Handler
                0x0000000008000d64        0xe ./Core/Src/stm32l4xx_it.o
                0x0000000008000d64                DebugMon_Handler
 .text.PendSV_Handler
                0x0000000008000d72        0xe ./Core/Src/stm32l4xx_it.o
                0x0000000008000d72                PendSV_Handler
 .text.SysTick_Handler
                0x0000000008000d80        0xe ./Core/Src/stm32l4xx_it.o
                0x0000000008000d80                SysTick_Handler
 .text.EXTI2_IRQHandler
                0x0000000008000d8e        0xe ./Core/Src/stm32l4xx_it.o
                0x0000000008000d8e                EXTI2_IRQHandler
 .text.EXTI4_IRQHandler
                0x0000000008000d9c        0xe ./Core/Src/stm32l4xx_it.o
                0x0000000008000d9c                EXTI4_IRQHandler
 *fill*         0x0000000008000daa        0x2 
 .text.DMA1_Channel6_IRQHandler
                0x0000000008000dac       0x14 ./Core/Src/stm32l4xx_it.o
                0x0000000008000dac                DMA1_Channel6_IRQHandler
 .text.EXTI9_5_IRQHandler
                0x0000000008000dc0        0xe ./Core/Src/stm32l4xx_it.o
                0x0000000008000dc0                EXTI9_5_IRQHandler
 *fill*         0x0000000008000dce        0x2 
 .text.TIM1_UP_TIM16_IRQHandler
                0x0000000008000dd0       0x14 ./Core/Src/stm32l4xx_it.o
                0x0000000008000dd0                TIM1_UP_TIM16_IRQHandler
 .text.EXTI15_10_IRQHandler
                0x0000000008000de4       0x20 ./Core/Src/stm32l4xx_it.o
                0x0000000008000de4                EXTI15_10_IRQHandler
 .text.DMA2_Channel7_IRQHandler
                0x0000000008000e04       0x14 ./Core/Src/stm32l4xx_it.o
                0x0000000008000e04                DMA2_Channel7_IRQHandler
 .text.SystemInit
                0x0000000008000e18       0x64 ./Core/Src/system_stm32l4xx.o
                0x0000000008000e18                SystemInit
 .text.Reset_Handler
                0x0000000008000e7c       0x50 ./Core/Startup/startup_stm32l4p5retx.o
                0x0000000008000e7c                Reset_Handler
 .text.Default_Handler
                0x0000000008000ecc        0x2 ./Core/Startup/startup_stm32l4p5retx.o
                0x0000000008000ecc                RTC_Alarm_IRQHandler
                0x0000000008000ecc                TIM8_TRG_COM_IRQHandler
                0x0000000008000ecc                TIM8_CC_IRQHandler
                0x0000000008000ecc                TIM1_CC_IRQHandler
                0x0000000008000ecc                TSC_IRQHandler
                0x0000000008000ecc                TAMP_STAMP_IRQHandler
                0x0000000008000ecc                EXTI3_IRQHandler
                0x0000000008000ecc                LPTIM2_IRQHandler
                0x0000000008000ecc                DFSDM1_FLT1_IRQHandler
                0x0000000008000ecc                I2C3_ER_IRQHandler
                0x0000000008000ecc                EXTI0_IRQHandler
                0x0000000008000ecc                I2C2_EV_IRQHandler
                0x0000000008000ecc                CAN1_RX0_IRQHandler
                0x0000000008000ecc                FPU_IRQHandler
                0x0000000008000ecc                LTDC_ER_IRQHandler
                0x0000000008000ecc                ADC1_2_IRQHandler
                0x0000000008000ecc                SPI1_IRQHandler
                0x0000000008000ecc                OCTOSPI1_IRQHandler
                0x0000000008000ecc                TIM6_DAC_IRQHandler
                0x0000000008000ecc                TIM8_UP_IRQHandler
                0x0000000008000ecc                OCTOSPI2_IRQHandler
                0x0000000008000ecc                DMA2_Channel2_IRQHandler
                0x0000000008000ecc                DMA1_Channel4_IRQHandler
                0x0000000008000ecc                SAI2_IRQHandler
                0x0000000008000ecc                USART3_IRQHandler
                0x0000000008000ecc                DMA1_Channel7_IRQHandler
                0x0000000008000ecc                CAN1_RX1_IRQHandler
                0x0000000008000ecc                UART5_IRQHandler
                0x0000000008000ecc                TIM4_IRQHandler
                0x0000000008000ecc                DMA2_Channel1_IRQHandler
                0x0000000008000ecc                I2C1_EV_IRQHandler
                0x0000000008000ecc                DMAMUX1_OVR_IRQHandler
                0x0000000008000ecc                UART4_IRQHandler
                0x0000000008000ecc                DMA2_Channel4_IRQHandler
                0x0000000008000ecc                TIM3_IRQHandler
                0x0000000008000ecc                RCC_IRQHandler
                0x0000000008000ecc                DMA1_Channel1_IRQHandler
                0x0000000008000ecc                Default_Handler
                0x0000000008000ecc                TIM7_IRQHandler
                0x0000000008000ecc                SDMMC1_IRQHandler
                0x0000000008000ecc                TIM5_IRQHandler
                0x0000000008000ecc                I2C3_EV_IRQHandler
                0x0000000008000ecc                RTC_WKUP_IRQHandler
                0x0000000008000ecc                LTDC_IRQHandler
                0x0000000008000ecc                PVD_PVM_IRQHandler
                0x0000000008000ecc                SPI2_IRQHandler
                0x0000000008000ecc                CAN1_TX_IRQHandler
                0x0000000008000ecc                DMA2_Channel5_IRQHandler
                0x0000000008000ecc                DMA1_Channel5_IRQHandler
                0x0000000008000ecc                RNG_IRQHandler
                0x0000000008000ecc                TIM1_TRG_COM_TIM17_IRQHandler
                0x0000000008000ecc                DMA1_Channel3_IRQHandler
                0x0000000008000ecc                COMP_IRQHandler
                0x0000000008000ecc                HASH_CRS_IRQHandler
                0x0000000008000ecc                WWDG_IRQHandler
                0x0000000008000ecc                I2C4_EV_IRQHandler
                0x0000000008000ecc                LPUART1_IRQHandler
                0x0000000008000ecc                DMA2_Channel6_IRQHandler
                0x0000000008000ecc                TIM2_IRQHandler
                0x0000000008000ecc                DMA2D_IRQHandler
                0x0000000008000ecc                EXTI1_IRQHandler
                0x0000000008000ecc                SDMMC2_IRQHandler
                0x0000000008000ecc                USART2_IRQHandler
                0x0000000008000ecc                DFSDM1_FLT0_IRQHandler
                0x0000000008000ecc                I2C2_ER_IRQHandler
                0x0000000008000ecc                DMA1_Channel2_IRQHandler
                0x0000000008000ecc                TIM8_BRK_IRQHandler
                0x0000000008000ecc                CAN1_SCE_IRQHandler
                0x0000000008000ecc                FLASH_IRQHandler
                0x0000000008000ecc                USART1_IRQHandler
                0x0000000008000ecc                OTG_FS_IRQHandler
                0x0000000008000ecc                SPI3_IRQHandler
                0x0000000008000ecc                I2C1_ER_IRQHandler
                0x0000000008000ecc                FMC_IRQHandler
                0x0000000008000ecc                LPTIM1_IRQHandler
                0x0000000008000ecc                DCMI_PSSI_IRQHandler
                0x0000000008000ecc                I2C4_ER_IRQHandler
                0x0000000008000ecc                SAI1_IRQHandler
                0x0000000008000ecc                DMA2_Channel3_IRQHandler
                0x0000000008000ecc                TIM1_BRK_TIM15_IRQHandler
 .text.HAL_Init
                0x0000000008000ece       0x30 ./Drivers/STM32L4xx_HAL_Driver/Src/stm32l4xx_hal.o
                0x0000000008000ece                HAL_Init
 *fill*         0x0000000008000efe        0x2 
 .text.HAL_IncTick
                0x0000000008000f00       0x28 ./Drivers/STM32L4xx_HAL_Driver/Src/stm32l4xx_hal.o
                0x0000000008000f00                HAL_IncTick
 .text.HAL_GetTick
                0x0000000008000f28       0x18 ./Drivers/STM32L4xx_HAL_Driver/Src/stm32l4xx_hal.o
                0x0000000008000f28                HAL_GetTick
 .text.HAL_Delay
                0x0000000008000f40       0x48 ./Drivers/STM32L4xx_HAL_Driver/Src/stm32l4xx_hal.o
                0x0000000008000f40                HAL_Delay
 .text.LL_ADC_SetCommonClock
                0x0000000008000f88       0x26 ./Drivers/STM32L4xx_HAL_Driver/Src/stm32l4xx_hal_adc.o
 .text.LL_ADC_SetCommonPathInternalCh
                0x0000000008000fae       0x26 ./Drivers/STM32L4xx_HAL_Driver/Src/stm32l4xx_hal_adc.o
 .text.LL_ADC_GetCommonPathInternalCh
                0x0000000008000fd4       0x1c ./Drivers/STM32L4xx_HAL_Driver/Src/stm32l4xx_hal_adc.o
 .text.LL_ADC_SetOffset
                0x0000000008000ff0       0x48 ./Drivers/STM32L4xx_HAL_Driver/Src/stm32l4xx_hal_adc.o
 .text.LL_ADC_GetOffsetChannel
                0x0000000008001038       0x2c ./Drivers/STM32L4xx_HAL_Driver/Src/stm32l4xx_hal_adc.o
 .text.LL_ADC_SetOffsetState
                0x0000000008001064       0x36 ./Drivers/STM32L4xx_HAL_Driver/Src/stm32l4xx_hal_adc.o
 .text.LL_ADC_SetSamplingTimeCommonConfig
                0x000000000800109a       0x26 ./Drivers/STM32L4xx_HAL_Driver/Src/stm32l4xx_hal_adc.o
 .text.LL_ADC_REG_IsTriggerSourceSWStart
                0x00000000080010c0       0x26 ./Drivers/STM32L4xx_HAL_Driver/Src/stm32l4xx_hal_adc.o
 .text.LL_ADC_REG_SetSequencerRanks
                0x00000000080010e6       0x58 ./Drivers/STM32L4xx_HAL_Driver/Src/stm32l4xx_hal_adc.o
 .text.LL_ADC_SetChannelSamplingTime
                0x000000000800113e       0x56 ./Drivers/STM32L4xx_HAL_Driver/Src/stm32l4xx_hal_adc.o
 .text.LL_ADC_SetChannelSingleDiff
                0x0000000008001194       0x48 ./Drivers/STM32L4xx_HAL_Driver/Src/stm32l4xx_hal_adc.o
 .text.LL_ADC_GetMultimode
                0x00000000080011dc       0x1c ./Drivers/STM32L4xx_HAL_Driver/Src/stm32l4xx_hal_adc.o
 .text.LL_ADC_DisableDeepPowerDown
                0x00000000080011f8       0x24 ./Drivers/STM32L4xx_HAL_Driver/Src/stm32l4xx_hal_adc.o
 .text.LL_ADC_IsDeepPowerDownEnabled
                0x000000000800121c       0x28 ./Drivers/STM32L4xx_HAL_Driver/Src/stm32l4xx_hal_adc.o
 .text.LL_ADC_EnableInternalRegulator
                0x0000000008001244       0x28 ./Drivers/STM32L4xx_HAL_Driver/Src/stm32l4xx_hal_adc.o
 .text.LL_ADC_IsInternalRegulatorEnabled
                0x000000000800126c       0x28 ./Drivers/STM32L4xx_HAL_Driver/Src/stm32l4xx_hal_adc.o
 .text.LL_ADC_Enable
                0x0000000008001294       0x28 ./Drivers/STM32L4xx_HAL_Driver/Src/stm32l4xx_hal_adc.o
 .text.LL_ADC_IsEnabled
                0x00000000080012bc       0x26 ./Drivers/STM32L4xx_HAL_Driver/Src/stm32l4xx_hal_adc.o
 .text.LL_ADC_REG_StartConversion
                0x00000000080012e2       0x28 ./Drivers/STM32L4xx_HAL_Driver/Src/stm32l4xx_hal_adc.o
 .text.LL_ADC_REG_IsConversionOngoing
                0x000000000800130a       0x26 ./Drivers/STM32L4xx_HAL_Driver/Src/stm32l4xx_hal_adc.o
 .text.LL_ADC_INJ_IsConversionOngoing
                0x0000000008001330       0x26 ./Drivers/STM32L4xx_HAL_Driver/Src/stm32l4xx_hal_adc.o
 *fill*         0x0000000008001356        0x2 
 .text.HAL_ADC_Init
                0x0000000008001358      0x2a4 ./Drivers/STM32L4xx_HAL_Driver/Src/stm32l4xx_hal_adc.o
                0x0000000008001358                HAL_ADC_Init
 .text.HAL_ADC_Start_IT
                0x00000000080015fc      0x264 ./Drivers/STM32L4xx_HAL_Driver/Src/stm32l4xx_hal_adc.o
                0x00000000080015fc                HAL_ADC_Start_IT
 .text.HAL_ADC_Start_DMA
                0x0000000008001860      0x168 ./Drivers/STM32L4xx_HAL_Driver/Src/stm32l4xx_hal_adc.o
                0x0000000008001860                HAL_ADC_Start_DMA
 .text.HAL_ADC_ConvCpltCallback
                0x00000000080019c8       0x14 ./Drivers/STM32L4xx_HAL_Driver/Src/stm32l4xx_hal_adc.o
                0x00000000080019c8                HAL_ADC_ConvCpltCallback
 .text.HAL_ADC_ConvHalfCpltCallback
                0x00000000080019dc       0x14 ./Drivers/STM32L4xx_HAL_Driver/Src/stm32l4xx_hal_adc.o
                0x00000000080019dc                HAL_ADC_ConvHalfCpltCallback
 .text.HAL_ADC_ErrorCallback
                0x00000000080019f0       0x14 ./Drivers/STM32L4xx_HAL_Driver/Src/stm32l4xx_hal_adc.o
                0x00000000080019f0                HAL_ADC_ErrorCallback
 .text.HAL_ADC_ConfigChannel
                0x0000000008001a04      0x7f8 ./Drivers/STM32L4xx_HAL_Driver/Src/stm32l4xx_hal_adc.o
                0x0000000008001a04                HAL_ADC_ConfigChannel
 .text.ADC_Enable
                0x00000000080021fc      0x10c ./Drivers/STM32L4xx_HAL_Driver/Src/stm32l4xx_hal_adc.o
                0x00000000080021fc                ADC_Enable
 .text.ADC_DMAConvCplt
                0x0000000008002308       0xd8 ./Drivers/STM32L4xx_HAL_Driver/Src/stm32l4xx_hal_adc.o
                0x0000000008002308                ADC_DMAConvCplt
 .text.ADC_DMAHalfConvCplt
                0x00000000080023e0       0x1c ./Drivers/STM32L4xx_HAL_Driver/Src/stm32l4xx_hal_adc.o
                0x00000000080023e0                ADC_DMAHalfConvCplt
 .text.ADC_DMAError
                0x00000000080023fc       0x34 ./Drivers/STM32L4xx_HAL_Driver/Src/stm32l4xx_hal_adc.o
                0x00000000080023fc                ADC_DMAError
 .text.LL_ADC_IsEnabled
                0x0000000008002430       0x26 ./Drivers/STM32L4xx_HAL_Driver/Src/stm32l4xx_hal_adc_ex.o
 .text.LL_ADC_REG_IsConversionOngoing
                0x0000000008002456       0x26 ./Drivers/STM32L4xx_HAL_Driver/Src/stm32l4xx_hal_adc_ex.o
 .text.HAL_ADCEx_MultiModeConfigChannel
                0x000000000800247c      0x148 ./Drivers/STM32L4xx_HAL_Driver/Src/stm32l4xx_hal_adc_ex.o
                0x000000000800247c                HAL_ADCEx_MultiModeConfigChannel
 .text.HAL_CAN_Init
                0x00000000080025c4      0x1f6 ./Drivers/STM32L4xx_HAL_Driver/Src/stm32l4xx_hal_can.o
                0x00000000080025c4                HAL_CAN_Init
 .text.HAL_CAN_ConfigFilter
                0x00000000080027ba      0x194 ./Drivers/STM32L4xx_HAL_Driver/Src/stm32l4xx_hal_can.o
                0x00000000080027ba                HAL_CAN_ConfigFilter
 .text.HAL_CAN_Start
                0x000000000800294e       0x88 ./Drivers/STM32L4xx_HAL_Driver/Src/stm32l4xx_hal_can.o
                0x000000000800294e                HAL_CAN_Start
 .text.HAL_CAN_AddTxMessage
                0x00000000080029d6      0x1a0 ./Drivers/STM32L4xx_HAL_Driver/Src/stm32l4xx_hal_can.o
                0x00000000080029d6                HAL_CAN_AddTxMessage
 .text.HAL_CAN_ActivateNotification
                0x0000000008002b76       0x4c ./Drivers/STM32L4xx_HAL_Driver/Src/stm32l4xx_hal_can.o
                0x0000000008002b76                HAL_CAN_ActivateNotification
 *fill*         0x0000000008002bc2        0x2 
 .text.__NVIC_SetPriorityGrouping
                0x0000000008002bc4       0x48 ./Drivers/STM32L4xx_HAL_Driver/Src/stm32l4xx_hal_cortex.o
 .text.__NVIC_GetPriorityGrouping
                0x0000000008002c0c       0x1c ./Drivers/STM32L4xx_HAL_Driver/Src/stm32l4xx_hal_cortex.o
 .text.__NVIC_EnableIRQ
                0x0000000008002c28       0x3c ./Drivers/STM32L4xx_HAL_Driver/Src/stm32l4xx_hal_cortex.o
 .text.__NVIC_SetPriority
                0x0000000008002c64       0x54 ./Drivers/STM32L4xx_HAL_Driver/Src/stm32l4xx_hal_cortex.o
 .text.NVIC_EncodePriority
                0x0000000008002cb8       0x66 ./Drivers/STM32L4xx_HAL_Driver/Src/stm32l4xx_hal_cortex.o
 .text.HAL_NVIC_SetPriorityGrouping
                0x0000000008002d1e       0x16 ./Drivers/STM32L4xx_HAL_Driver/Src/stm32l4xx_hal_cortex.o
                0x0000000008002d1e                HAL_NVIC_SetPriorityGrouping
 .text.HAL_NVIC_SetPriority
                0x0000000008002d34       0x38 ./Drivers/STM32L4xx_HAL_Driver/Src/stm32l4xx_hal_cortex.o
                0x0000000008002d34                HAL_NVIC_SetPriority
 .text.HAL_NVIC_EnableIRQ
                0x0000000008002d6c       0x1c ./Drivers/STM32L4xx_HAL_Driver/Src/stm32l4xx_hal_cortex.o
                0x0000000008002d6c                HAL_NVIC_EnableIRQ
 .text.HAL_DMA_Init
                0x0000000008002d88      0x150 ./Drivers/STM32L4xx_HAL_Driver/Src/stm32l4xx_hal_dma.o
                0x0000000008002d88                HAL_DMA_Init
 .text.HAL_DMA_Start_IT
                0x0000000008002ed8       0xf6 ./Drivers/STM32L4xx_HAL_Driver/Src/stm32l4xx_hal_dma.o
                0x0000000008002ed8                HAL_DMA_Start_IT
 .text.HAL_DMA_IRQHandler
                0x0000000008002fce      0x15e ./Drivers/STM32L4xx_HAL_Driver/Src/stm32l4xx_hal_dma.o
                0x0000000008002fce                HAL_DMA_IRQHandler
 .text.DMA_SetConfig
                0x000000000800312c       0x7c ./Drivers/STM32L4xx_HAL_Driver/Src/stm32l4xx_hal_dma.o
 .text.DMA_CalcDMAMUXChannelBaseAndMask
                0x00000000080031a8       0x7c ./Drivers/STM32L4xx_HAL_Driver/Src/stm32l4xx_hal_dma.o
 .text.DMA_CalcDMAMUXRequestGenBaseAndMask
                0x0000000008003224       0x48 ./Drivers/STM32L4xx_HAL_Driver/Src/stm32l4xx_hal_dma.o
 .text.HAL_GPIO_Init
                0x000000000800326c      0x324 ./Drivers/STM32L4xx_HAL_Driver/Src/stm32l4xx_hal_gpio.o
                0x000000000800326c                HAL_GPIO_Init
 .text.HAL_GPIO_WritePin
                0x0000000008003590       0x30 ./Drivers/STM32L4xx_HAL_Driver/Src/stm32l4xx_hal_gpio.o
                0x0000000008003590                HAL_GPIO_WritePin
 .text.HAL_GPIO_TogglePin
                0x00000000080035c0       0x34 ./Drivers/STM32L4xx_HAL_Driver/Src/stm32l4xx_hal_gpio.o
                0x00000000080035c0                HAL_GPIO_TogglePin
 .text.HAL_GPIO_EXTI_IRQHandler
                0x00000000080035f4       0x30 ./Drivers/STM32L4xx_HAL_Driver/Src/stm32l4xx_hal_gpio.o
                0x00000000080035f4                HAL_GPIO_EXTI_IRQHandler
 .text.HAL_PWREx_GetVoltageRange
                0x0000000008003624       0x40 ./Drivers/STM32L4xx_HAL_Driver/Src/stm32l4xx_hal_pwr_ex.o
                0x0000000008003624                HAL_PWREx_GetVoltageRange
 .text.HAL_PWREx_ControlVoltageScaling
                0x0000000008003664      0x148 ./Drivers/STM32L4xx_HAL_Driver/Src/stm32l4xx_hal_pwr_ex.o
                0x0000000008003664                HAL_PWREx_ControlVoltageScaling
 .text.HAL_RCC_OscConfig
                0x00000000080037ac      0x8f8 ./Drivers/STM32L4xx_HAL_Driver/Src/stm32l4xx_hal_rcc.o
                0x00000000080037ac                HAL_RCC_OscConfig
 .text.HAL_RCC_ClockConfig
                0x00000000080040a4      0x274 ./Drivers/STM32L4xx_HAL_Driver/Src/stm32l4xx_hal_rcc.o
                0x00000000080040a4                HAL_RCC_ClockConfig
 .text.HAL_RCC_GetSysClockFreq
                0x0000000008004318      0x118 ./Drivers/STM32L4xx_HAL_Driver/Src/stm32l4xx_hal_rcc.o
                0x0000000008004318                HAL_RCC_GetSysClockFreq
 .text.HAL_RCC_GetHCLKFreq
                0x0000000008004430       0x18 ./Drivers/STM32L4xx_HAL_Driver/Src/stm32l4xx_hal_rcc.o
                0x0000000008004430                HAL_RCC_GetHCLKFreq
 .text.HAL_RCC_GetPCLK2Freq
                0x0000000008004448       0x2c ./Drivers/STM32L4xx_HAL_Driver/Src/stm32l4xx_hal_rcc.o
                0x0000000008004448                HAL_RCC_GetPCLK2Freq
 .text.HAL_RCC_GetClockConfig
                0x0000000008004474       0x64 ./Drivers/STM32L4xx_HAL_Driver/Src/stm32l4xx_hal_rcc.o
                0x0000000008004474                HAL_RCC_GetClockConfig
 .text.RCC_SetFlashLatencyFromMSIRange
                0x00000000080044d8       0xb4 ./Drivers/STM32L4xx_HAL_Driver/Src/stm32l4xx_hal_rcc.o
 .text.RCC_GetSysClockFreqFromPLLSource
                0x000000000800458c       0xcc ./Drivers/STM32L4xx_HAL_Driver/Src/stm32l4xx_hal_rcc.o
 .text.HAL_RCCEx_PeriphCLKConfig
                0x0000000008004658      0x6d8 ./Drivers/STM32L4xx_HAL_Driver/Src/stm32l4xx_hal_rcc_ex.o
                0x0000000008004658                HAL_RCCEx_PeriphCLKConfig
 .text.RCCEx_PLLSAI1_Config
                0x0000000008004d30      0x1e8 ./Drivers/STM32L4xx_HAL_Driver/Src/stm32l4xx_hal_rcc_ex.o
 .text.RCCEx_PLLSAI2_Config
                0x0000000008004f18      0x1e8 ./Drivers/STM32L4xx_HAL_Driver/Src/stm32l4xx_hal_rcc_ex.o
 .text.HAL_TIM_Base_Init
                0x0000000008005100       0xae ./Drivers/STM32L4xx_HAL_Driver/Src/stm32l4xx_hal_tim.o
                0x0000000008005100                HAL_TIM_Base_Init
 .text.HAL_TIM_Base_MspInit
                0x00000000080051ae       0x14 ./Drivers/STM32L4xx_HAL_Driver/Src/stm32l4xx_hal_tim.o
                0x00000000080051ae                HAL_TIM_Base_MspInit
 *fill*         0x00000000080051c2        0x2 
 .text.HAL_TIM_Base_Start_IT
                0x00000000080051c4       0xe0 ./Drivers/STM32L4xx_HAL_Driver/Src/stm32l4xx_hal_tim.o
                0x00000000080051c4                HAL_TIM_Base_Start_IT
 .text.HAL_TIM_IRQHandler
                0x00000000080052a4      0x23e ./Drivers/STM32L4xx_HAL_Driver/Src/stm32l4xx_hal_tim.o
                0x00000000080052a4                HAL_TIM_IRQHandler
 .text.HAL_TIM_OC_DelayElapsedCallback
                0x00000000080054e2       0x14 ./Drivers/STM32L4xx_HAL_Driver/Src/stm32l4xx_hal_tim.o
                0x00000000080054e2                HAL_TIM_OC_DelayElapsedCallback
 .text.HAL_TIM_IC_CaptureCallback
                0x00000000080054f6       0x14 ./Drivers/STM32L4xx_HAL_Driver/Src/stm32l4xx_hal_tim.o
                0x00000000080054f6                HAL_TIM_IC_CaptureCallback
 .text.HAL_TIM_PWM_PulseFinishedCallback
                0x000000000800550a       0x14 ./Drivers/STM32L4xx_HAL_Driver/Src/stm32l4xx_hal_tim.o
                0x000000000800550a                HAL_TIM_PWM_PulseFinishedCallback
 .text.HAL_TIM_TriggerCallback
                0x000000000800551e       0x14 ./Drivers/STM32L4xx_HAL_Driver/Src/stm32l4xx_hal_tim.o
                0x000000000800551e                HAL_TIM_TriggerCallback
 *fill*         0x0000000008005532        0x2 
 .text.TIM_Base_SetConfig
                0x0000000008005534      0x134 ./Drivers/STM32L4xx_HAL_Driver/Src/stm32l4xx_hal_tim.o
                0x0000000008005534                TIM_Base_SetConfig
 .text.HAL_TIMEx_CommutCallback
                0x0000000008005668       0x14 ./Drivers/STM32L4xx_HAL_Driver/Src/stm32l4xx_hal_tim_ex.o
                0x0000000008005668                HAL_TIMEx_CommutCallback
 .text.HAL_TIMEx_BreakCallback
                0x000000000800567c       0x14 ./Drivers/STM32L4xx_HAL_Driver/Src/stm32l4xx_hal_tim_ex.o
                0x000000000800567c                HAL_TIMEx_BreakCallback
 .text.HAL_TIMEx_Break2Callback
                0x0000000008005690       0x14 ./Drivers/STM32L4xx_HAL_Driver/Src/stm32l4xx_hal_tim_ex.o
                0x0000000008005690                HAL_TIMEx_Break2Callback
 .text.__libc_init_array
                0x00000000080056a4       0x48 /opt/st/stm32cubeide_1.9.0/plugins/com.st.stm32cube.ide.mcu.externaltools.gnu-tools-for-stm32.10.3-2021.10.linux64_1.0.0.202111181127/tools/bin/../lib/gcc/arm-none-eabi/10.3.1/../../../../arm-none-eabi/lib/thumb/v7e-m+fp/hard/libc_nano.a(lib_a-init.o)
                0x00000000080056a4                __libc_init_array
 .text.memset   0x00000000080056ec       0x10 /opt/st/stm32cubeide_1.9.0/plugins/com.st.stm32cube.ide.mcu.externaltools.gnu-tools-for-stm32.10.3-2021.10.linux64_1.0.0.202111181127/tools/bin/../lib/gcc/arm-none-eabi/10.3.1/../../../../arm-none-eabi/lib/thumb/v7e-m+fp/hard/libc_nano.a(lib_a-memset.o)
                0x00000000080056ec                memset
 *(.glue_7)
 .glue_7        0x00000000080056fc        0x0 linker stubs
 *(.glue_7t)
 .glue_7t       0x00000000080056fc        0x0 linker stubs
 *(.eh_frame)
 .eh_frame      0x00000000080056fc        0x0 /opt/st/stm32cubeide_1.9.0/plugins/com.st.stm32cube.ide.mcu.externaltools.gnu-tools-for-stm32.10.3-2021.10.linux64_1.0.0.202111181127/tools/bin/../lib/gcc/arm-none-eabi/10.3.1/thumb/v7e-m+fp/hard/crtbegin.o
 *(.init)
 .init          0x00000000080056fc        0x4 /opt/st/stm32cubeide_1.9.0/plugins/com.st.stm32cube.ide.mcu.externaltools.gnu-tools-for-stm32.10.3-2021.10.linux64_1.0.0.202111181127/tools/bin/../lib/gcc/arm-none-eabi/10.3.1/thumb/v7e-m+fp/hard/crti.o
                0x00000000080056fc                _init
 .init          0x0000000008005700        0x8 /opt/st/stm32cubeide_1.9.0/plugins/com.st.stm32cube.ide.mcu.externaltools.gnu-tools-for-stm32.10.3-2021.10.linux64_1.0.0.202111181127/tools/bin/../lib/gcc/arm-none-eabi/10.3.1/thumb/v7e-m+fp/hard/crtn.o
 *(.fini)
 .fini          0x0000000008005708        0x4 /opt/st/stm32cubeide_1.9.0/plugins/com.st.stm32cube.ide.mcu.externaltools.gnu-tools-for-stm32.10.3-2021.10.linux64_1.0.0.202111181127/tools/bin/../lib/gcc/arm-none-eabi/10.3.1/thumb/v7e-m+fp/hard/crti.o
                0x0000000008005708                _fini
 .fini          0x000000000800570c        0x8 /opt/st/stm32cubeide_1.9.0/plugins/com.st.stm32cube.ide.mcu.externaltools.gnu-tools-for-stm32.10.3-2021.10.linux64_1.0.0.202111181127/tools/bin/../lib/gcc/arm-none-eabi/10.3.1/thumb/v7e-m+fp/hard/crtn.o
                0x0000000008005714                . = ALIGN (0x4)
                0x0000000008005714                _etext = .

.vfp11_veneer   0x0000000008005714        0x0
 .vfp11_veneer  0x0000000008005714        0x0 linker stubs

.v4_bx          0x0000000008005714        0x0
 .v4_bx         0x0000000008005714        0x0 linker stubs

.iplt           0x0000000008005714        0x0
 .iplt          0x0000000008005714        0x0 /opt/st/stm32cubeide_1.9.0/plugins/com.st.stm32cube.ide.mcu.externaltools.gnu-tools-for-stm32.10.3-2021.10.linux64_1.0.0.202111181127/tools/bin/../lib/gcc/arm-none-eabi/10.3.1/thumb/v7e-m+fp/hard/crtbegin.o

.rodata         0x0000000008005714       0x78
                0x0000000008005714                . = ALIGN (0x4)
 *(.rodata)
 *(.rodata*)
 .rodata._ZN8PUTM_CANL33can_tx_header_STEERING_WHEEL_MAINE
                0x0000000008005714       0x18 ./Core/Src/main.o
 .rodata._ZN8PUTM_CANL34can_tx_header_STEERING_WHEEL_EVENTE
                0x000000000800572c       0x18 ./Core/Src/main.o
 .rodata.AHBPrescTable
                0x0000000008005744       0x10 ./Core/Src/system_stm32l4xx.o
                0x0000000008005744                AHBPrescTable
 .rodata.APBPrescTable
                0x0000000008005754        0x8 ./Core/Src/system_stm32l4xx.o
                0x0000000008005754                APBPrescTable
 .rodata.MSIRangeTable
                0x000000000800575c       0x30 ./Core/Src/system_stm32l4xx.o
                0x000000000800575c                MSIRangeTable
                0x000000000800578c                . = ALIGN (0x4)

.rel.dyn        0x000000000800578c        0x0
 .rel.iplt      0x000000000800578c        0x0 /opt/st/stm32cubeide_1.9.0/plugins/com.st.stm32cube.ide.mcu.externaltools.gnu-tools-for-stm32.10.3-2021.10.linux64_1.0.0.202111181127/tools/bin/../lib/gcc/arm-none-eabi/10.3.1/thumb/v7e-m+fp/hard/crtbegin.o

.ARM.extab      0x000000000800578c        0x0
                0x000000000800578c                . = ALIGN (0x4)
 *(.ARM.extab* .gnu.linkonce.armextab.*)
                0x000000000800578c                . = ALIGN (0x4)

.ARM            0x000000000800578c        0x0
                0x000000000800578c                . = ALIGN (0x4)
                0x000000000800578c                __exidx_start = .
 *(.ARM.exidx*)
                0x000000000800578c                __exidx_end = .
                0x000000000800578c                . = ALIGN (0x4)

.preinit_array  0x000000000800578c        0x0
                0x000000000800578c                . = ALIGN (0x4)
                0x000000000800578c                PROVIDE (__preinit_array_start = .)
 *(.preinit_array*)
                0x000000000800578c                PROVIDE (__preinit_array_end = .)
                0x000000000800578c                . = ALIGN (0x4)

.init_array     0x000000000800578c        0x4
                0x000000000800578c                . = ALIGN (0x4)
                0x000000000800578c                PROVIDE (__init_array_start = .)
 *(SORT_BY_NAME(.init_array.*))
 *(.init_array*)
 .init_array    0x000000000800578c        0x4 /opt/st/stm32cubeide_1.9.0/plugins/com.st.stm32cube.ide.mcu.externaltools.gnu-tools-for-stm32.10.3-2021.10.linux64_1.0.0.202111181127/tools/bin/../lib/gcc/arm-none-eabi/10.3.1/thumb/v7e-m+fp/hard/crtbegin.o
                0x0000000008005790                PROVIDE (__init_array_end = .)
                0x0000000008005790                . = ALIGN (0x4)

.fini_array     0x0000000008005790        0x4
                0x0000000008005790                . = ALIGN (0x4)
                [!provide]                        PROVIDE (__fini_array_start = .)
 *(SORT_BY_NAME(.fini_array.*))
 *(.fini_array*)
 .fini_array    0x0000000008005790        0x4 /opt/st/stm32cubeide_1.9.0/plugins/com.st.stm32cube.ide.mcu.externaltools.gnu-tools-for-stm32.10.3-2021.10.linux64_1.0.0.202111181127/tools/bin/../lib/gcc/arm-none-eabi/10.3.1/thumb/v7e-m+fp/hard/crtbegin.o
                [!provide]                        PROVIDE (__fini_array_end = .)
                0x0000000008005794                . = ALIGN (0x4)
                0x0000000008005794                _sidata = LOADADDR (.data)

.data           0x0000000020000000        0xc load address 0x0000000008005794
                0x0000000020000000                . = ALIGN (0x4)
                0x0000000020000000                _sdata = .
 *(.data)
 *(.data*)
 .data.SystemCoreClock
                0x0000000020000000        0x4 ./Core/Src/system_stm32l4xx.o
                0x0000000020000000                SystemCoreClock
 .data.uwTickPrio
                0x0000000020000004        0x4 ./Drivers/STM32L4xx_HAL_Driver/Src/stm32l4xx_hal.o
                0x0000000020000004                uwTickPrio
 .data.uwTickFreq
                0x0000000020000008        0x1 ./Drivers/STM32L4xx_HAL_Driver/Src/stm32l4xx_hal.o
                0x0000000020000008                uwTickFreq
 *(.RamFunc)
 *(.RamFunc*)
                0x000000002000000c                . = ALIGN (0x4)
 *fill*         0x0000000020000009        0x3 
                0x000000002000000c                _edata = .

.igot.plt       0x000000002000000c        0x0 load address 0x00000000080057a0
 .igot.plt      0x000000002000000c        0x0 /opt/st/stm32cubeide_1.9.0/plugins/com.st.stm32cube.ide.mcu.externaltools.gnu-tools-for-stm32.10.3-2021.10.linux64_1.0.0.202111181127/tools/bin/../lib/gcc/arm-none-eabi/10.3.1/thumb/v7e-m+fp/hard/crtbegin.o
                0x000000002000000c                . = ALIGN (0x4)

.bss            0x000000002000000c      0x268 load address 0x00000000080057a0
                0x000000002000000c                _sbss = .
                0x000000002000000c                __bss_start__ = _sbss
 *(.bss)
 .bss           0x000000002000000c       0x1c /opt/st/stm32cubeide_1.9.0/plugins/com.st.stm32cube.ide.mcu.externaltools.gnu-tools-for-stm32.10.3-2021.10.linux64_1.0.0.202111181127/tools/bin/../lib/gcc/arm-none-eabi/10.3.1/thumb/v7e-m+fp/hard/crtbegin.o
 *(.bss*)
 .bss._ZZN8PUTM_CAN14Can_tx_messageINS_20Steering_Wheel_eventEE4sendER19__CAN_HandleTypeDefE9TxMailbox
                0x0000000020000028        0x4 ./Core/Src/main.o
                0x0000000020000028                PUTM_CAN::Can_tx_message<PUTM_CAN::Steering_Wheel_event>::send(__CAN_HandleTypeDef&)::TxMailbox
 .bss._ZZN8PUTM_CAN14Can_tx_messageINS_19Steering_Wheel_mainEE4sendER19__CAN_HandleTypeDefE9TxMailbox
                0x000000002000002c        0x4 ./Core/Src/main.o
                0x000000002000002c                PUTM_CAN::Can_tx_message<PUTM_CAN::Steering_Wheel_main>::send(__CAN_HandleTypeDef&)::TxMailbox
 .bss.hadc1     0x0000000020000030       0x68 ./Core/Src/main.o
                0x0000000020000030                hadc1
 .bss.hadc2     0x0000000020000098       0x68 ./Core/Src/main.o
                0x0000000020000098                hadc2
 .bss.hcan1     0x0000000020000100       0x28 ./Core/Src/main.o
                0x0000000020000100                hcan1
 .bss.hdma_adc1
                0x0000000020000128       0x60 ./Core/Src/main.o
                0x0000000020000128                hdma_adc1
 .bss.hdma_adc2
                0x0000000020000188       0x60 ./Core/Src/main.o
                0x0000000020000188                hdma_adc2
 .bss.i         0x00000000200001e8        0x4 ./Core/Src/main.o
                0x00000000200001e8                i
 .bss.left_adc_reading
                0x00000000200001ec       0x14 ./Core/Src/main.o
                0x00000000200001ec                left_adc_reading
 .bss.left_last_state
                0x0000000020000200        0x4 ./Core/Src/main.o
                0x0000000020000200                left_last_state
 .bss.right_adc_reading
                0x0000000020000204       0x14 ./Core/Src/main.o
                0x0000000020000204                right_adc_reading
 .bss.sw3_pressed
                0x0000000020000218        0x1 ./Core/Src/main.o
                0x0000000020000218                sw3_pressed
 .bss.sw4_pressed
                0x0000000020000219        0x1 ./Core/Src/main.o
                0x0000000020000219                sw4_pressed
 .bss.sw5_pressed
                0x000000002000021a        0x1 ./Core/Src/main.o
                0x000000002000021a                sw5_pressed
 .bss.sw6_pressed
                0x000000002000021b        0x1 ./Core/Src/main.o
                0x000000002000021b                sw6_pressed
 .bss.timer     0x000000002000021c        0x4 ./Core/Src/main.o
                0x000000002000021c                timer
 .bss.HAL_RCC_ADC_CLK_ENABLED
                0x0000000020000220        0x4 ./Core/Src/stm32l4xx_hal_msp.o
 .bss.htim1     0x0000000020000224       0x4c ./Core/Src/stm32l4xx_hal_timebase_tim.o
                0x0000000020000224                htim1
 .bss.uwTick    0x0000000020000270        0x4 ./Drivers/STM32L4xx_HAL_Driver/Src/stm32l4xx_hal.o
                0x0000000020000270                uwTick
 *(COMMON)
                0x0000000020000274                . = ALIGN (0x4)
                0x0000000020000274                _ebss = .
                0x0000000020000274                __bss_end__ = _ebss

._user_heap_stack
                0x0000000020000274      0x604 load address 0x00000000080057a0
                0x0000000020000278                . = ALIGN (0x8)
 *fill*         0x0000000020000274        0x4 
                [!provide]                        PROVIDE (end = .)
                0x0000000020000278                PROVIDE (_end = .)
                0x0000000020000478                . = (. + _Min_Heap_Size)
 *fill*         0x0000000020000278      0x200 
                0x0000000020000878                . = (. + _Min_Stack_Size)
 *fill*         0x0000000020000478      0x400 
                0x0000000020000878                . = ALIGN (0x8)

/DISCARD/
 libc.a(*)
 libm.a(*)
 libgcc.a(*)

.ARM.attributes
                0x0000000000000000       0x30
 *(.ARM.attributes)
 .ARM.attributes
                0x0000000000000000       0x1e /opt/st/stm32cubeide_1.9.0/plugins/com.st.stm32cube.ide.mcu.externaltools.gnu-tools-for-stm32.10.3-2021.10.linux64_1.0.0.202111181127/tools/bin/../lib/gcc/arm-none-eabi/10.3.1/thumb/v7e-m+fp/hard/crti.o
 .ARM.attributes
                0x000000000000001e       0x34 /opt/st/stm32cubeide_1.9.0/plugins/com.st.stm32cube.ide.mcu.externaltools.gnu-tools-for-stm32.10.3-2021.10.linux64_1.0.0.202111181127/tools/bin/../lib/gcc/arm-none-eabi/10.3.1/thumb/v7e-m+fp/hard/crtbegin.o
 .ARM.attributes
                0x0000000000000052       0x34 ./Core/Src/main.o
 .ARM.attributes
                0x0000000000000086       0x34 ./Core/Src/stm32l4xx_hal_msp.o
 .ARM.attributes
                0x00000000000000ba       0x34 ./Core/Src/stm32l4xx_hal_timebase_tim.o
 .ARM.attributes
                0x00000000000000ee       0x34 ./Core/Src/stm32l4xx_it.o
 .ARM.attributes
                0x0000000000000122       0x34 ./Core/Src/system_stm32l4xx.o
 .ARM.attributes
                0x0000000000000156       0x21 ./Core/Startup/startup_stm32l4p5retx.o
 .ARM.attributes
                0x0000000000000177       0x34 ./Drivers/STM32L4xx_HAL_Driver/Src/stm32l4xx_hal.o
 .ARM.attributes
                0x00000000000001ab       0x34 ./Drivers/STM32L4xx_HAL_Driver/Src/stm32l4xx_hal_adc.o
 .ARM.attributes
                0x00000000000001df       0x34 ./Drivers/STM32L4xx_HAL_Driver/Src/stm32l4xx_hal_adc_ex.o
 .ARM.attributes
                0x0000000000000213       0x34 ./Drivers/STM32L4xx_HAL_Driver/Src/stm32l4xx_hal_can.o
 .ARM.attributes
                0x0000000000000247       0x34 ./Drivers/STM32L4xx_HAL_Driver/Src/stm32l4xx_hal_cortex.o
 .ARM.attributes
                0x000000000000027b       0x34 ./Drivers/STM32L4xx_HAL_Driver/Src/stm32l4xx_hal_dma.o
 .ARM.attributes
                0x00000000000002af       0x34 ./Drivers/STM32L4xx_HAL_Driver/Src/stm32l4xx_hal_gpio.o
 .ARM.attributes
                0x00000000000002e3       0x34 ./Drivers/STM32L4xx_HAL_Driver/Src/stm32l4xx_hal_pwr_ex.o
 .ARM.attributes
                0x0000000000000317       0x34 ./Drivers/STM32L4xx_HAL_Driver/Src/stm32l4xx_hal_rcc.o
 .ARM.attributes
                0x000000000000034b       0x34 ./Drivers/STM32L4xx_HAL_Driver/Src/stm32l4xx_hal_rcc_ex.o
 .ARM.attributes
                0x000000000000037f       0x34 ./Drivers/STM32L4xx_HAL_Driver/Src/stm32l4xx_hal_tim.o
 .ARM.attributes
                0x00000000000003b3       0x34 ./Drivers/STM32L4xx_HAL_Driver/Src/stm32l4xx_hal_tim_ex.o
 .ARM.attributes
                0x00000000000003e7       0x34 /opt/st/stm32cubeide_1.9.0/plugins/com.st.stm32cube.ide.mcu.externaltools.gnu-tools-for-stm32.10.3-2021.10.linux64_1.0.0.202111181127/tools/bin/../lib/gcc/arm-none-eabi/10.3.1/../../../../arm-none-eabi/lib/thumb/v7e-m+fp/hard/libc_nano.a(lib_a-init.o)
 .ARM.attributes
                0x000000000000041b       0x34 /opt/st/stm32cubeide_1.9.0/plugins/com.st.stm32cube.ide.mcu.externaltools.gnu-tools-for-stm32.10.3-2021.10.linux64_1.0.0.202111181127/tools/bin/../lib/gcc/arm-none-eabi/10.3.1/../../../../arm-none-eabi/lib/thumb/v7e-m+fp/hard/libc_nano.a(lib_a-memset.o)
 .ARM.attributes
                0x000000000000044f       0x1e /opt/st/stm32cubeide_1.9.0/plugins/com.st.stm32cube.ide.mcu.externaltools.gnu-tools-for-stm32.10.3-2021.10.linux64_1.0.0.202111181127/tools/bin/../lib/gcc/arm-none-eabi/10.3.1/thumb/v7e-m+fp/hard/crtn.o
OUTPUT(kiera.elf elf32-littlearm)
LOAD linker stubs
LOAD /opt/st/stm32cubeide_1.9.0/plugins/com.st.stm32cube.ide.mcu.externaltools.gnu-tools-for-stm32.10.3-2021.10.linux64_1.0.0.202111181127/tools/bin/../lib/gcc/arm-none-eabi/10.3.1/../../../../arm-none-eabi/lib/thumb/v7e-m+fp/hard/libc.a
LOAD /opt/st/stm32cubeide_1.9.0/plugins/com.st.stm32cube.ide.mcu.externaltools.gnu-tools-for-stm32.10.3-2021.10.linux64_1.0.0.202111181127/tools/bin/../lib/gcc/arm-none-eabi/10.3.1/../../../../arm-none-eabi/lib/thumb/v7e-m+fp/hard/libm.a
LOAD /opt/st/stm32cubeide_1.9.0/plugins/com.st.stm32cube.ide.mcu.externaltools.gnu-tools-for-stm32.10.3-2021.10.linux64_1.0.0.202111181127/tools/bin/../lib/gcc/arm-none-eabi/10.3.1/thumb/v7e-m+fp/hard/libgcc.a

.debug_info     0x0000000000000000    0x19871
 .debug_info    0x0000000000000000     0x7e72 ./Core/Src/main.o
 .debug_info    0x0000000000007e72     0x11fd ./Core/Src/stm32l4xx_hal_msp.o
 .debug_info    0x000000000000906f      0xe24 ./Core/Src/stm32l4xx_hal_timebase_tim.o
 .debug_info    0x0000000000009e93      0x93a ./Core/Src/stm32l4xx_it.o
 .debug_info    0x000000000000a7cd      0x605 ./Core/Src/system_stm32l4xx.o
 .debug_info    0x000000000000add2       0x22 ./Core/Startup/startup_stm32l4p5retx.o
 .debug_info    0x000000000000adf4      0xb99 ./Drivers/STM32L4xx_HAL_Driver/Src/stm32l4xx_hal.o
 .debug_info    0x000000000000b98d     0x1fe3 ./Drivers/STM32L4xx_HAL_Driver/Src/stm32l4xx_hal_adc.o
 .debug_info    0x000000000000d970     0x1d4a ./Drivers/STM32L4xx_HAL_Driver/Src/stm32l4xx_hal_adc_ex.o
 .debug_info    0x000000000000f6ba     0x1038 ./Drivers/STM32L4xx_HAL_Driver/Src/stm32l4xx_hal_can.o
 .debug_info    0x00000000000106f2      0xe3f ./Drivers/STM32L4xx_HAL_Driver/Src/stm32l4xx_hal_cortex.o
 .debug_info    0x0000000000011531      0x8ce ./Drivers/STM32L4xx_HAL_Driver/Src/stm32l4xx_hal_dma.o
 .debug_info    0x0000000000011dff      0x859 ./Drivers/STM32L4xx_HAL_Driver/Src/stm32l4xx_hal_gpio.o
 .debug_info    0x0000000000012658      0xa84 ./Drivers/STM32L4xx_HAL_Driver/Src/stm32l4xx_hal_pwr_ex.o
 .debug_info    0x00000000000130dc      0xe72 ./Drivers/STM32L4xx_HAL_Driver/Src/stm32l4xx_hal_rcc.o
 .debug_info    0x0000000000013f4e     0x1200 ./Drivers/STM32L4xx_HAL_Driver/Src/stm32l4xx_hal_rcc_ex.o
 .debug_info    0x000000000001514e     0x2e1e ./Drivers/STM32L4xx_HAL_Driver/Src/stm32l4xx_hal_tim.o
 .debug_info    0x0000000000017f6c     0x1905 ./Drivers/STM32L4xx_HAL_Driver/Src/stm32l4xx_hal_tim_ex.o

.debug_abbrev   0x0000000000000000     0x2c95
 .debug_abbrev  0x0000000000000000      0x888 ./Core/Src/main.o
 .debug_abbrev  0x0000000000000888      0x22f ./Core/Src/stm32l4xx_hal_msp.o
 .debug_abbrev  0x0000000000000ab7      0x1d3 ./Core/Src/stm32l4xx_hal_timebase_tim.o
 .debug_abbrev  0x0000000000000c8a      0x18b ./Core/Src/stm32l4xx_it.o
 .debug_abbrev  0x0000000000000e15      0x116 ./Core/Src/system_stm32l4xx.o
 .debug_abbrev  0x0000000000000f2b       0x12 ./Core/Startup/startup_stm32l4p5retx.o
 .debug_abbrev  0x0000000000000f3d      0x23a ./Drivers/STM32L4xx_HAL_Driver/Src/stm32l4xx_hal.o
 .debug_abbrev  0x0000000000001177      0x2bf ./Drivers/STM32L4xx_HAL_Driver/Src/stm32l4xx_hal_adc.o
 .debug_abbrev  0x0000000000001436      0x2da ./Drivers/STM32L4xx_HAL_Driver/Src/stm32l4xx_hal_adc_ex.o
 .debug_abbrev  0x0000000000001710      0x26c ./Drivers/STM32L4xx_HAL_Driver/Src/stm32l4xx_hal_can.o
 .debug_abbrev  0x000000000000197c      0x316 ./Drivers/STM32L4xx_HAL_Driver/Src/stm32l4xx_hal_cortex.o
 .debug_abbrev  0x0000000000001c92      0x1d7 ./Drivers/STM32L4xx_HAL_Driver/Src/stm32l4xx_hal_dma.o
 .debug_abbrev  0x0000000000001e69      0x1bb ./Drivers/STM32L4xx_HAL_Driver/Src/stm32l4xx_hal_gpio.o
 .debug_abbrev  0x0000000000002024      0x1f3 ./Drivers/STM32L4xx_HAL_Driver/Src/stm32l4xx_hal_pwr_ex.o
 .debug_abbrev  0x0000000000002217      0x315 ./Drivers/STM32L4xx_HAL_Driver/Src/stm32l4xx_hal_rcc.o
 .debug_abbrev  0x000000000000252c      0x299 ./Drivers/STM32L4xx_HAL_Driver/Src/stm32l4xx_hal_rcc_ex.o
 .debug_abbrev  0x00000000000027c5      0x264 ./Drivers/STM32L4xx_HAL_Driver/Src/stm32l4xx_hal_tim.o
 .debug_abbrev  0x0000000000002a29      0x26c ./Drivers/STM32L4xx_HAL_Driver/Src/stm32l4xx_hal_tim_ex.o

.debug_loc      0x0000000000000000      0x47b
 .debug_loc     0x0000000000000000      0x47b ./Core/Src/main.o

.debug_aranges  0x0000000000000000     0x13a8
 .debug_aranges
                0x0000000000000000      0x188 ./Core/Src/main.o
 .debug_aranges
                0x0000000000000188       0x40 ./Core/Src/stm32l4xx_hal_msp.o
 .debug_aranges
                0x00000000000001c8       0x30 ./Core/Src/stm32l4xx_hal_timebase_tim.o
 .debug_aranges
                0x00000000000001f8       0x98 ./Core/Src/stm32l4xx_it.o
 .debug_aranges
                0x0000000000000290       0x28 ./Core/Src/system_stm32l4xx.o
 .debug_aranges
                0x00000000000002b8       0x28 ./Core/Startup/startup_stm32l4p5retx.o
 .debug_aranges
                0x00000000000002e0      0x130 ./Drivers/STM32L4xx_HAL_Driver/Src/stm32l4xx_hal.o
 .debug_aranges
                0x0000000000000410      0x228 ./Drivers/STM32L4xx_HAL_Driver/Src/stm32l4xx_hal_adc.o
 .debug_aranges
                0x0000000000000638      0x1b0 ./Drivers/STM32L4xx_HAL_Driver/Src/stm32l4xx_hal_adc_ex.o
 .debug_aranges
                0x00000000000007e8      0x138 ./Drivers/STM32L4xx_HAL_Driver/Src/stm32l4xx_hal_can.o
 .debug_aranges
                0x0000000000000920      0x118 ./Drivers/STM32L4xx_HAL_Driver/Src/stm32l4xx_hal_cortex.o
 .debug_aranges
                0x0000000000000a38       0x90 ./Drivers/STM32L4xx_HAL_Driver/Src/stm32l4xx_hal_dma.o
 .debug_aranges
                0x0000000000000ac8       0x58 ./Drivers/STM32L4xx_HAL_Driver/Src/stm32l4xx_hal_gpio.o
 .debug_aranges
                0x0000000000000b20      0x180 ./Drivers/STM32L4xx_HAL_Driver/Src/stm32l4xx_hal_pwr_ex.o
 .debug_aranges
                0x0000000000000ca0       0x98 ./Drivers/STM32L4xx_HAL_Driver/Src/stm32l4xx_hal_rcc.o
 .debug_aranges
                0x0000000000000d38      0x110 ./Drivers/STM32L4xx_HAL_Driver/Src/stm32l4xx_hal_rcc_ex.o
 .debug_aranges
                0x0000000000000e48      0x3e0 ./Drivers/STM32L4xx_HAL_Driver/Src/stm32l4xx_hal_tim.o
 .debug_aranges
                0x0000000000001228      0x180 ./Drivers/STM32L4xx_HAL_Driver/Src/stm32l4xx_hal_tim_ex.o

.debug_ranges   0x0000000000000000     0x12d8
 .debug_ranges  0x0000000000000000      0x1c0 ./Core/Src/main.o
 .debug_ranges  0x00000000000001c0       0x30 ./Core/Src/stm32l4xx_hal_msp.o
 .debug_ranges  0x00000000000001f0       0x20 ./Core/Src/stm32l4xx_hal_timebase_tim.o
 .debug_ranges  0x0000000000000210       0x88 ./Core/Src/stm32l4xx_it.o
 .debug_ranges  0x0000000000000298       0x18 ./Core/Src/system_stm32l4xx.o
 .debug_ranges  0x00000000000002b0       0x20 ./Core/Startup/startup_stm32l4p5retx.o
 .debug_ranges  0x00000000000002d0      0x120 ./Drivers/STM32L4xx_HAL_Driver/Src/stm32l4xx_hal.o
 .debug_ranges  0x00000000000003f0      0x218 ./Drivers/STM32L4xx_HAL_Driver/Src/stm32l4xx_hal_adc.o
 .debug_ranges  0x0000000000000608      0x1a0 ./Drivers/STM32L4xx_HAL_Driver/Src/stm32l4xx_hal_adc_ex.o
 .debug_ranges  0x00000000000007a8      0x128 ./Drivers/STM32L4xx_HAL_Driver/Src/stm32l4xx_hal_can.o
 .debug_ranges  0x00000000000008d0      0x108 ./Drivers/STM32L4xx_HAL_Driver/Src/stm32l4xx_hal_cortex.o
 .debug_ranges  0x00000000000009d8       0x80 ./Drivers/STM32L4xx_HAL_Driver/Src/stm32l4xx_hal_dma.o
 .debug_ranges  0x0000000000000a58       0x48 ./Drivers/STM32L4xx_HAL_Driver/Src/stm32l4xx_hal_gpio.o
 .debug_ranges  0x0000000000000aa0      0x170 ./Drivers/STM32L4xx_HAL_Driver/Src/stm32l4xx_hal_pwr_ex.o
 .debug_ranges  0x0000000000000c10       0x88 ./Drivers/STM32L4xx_HAL_Driver/Src/stm32l4xx_hal_rcc.o
 .debug_ranges  0x0000000000000c98      0x100 ./Drivers/STM32L4xx_HAL_Driver/Src/stm32l4xx_hal_rcc_ex.o
 .debug_ranges  0x0000000000000d98      0x3d0 ./Drivers/STM32L4xx_HAL_Driver/Src/stm32l4xx_hal_tim.o
 .debug_ranges  0x0000000000001168      0x170 ./Drivers/STM32L4xx_HAL_Driver/Src/stm32l4xx_hal_tim_ex.o

.debug_macro    0x0000000000000000    0x30854
 .debug_macro   0x0000000000000000      0x663 ./Core/Src/main.o
 .debug_macro   0x0000000000000663      0xc10 ./Core/Src/main.o
 .debug_macro   0x0000000000001273      0x1b3 ./Core/Src/main.o
 .debug_macro   0x0000000000001426       0x2e ./Core/Src/main.o
 .debug_macro   0x0000000000001454       0x28 ./Core/Src/main.o
 .debug_macro   0x000000000000147c       0x1c ./Core/Src/main.o
 .debug_macro   0x0000000000001498       0x22 ./Core/Src/main.o
 .debug_macro   0x00000000000014ba       0x8e ./Core/Src/main.o
 .debug_macro   0x0000000000001548       0x51 ./Core/Src/main.o
 .debug_macro   0x0000000000001599      0x103 ./Core/Src/main.o
 .debug_macro   0x000000000000169c       0x6a ./Core/Src/main.o
 .debug_macro   0x0000000000001706      0x1df ./Core/Src/main.o
 .debug_macro   0x00000000000018e5       0x1c ./Core/Src/main.o
 .debug_macro   0x0000000000001901       0x22 ./Core/Src/main.o
 .debug_macro   0x0000000000001923       0xfb ./Core/Src/main.o
 .debug_macro   0x0000000000001a1e     0x1011 ./Core/Src/main.o
 .debug_macro   0x0000000000002a2f      0x11f ./Core/Src/main.o
 .debug_macro   0x0000000000002b4e    0x1e327 ./Core/Src/main.o
 .debug_macro   0x0000000000020e75       0x6d ./Core/Src/main.o
 .debug_macro   0x0000000000020ee2     0x38df ./Core/Src/main.o
 .debug_macro   0x00000000000247c1      0x17b ./Core/Src/main.o
 .debug_macro   0x000000000002493c       0x5c ./Core/Src/main.o
 .debug_macro   0x0000000000024998     0x1979 ./Core/Src/main.o
 .debug_macro   0x0000000000026311      0x85a ./Core/Src/main.o
 .debug_macro   0x0000000000026b6b      0x1b9 ./Core/Src/main.o
 .debug_macro   0x0000000000026d24      0x24f ./Core/Src/main.o
 .debug_macro   0x0000000000026f73      0x486 ./Core/Src/main.o
 .debug_macro   0x00000000000273f9      0x1b4 ./Core/Src/main.o
 .debug_macro   0x00000000000275ad       0x43 ./Core/Src/main.o
 .debug_macro   0x00000000000275f0      0x23d ./Core/Src/main.o
 .debug_macro   0x000000000002782d      0xf6e ./Core/Src/main.o
 .debug_macro   0x000000000002879b      0x62b ./Core/Src/main.o
 .debug_macro   0x0000000000028dc6      0x31a ./Core/Src/main.o
 .debug_macro   0x00000000000290e0      0x408 ./Core/Src/main.o
 .debug_macro   0x00000000000294e8      0x241 ./Core/Src/main.o
 .debug_macro   0x0000000000029729      0x416 ./Core/Src/main.o
 .debug_macro   0x0000000000029b3f       0x1c ./Core/Src/main.o
 .debug_macro   0x0000000000029b5b       0xeb ./Core/Src/main.o
 .debug_macro   0x0000000000029c46      0x22c ./Core/Src/main.o
 .debug_macro   0x0000000000029e72       0x61 ./Core/Src/main.o
 .debug_macro   0x0000000000029ed3       0xa5 ./Core/Src/main.o
 .debug_macro   0x0000000000029f78      0x122 ./Core/Src/main.o
 .debug_macro   0x000000000002a09a      0x404 ./Core/Src/main.o
 .debug_macro   0x000000000002a49e      0xa91 ./Core/Src/main.o
 .debug_macro   0x000000000002af2f      0x1ab ./Core/Src/main.o
 .debug_macro   0x000000000002b0da      0x432 ./Core/Src/main.o
 .debug_macro   0x000000000002b50c       0x94 ./Core/Src/main.o
 .debug_macro   0x000000000002b5a0       0x52 ./Core/Src/main.o
 .debug_macro   0x000000000002b5f2       0x1e ./Core/Src/main.o
 .debug_macro   0x000000000002b610       0x3c ./Core/Src/main.o
 .debug_macro   0x000000000002b64c       0x34 ./Core/Src/main.o
 .debug_macro   0x000000000002b680       0x16 ./Core/Src/main.o
 .debug_macro   0x000000000002b696       0x35 ./Core/Src/main.o
 .debug_macro   0x000000000002b6cb      0x364 ./Core/Src/main.o
 .debug_macro   0x000000000002ba2f       0x10 ./Core/Src/main.o
 .debug_macro   0x000000000002ba3f       0x16 ./Core/Src/main.o
 .debug_macro   0x000000000002ba55       0x43 ./Core/Src/main.o
 .debug_macro   0x000000000002ba98       0x34 ./Core/Src/main.o
 .debug_macro   0x000000000002bacc       0x10 ./Core/Src/main.o
 .debug_macro   0x000000000002badc       0x58 ./Core/Src/main.o
 .debug_macro   0x000000000002bb34       0x71 ./Core/Src/main.o
 .debug_macro   0x000000000002bba5       0x16 ./Core/Src/main.o
 .debug_macro   0x000000000002bbbb      0x12a ./Core/Src/main.o
 .debug_macro   0x000000000002bce5       0x10 ./Core/Src/main.o
 .debug_macro   0x000000000002bcf5       0x1c ./Core/Src/main.o
 .debug_macro   0x000000000002bd11       0x52 ./Core/Src/main.o
 .debug_macro   0x000000000002bd63       0x22 ./Core/Src/main.o
 .debug_macro   0x000000000002bd85       0x10 ./Core/Src/main.o
 .debug_macro   0x000000000002bd95       0x52 ./Core/Src/main.o
 .debug_macro   0x000000000002bde7       0xd5 ./Core/Src/main.o
 .debug_macro   0x000000000002bebc       0x1c ./Core/Src/main.o
 .debug_macro   0x000000000002bed8       0x3d ./Core/Src/main.o
 .debug_macro   0x000000000002bf15       0x16 ./Core/Src/main.o
 .debug_macro   0x000000000002bf2b      0x137 ./Core/Src/main.o
 .debug_macro   0x000000000002c062       0x16 ./Core/Src/main.o
 .debug_macro   0x000000000002c078       0x20 ./Core/Src/main.o
 .debug_macro   0x000000000002c098       0x16 ./Core/Src/main.o
 .debug_macro   0x000000000002c0ae      0x18a ./Core/Src/main.o
 .debug_macro   0x000000000002c238       0x10 ./Core/Src/main.o
 .debug_macro   0x000000000002c248       0xba ./Core/Src/main.o
 .debug_macro   0x000000000002c302       0xf7 ./Core/Src/main.o
 .debug_macro   0x000000000002c3f9      0x34c ./Core/Src/main.o
 .debug_macro   0x000000000002c745       0x94 ./Core/Src/main.o
 .debug_macro   0x000000000002c7d9       0x19 ./Core/Src/main.o
 .debug_macro   0x000000000002c7f2       0x10 ./Core/Src/main.o
 .debug_macro   0x000000000002c802       0x18 ./Core/Src/main.o
 .debug_macro   0x000000000002c81a       0x49 ./Core/Src/main.o
 .debug_macro   0x000000000002c863       0x35 ./Core/Src/main.o
 .debug_macro   0x000000000002c898       0x1c ./Core/Src/main.o
 .debug_macro   0x000000000002c8b4       0x17 ./Core/Src/main.o
 .debug_macro   0x000000000002c8cb       0x10 ./Core/Src/main.o
 .debug_macro   0x000000000002c8db       0x28 ./Core/Src/main.o
 .debug_macro   0x000000000002c903       0x2e ./Core/Src/main.o
 .debug_macro   0x000000000002c931       0x16 ./Core/Src/main.o
 .debug_macro   0x000000000002c947       0x10 ./Core/Src/main.o
 .debug_macro   0x000000000002c957       0x12 ./Core/Src/main.o
 .debug_macro   0x000000000002c969       0x19 ./Core/Src/main.o
 .debug_macro   0x000000000002c982       0x88 ./Core/Src/main.o
 .debug_macro   0x000000000002ca0a       0x19 ./Core/Src/main.o
 .debug_macro   0x000000000002ca23       0x18 ./Core/Src/main.o
 .debug_macro   0x000000000002ca3b       0x17 ./Core/Src/main.o
 .debug_macro   0x000000000002ca52       0x26 ./Core/Src/main.o
 .debug_macro   0x000000000002ca78       0x8e ./Core/Src/main.o
 .debug_macro   0x000000000002cb06      0x20f ./Core/Src/stm32l4xx_hal_msp.o
 .debug_macro   0x000000000002cd15      0xa78 ./Core/Src/stm32l4xx_hal_msp.o
 .debug_macro   0x000000000002d78d     0x1011 ./Core/Src/stm32l4xx_hal_msp.o
 .debug_macro   0x000000000002e79e      0x174 ./Core/Src/stm32l4xx_hal_msp.o
 .debug_macro   0x000000000002e912      0x200 ./Core/Src/stm32l4xx_hal_timebase_tim.o
 .debug_macro   0x000000000002eb12      0x219 ./Core/Src/stm32l4xx_it.o
 .debug_macro   0x000000000002ed2b      0x200 ./Core/Src/system_stm32l4xx.o
 .debug_macro   0x000000000002ef2b      0x24e ./Drivers/STM32L4xx_HAL_Driver/Src/stm32l4xx_hal.o
 .debug_macro   0x000000000002f179      0x21d ./Drivers/STM32L4xx_HAL_Driver/Src/stm32l4xx_hal_adc.o
 .debug_macro   0x000000000002f396      0x20c ./Drivers/STM32L4xx_HAL_Driver/Src/stm32l4xx_hal_adc_ex.o
 .debug_macro   0x000000000002f5a2      0x208 ./Drivers/STM32L4xx_HAL_Driver/Src/stm32l4xx_hal_can.o
 .debug_macro   0x000000000002f7aa      0x200 ./Drivers/STM32L4xx_HAL_Driver/Src/stm32l4xx_hal_cortex.o
 .debug_macro   0x000000000002f9aa      0x200 ./Drivers/STM32L4xx_HAL_Driver/Src/stm32l4xx_hal_dma.o
 .debug_macro   0x000000000002fbaa      0x207 ./Drivers/STM32L4xx_HAL_Driver/Src/stm32l4xx_hal_gpio.o
 .debug_macro   0x000000000002fdb1      0x22a ./Drivers/STM32L4xx_HAL_Driver/Src/stm32l4xx_hal_pwr_ex.o
 .debug_macro   0x000000000002ffdb      0x242 ./Drivers/STM32L4xx_HAL_Driver/Src/stm32l4xx_hal_rcc.o
 .debug_macro   0x000000000003021d      0x236 ./Drivers/STM32L4xx_HAL_Driver/Src/stm32l4xx_hal_rcc_ex.o
 .debug_macro   0x0000000000030453      0x201 ./Drivers/STM32L4xx_HAL_Driver/Src/stm32l4xx_hal_tim.o
 .debug_macro   0x0000000000030654      0x200 ./Drivers/STM32L4xx_HAL_Driver/Src/stm32l4xx_hal_tim_ex.o

.debug_line     0x0000000000000000    0x14be3
 .debug_line    0x0000000000000000     0x212b ./Core/Src/main.o
 .debug_line    0x000000000000212b      0x83f ./Core/Src/stm32l4xx_hal_msp.o
 .debug_line    0x000000000000296a      0x767 ./Core/Src/stm32l4xx_hal_timebase_tim.o
 .debug_line    0x00000000000030d1      0x872 ./Core/Src/stm32l4xx_it.o
 .debug_line    0x0000000000003943      0x7bd ./Core/Src/system_stm32l4xx.o
 .debug_line    0x0000000000004100       0x87 ./Core/Startup/startup_stm32l4p5retx.o
 .debug_line    0x0000000000004187      0xafa ./Drivers/STM32L4xx_HAL_Driver/Src/stm32l4xx_hal.o
 .debug_line    0x0000000000004c81     0x1e6b ./Drivers/STM32L4xx_HAL_Driver/Src/stm32l4xx_hal_adc.o
 .debug_line    0x0000000000006aec     0x1887 ./Drivers/STM32L4xx_HAL_Driver/Src/stm32l4xx_hal_adc_ex.o
 .debug_line    0x0000000000008373     0x1156 ./Drivers/STM32L4xx_HAL_Driver/Src/stm32l4xx_hal_can.o
 .debug_line    0x00000000000094c9      0xca1 ./Drivers/STM32L4xx_HAL_Driver/Src/stm32l4xx_hal_cortex.o
 .debug_line    0x000000000000a16a      0xe56 ./Drivers/STM32L4xx_HAL_Driver/Src/stm32l4xx_hal_dma.o
 .debug_line    0x000000000000afc0      0xb56 ./Drivers/STM32L4xx_HAL_Driver/Src/stm32l4xx_hal_gpio.o
 .debug_line    0x000000000000bb16      0xd9b ./Drivers/STM32L4xx_HAL_Driver/Src/stm32l4xx_hal_pwr_ex.o
 .debug_line    0x000000000000c8b1     0x10b6 ./Drivers/STM32L4xx_HAL_Driver/Src/stm32l4xx_hal_rcc.o
 .debug_line    0x000000000000d967     0x1915 ./Drivers/STM32L4xx_HAL_Driver/Src/stm32l4xx_hal_rcc_ex.o
 .debug_line    0x000000000000f27c     0x3d67 ./Drivers/STM32L4xx_HAL_Driver/Src/stm32l4xx_hal_tim.o
 .debug_line    0x0000000000012fe3     0x1c00 ./Drivers/STM32L4xx_HAL_Driver/Src/stm32l4xx_hal_tim_ex.o

.debug_str      0x0000000000000000   0x12bae8
 .debug_str     0x0000000000000000   0x127050 ./Core/Src/main.o
                                     0x127f17 (size before relaxing)
 .debug_str     0x0000000000127050      0x2b5 ./Core/Src/stm32l4xx_hal_msp.o
                                     0x11895e (size before relaxing)
 .debug_str     0x0000000000127305       0xec ./Core/Src/stm32l4xx_hal_timebase_tim.o
                                     0x118aca (size before relaxing)
 .debug_str     0x00000000001273f1      0x191 ./Core/Src/stm32l4xx_it.o
                                     0x11868c (size before relaxing)
 .debug_str     0x0000000000127582       0xf2 ./Core/Src/system_stm32l4xx.o
                                     0x117efd (size before relaxing)
 .debug_str     0x0000000000127674       0x36 ./Core/Startup/startup_stm32l4p5retx.o
                                         0x8f (size before relaxing)
 .debug_str     0x00000000001276aa      0x5fb ./Drivers/STM32L4xx_HAL_Driver/Src/stm32l4xx_hal.o
                                     0x118ada (size before relaxing)
 .debug_str     0x0000000000127ca5      0xa9c ./Drivers/STM32L4xx_HAL_Driver/Src/stm32l4xx_hal_adc.o
                                     0x118e80 (size before relaxing)
 .debug_str     0x0000000000128741      0x631 ./Drivers/STM32L4xx_HAL_Driver/Src/stm32l4xx_hal_adc_ex.o
                                     0x118e05 (size before relaxing)
 .debug_str     0x0000000000128d72      0x3d0 ./Drivers/STM32L4xx_HAL_Driver/Src/stm32l4xx_hal_can.o
                                     0x11856c (size before relaxing)
 .debug_str     0x0000000000129142      0x327 ./Drivers/STM32L4xx_HAL_Driver/Src/stm32l4xx_hal_cortex.o
                                     0x118769 (size before relaxing)
 .debug_str     0x0000000000129469      0x253 ./Drivers/STM32L4xx_HAL_Driver/Src/stm32l4xx_hal_dma.o
                                     0x118285 (size before relaxing)
 .debug_str     0x00000000001296bc       0xce ./Drivers/STM32L4xx_HAL_Driver/Src/stm32l4xx_hal_gpio.o
                                     0x118077 (size before relaxing)
 .debug_str     0x000000000012978a      0x593 ./Drivers/STM32L4xx_HAL_Driver/Src/stm32l4xx_hal_pwr_ex.o
                                     0x1184f9 (size before relaxing)
 .debug_str     0x0000000000129d1d      0x3a6 ./Drivers/STM32L4xx_HAL_Driver/Src/stm32l4xx_hal_rcc.o
                                     0x118581 (size before relaxing)
 .debug_str     0x000000000012a0c3      0x5c5 ./Drivers/STM32L4xx_HAL_Driver/Src/stm32l4xx_hal_rcc_ex.o
                                     0x118944 (size before relaxing)
 .debug_str     0x000000000012a688      0xe5c ./Drivers/STM32L4xx_HAL_Driver/Src/stm32l4xx_hal_tim.o
                                     0x119309 (size before relaxing)
 .debug_str     0x000000000012b4e4      0x604 ./Drivers/STM32L4xx_HAL_Driver/Src/stm32l4xx_hal_tim_ex.o
                                     0x118c2d (size before relaxing)

.comment        0x0000000000000000       0x50
 .comment       0x0000000000000000       0x50 ./Core/Src/main.o
                                         0x51 (size before relaxing)
 .comment       0x0000000000000050       0x51 ./Core/Src/stm32l4xx_hal_msp.o
 .comment       0x0000000000000050       0x51 ./Core/Src/stm32l4xx_hal_timebase_tim.o
 .comment       0x0000000000000050       0x51 ./Core/Src/stm32l4xx_it.o
 .comment       0x0000000000000050       0x51 ./Core/Src/system_stm32l4xx.o
 .comment       0x0000000000000050       0x51 ./Drivers/STM32L4xx_HAL_Driver/Src/stm32l4xx_hal.o
 .comment       0x0000000000000050       0x51 ./Drivers/STM32L4xx_HAL_Driver/Src/stm32l4xx_hal_adc.o
 .comment       0x0000000000000050       0x51 ./Drivers/STM32L4xx_HAL_Driver/Src/stm32l4xx_hal_adc_ex.o
 .comment       0x0000000000000050       0x51 ./Drivers/STM32L4xx_HAL_Driver/Src/stm32l4xx_hal_can.o
 .comment       0x0000000000000050       0x51 ./Drivers/STM32L4xx_HAL_Driver/Src/stm32l4xx_hal_cortex.o
 .comment       0x0000000000000050       0x51 ./Drivers/STM32L4xx_HAL_Driver/Src/stm32l4xx_hal_dma.o
 .comment       0x0000000000000050       0x51 ./Drivers/STM32L4xx_HAL_Driver/Src/stm32l4xx_hal_gpio.o
 .comment       0x0000000000000050       0x51 ./Drivers/STM32L4xx_HAL_Driver/Src/stm32l4xx_hal_pwr_ex.o
 .comment       0x0000000000000050       0x51 ./Drivers/STM32L4xx_HAL_Driver/Src/stm32l4xx_hal_rcc.o
 .comment       0x0000000000000050       0x51 ./Drivers/STM32L4xx_HAL_Driver/Src/stm32l4xx_hal_rcc_ex.o
 .comment       0x0000000000000050       0x51 ./Drivers/STM32L4xx_HAL_Driver/Src/stm32l4xx_hal_tim.o
 .comment       0x0000000000000050       0x51 ./Drivers/STM32L4xx_HAL_Driver/Src/stm32l4xx_hal_tim_ex.o

.debug_frame    0x0000000000000000     0x5138
 .debug_frame   0x0000000000000000      0x3b0 ./Core/Src/main.o
 .debug_frame   0x00000000000003b0       0xc8 ./Core/Src/stm32l4xx_hal_msp.o
 .debug_frame   0x0000000000000478       0x74 ./Core/Src/stm32l4xx_hal_timebase_tim.o
 .debug_frame   0x00000000000004ec      0x1cc ./Core/Src/stm32l4xx_it.o
 .debug_frame   0x00000000000006b8       0x58 ./Core/Src/system_stm32l4xx.o
 .debug_frame   0x0000000000000710      0x498 ./Drivers/STM32L4xx_HAL_Driver/Src/stm32l4xx_hal.o
 .debug_frame   0x0000000000000ba8      0xa2c ./Drivers/STM32L4xx_HAL_Driver/Src/stm32l4xx_hal_adc.o
 .debug_frame   0x00000000000015d4      0x7cc ./Drivers/STM32L4xx_HAL_Driver/Src/stm32l4xx_hal_adc_ex.o
 .debug_frame   0x0000000000001da0      0x5a0 ./Drivers/STM32L4xx_HAL_Driver/Src/stm32l4xx_hal_can.o
 .debug_frame   0x0000000000002340      0x498 ./Drivers/STM32L4xx_HAL_Driver/Src/stm32l4xx_hal_cortex.o
 .debug_frame   0x00000000000027d8      0x24c ./Drivers/STM32L4xx_HAL_Driver/Src/stm32l4xx_hal_dma.o
 .debug_frame   0x0000000000002a24      0x14c ./Drivers/STM32L4xx_HAL_Driver/Src/stm32l4xx_hal_gpio.o
 .debug_frame   0x0000000000002b70      0x604 ./Drivers/STM32L4xx_HAL_Driver/Src/stm32l4xx_hal_pwr_ex.o
 .debug_frame   0x0000000000003174      0x248 ./Drivers/STM32L4xx_HAL_Driver/Src/stm32l4xx_hal_rcc.o
 .debug_frame   0x00000000000033bc      0x464 ./Drivers/STM32L4xx_HAL_Driver/Src/stm32l4xx_hal_rcc_ex.o
 .debug_frame   0x0000000000003820     0x121c ./Drivers/STM32L4xx_HAL_Driver/Src/stm32l4xx_hal_tim.o
 .debug_frame   0x0000000000004a3c      0x6b0 ./Drivers/STM32L4xx_HAL_Driver/Src/stm32l4xx_hal_tim_ex.o
 .debug_frame   0x00000000000050ec       0x2c /opt/st/stm32cubeide_1.9.0/plugins/com.st.stm32cube.ide.mcu.externaltools.gnu-tools-for-stm32.10.3-2021.10.linux64_1.0.0.202111181127/tools/bin/../lib/gcc/arm-none-eabi/10.3.1/../../../../arm-none-eabi/lib/thumb/v7e-m+fp/hard/libc_nano.a(lib_a-init.o)
 .debug_frame   0x0000000000005118       0x20 /opt/st/stm32cubeide_1.9.0/plugins/com.st.stm32cube.ide.mcu.externaltools.gnu-tools-for-stm32.10.3-2021.10.linux64_1.0.0.202111181127/tools/bin/../lib/gcc/arm-none-eabi/10.3.1/../../../../arm-none-eabi/lib/thumb/v7e-m+fp/hard/libc_nano.a(lib_a-memset.o)
