C:/Users/konra/Desktop/przeprowadzka/PUTMotorsport/PUTM_EV_CAN_LIBRARY/lib/message_abstraction.hpp:18:3:PUTM_CAN::Can_rx_message::Can_rx_message(CAN_HandleTypeDef&, uint32_t)	24	static
C:/Users/konra/Desktop/przeprowadzka/PUTMotorsport/PUTM_EV_CAN_LIBRARY/lib/message_abstraction.hpp:63:36:constexpr uint32_t PUTM_CAN::Device_base::get_ID()	16	static
C:/Users/konra/Desktop/przeprowadzka/PUTMotorsport/PUTM_EV_CAN_LIBRARY/lib/can_interface.hpp:87:8:bool PUTM_CAN::Can_interface::parse_message(const PUTM_CAN::Can_rx_message&)	32	static
C:/Users/konra/Desktop/przeprowadzka/PUTMotorsport/PUTM_EV_CAN_LIBRARY/lib/can_interface.hpp:174:6:void HAL_CAN_RxFifo0MsgPendingCallback(CAN_HandleTypeDef*)	56	static
../Core/Src/main.cpp:92:5:int main()	64	static
../Core/Src/main.cpp:185:6:void SystemClock_Config()	104	static
../Core/Src/main.cpp:229:6:void PeriphCommonClock_Config()	160	static
../Core/Src/main.cpp:255:13:void MX_ADC1_Init()	48	static
../Core/Src/main.cpp:322:13:void MX_ADC2_Init()	32	static
../Core/Src/main.cpp:380:13:void MX_CAN1_Init()	8	static
../Core/Src/main.cpp:415:13:void MX_DMA_Init()	24	static
../Core/Src/main.cpp:438:13:void MX_GPIO_Init()	48	static
../Core/Src/main.cpp:501:6:void HAL_GPIO_EXTI_Callback(uint16_t)	16	static
C:/Users/konra/Desktop/przeprowadzka/PUTMotorsport/PUTM_EV_CAN_LIBRARY/lib/message_abstraction.hpp:33:13:constexpr PUTM_CAN::Can_tx_message<T>::Can_tx_message(const T&, const CAN_TxHeaderTypeDef&) [with T = Steering_Wheel_main]	32	static
../Core/Src/main.cpp:520:6:void heartbeat()	48	static
C:/Users/konra/Desktop/przeprowadzka/PUTMotorsport/PUTM_EV_CAN_LIBRARY/lib/message_abstraction.hpp:33:13:constexpr PUTM_CAN::Can_tx_message<T>::Can_tx_message(const T&, const CAN_TxHeaderTypeDef&) [with T = Steering_Wheel_event]	32	static
../Core/Src/main.cpp:531:6:void wait_for_second_button()	48	static
../Core/Src/main.cpp:572:6:void choose_left_scroll_state()	24	static
../Core/Src/main.cpp:628:6:void choose_right_scroll_state()	24	static
../Core/Src/main.cpp:684:6:void reset_flags()	4	static
../Core/Src/main.cpp:702:6:void HAL_TIM_PeriodElapsedCallback(TIM_HandleTypeDef*)	16	static
../Core/Src/main.cpp:719:6:void Error_Handler()	4	static,ignoring_inline_asm
d:\st\stm32cubeide_1.7.0\stm32cubeide\plugins\com.st.stm32cube.ide.mcu.externaltools.gnu-tools-for-stm32.10.3-2021.10.win32_1.0.0.202111181127\tools\arm-none-eabi\include\c++\10.3.1\array:126:7:constexpr std::array<_Tp, _Nm>::value_type* std::array<_Tp, _Nm>::begin() [with _Tp = PUTM_CAN::Device_base*; unsigned int _Nm = 23]	16	static
d:\st\stm32cubeide_1.7.0\stm32cubeide\plugins\com.st.stm32cube.ide.mcu.externaltools.gnu-tools-for-stm32.10.3-2021.10.win32_1.0.0.202111181127\tools\arm-none-eabi\include\c++\10.3.1\array:134:7:constexpr std::array<_Tp, _Nm>::value_type* std::array<_Tp, _Nm>::end() [with _Tp = PUTM_CAN::Device_base*; unsigned int _Nm = 23]	16	static
C:/Users/konra/Desktop/przeprowadzka/PUTMotorsport/PUTM_EV_CAN_LIBRARY/lib/message_abstraction.hpp:47:21:HAL_StatusTypeDef PUTM_CAN::Can_tx_message<T>::send(CAN_HandleTypeDef&) [with T = Steering_Wheel_main]	16	static
C:/Users/konra/Desktop/przeprowadzka/PUTMotorsport/PUTM_EV_CAN_LIBRARY/lib/message_abstraction.hpp:47:21:HAL_StatusTypeDef PUTM_CAN::Can_tx_message<T>::send(CAN_HandleTypeDef&) [with T = Steering_Wheel_event]	16	static
d:\st\stm32cubeide_1.7.0\stm32cubeide\plugins\com.st.stm32cube.ide.mcu.externaltools.gnu-tools-for-stm32.10.3-2021.10.win32_1.0.0.202111181127\tools\arm-none-eabi\include\c++\10.3.1\array:234:7:constexpr std::array<_Tp, _Nm>::value_type* std::array<_Tp, _Nm>::data() [with _Tp = PUTM_CAN::Device_base*; unsigned int _Nm = 23]	16	static
d:\st\stm32cubeide_1.7.0\stm32cubeide\plugins\com.st.stm32cube.ide.mcu.externaltools.gnu-tools-for-stm32.10.3-2021.10.win32_1.0.0.202111181127\tools\arm-none-eabi\include\c++\10.3.1\array:59:7:static constexpr _Tp* std::__array_traits<_Tp, _Nm>::_S_ptr(const _Tp (&)[_Nm]) [with _Tp = PUTM_CAN::Device_base*; unsigned int _Nm = 23]	16	static
C:/Users/konra/Desktop/przeprowadzka/PUTMotorsport/PUTM_EV_CAN_LIBRARY/lib/message_abstraction.hpp:82:8:void PUTM_CAN::Device<Device_data_type>::set_data(const PUTM_CAN::Can_rx_message&) [with Device_data_type = Telemetry_Main]	16	static
C:/Users/konra/Desktop/przeprowadzka/PUTMotorsport/PUTM_EV_CAN_LIBRARY/lib/message_abstraction.hpp:82:8:void PUTM_CAN::Device<Device_data_type>::set_data(const PUTM_CAN::Can_rx_message&) [with Device_data_type = TS_rear_suspension]	16	static
C:/Users/konra/Desktop/przeprowadzka/PUTMotorsport/PUTM_EV_CAN_LIBRARY/lib/message_abstraction.hpp:82:8:void PUTM_CAN::Device<Device_data_type>::set_data(const PUTM_CAN::Can_rx_message&) [with Device_data_type = TS_main]	16	static
C:/Users/konra/Desktop/przeprowadzka/PUTMotorsport/PUTM_EV_CAN_LIBRARY/lib/message_abstraction.hpp:82:8:void PUTM_CAN::Device<Device_data_type>::set_data(const PUTM_CAN::Can_rx_message&) [with Device_data_type = Steering_Wheel_event]	16	static
C:/Users/konra/Desktop/przeprowadzka/PUTMotorsport/PUTM_EV_CAN_LIBRARY/lib/message_abstraction.hpp:82:8:void PUTM_CAN::Device<Device_data_type>::set_data(const PUTM_CAN::Can_rx_message&) [with Device_data_type = Steering_Wheel_main]	16	static
C:/Users/konra/Desktop/przeprowadzka/PUTMotorsport/PUTM_EV_CAN_LIBRARY/lib/message_abstraction.hpp:82:8:void PUTM_CAN::Device<Device_data_type>::set_data(const PUTM_CAN::Can_rx_message&) [with Device_data_type = SF_NUCS]	16	static
C:/Users/konra/Desktop/przeprowadzka/PUTMotorsport/PUTM_EV_CAN_LIBRARY/lib/message_abstraction.hpp:82:8:void PUTM_CAN::Device<Device_data_type>::set_data(const PUTM_CAN::Can_rx_message&) [with Device_data_type = SF_WS]	16	static
C:/Users/konra/Desktop/przeprowadzka/PUTMotorsport/PUTM_EV_CAN_LIBRARY/lib/message_abstraction.hpp:82:8:void PUTM_CAN::Device<Device_data_type>::set_data(const PUTM_CAN::Can_rx_message&) [with Device_data_type = SF_DV]	16	static
C:/Users/konra/Desktop/przeprowadzka/PUTMotorsport/PUTM_EV_CAN_LIBRARY/lib/message_abstraction.hpp:82:8:void PUTM_CAN::Device<Device_data_type>::set_data(const PUTM_CAN::Can_rx_message&) [with Device_data_type = SF_CoolingAndVSafety]	16	static
C:/Users/konra/Desktop/przeprowadzka/PUTMotorsport/PUTM_EV_CAN_LIBRARY/lib/message_abstraction.hpp:82:8:void PUTM_CAN::Device<Device_data_type>::set_data(const PUTM_CAN::Can_rx_message&) [with Device_data_type = SF_FrontBox]	16	static
C:/Users/konra/Desktop/przeprowadzka/PUTMotorsport/PUTM_EV_CAN_LIBRARY/lib/message_abstraction.hpp:82:8:void PUTM_CAN::Device<Device_data_type>::set_data(const PUTM_CAN::Can_rx_message&) [with Device_data_type = SF_main]	16	static
C:/Users/konra/Desktop/przeprowadzka/PUTMotorsport/PUTM_EV_CAN_LIBRARY/lib/message_abstraction.hpp:82:8:void PUTM_CAN::Device<Device_data_type>::set_data(const PUTM_CAN::Can_rx_message&) [with Device_data_type = Lap_timer_Pass]	16	static
C:/Users/konra/Desktop/przeprowadzka/PUTMotorsport/PUTM_EV_CAN_LIBRARY/lib/message_abstraction.hpp:82:8:void PUTM_CAN::Device<Device_data_type>::set_data(const PUTM_CAN::Can_rx_message&) [with Device_data_type = Lap_timer_Main]	16	static
C:/Users/konra/Desktop/przeprowadzka/PUTMotorsport/PUTM_EV_CAN_LIBRARY/lib/message_abstraction.hpp:82:8:void PUTM_CAN::Device<Device_data_type>::set_data(const PUTM_CAN::Can_rx_message&) [with Device_data_type = Dash_lap_finished]	16	static
C:/Users/konra/Desktop/przeprowadzka/PUTMotorsport/PUTM_EV_CAN_LIBRARY/lib/message_abstraction.hpp:82:8:void PUTM_CAN::Device<Device_data_type>::set_data(const PUTM_CAN::Can_rx_message&) [with Device_data_type = Dash_steering_wheel_request]	16	static
C:/Users/konra/Desktop/przeprowadzka/PUTMotorsport/PUTM_EV_CAN_LIBRARY/lib/message_abstraction.hpp:82:8:void PUTM_CAN::Device<Device_data_type>::set_data(const PUTM_CAN::Can_rx_message&) [with Device_data_type = Dash_Smart_Fuses_FAN_speed]	16	static
C:/Users/konra/Desktop/przeprowadzka/PUTMotorsport/PUTM_EV_CAN_LIBRARY/lib/message_abstraction.hpp:82:8:void PUTM_CAN::Device<Device_data_type>::set_data(const PUTM_CAN::Can_rx_message&) [with Device_data_type = Dash_TCS]	16	static
C:/Users/konra/Desktop/przeprowadzka/PUTMotorsport/PUTM_EV_CAN_LIBRARY/lib/message_abstraction.hpp:82:8:void PUTM_CAN::Device<Device_data_type>::set_data(const PUTM_CAN::Can_rx_message&) [with Device_data_type = Dash_Main]	16	static
C:/Users/konra/Desktop/przeprowadzka/PUTMotorsport/PUTM_EV_CAN_LIBRARY/lib/message_abstraction.hpp:82:8:void PUTM_CAN::Device<Device_data_type>::set_data(const PUTM_CAN::Can_rx_message&) [with Device_data_type = BMS_LV_temperature]	16	static
C:/Users/konra/Desktop/przeprowadzka/PUTMotorsport/PUTM_EV_CAN_LIBRARY/lib/message_abstraction.hpp:82:8:void PUTM_CAN::Device<Device_data_type>::set_data(const PUTM_CAN::Can_rx_message&) [with Device_data_type = BMS_LV_main]	16	static
C:/Users/konra/Desktop/przeprowadzka/PUTMotorsport/PUTM_EV_CAN_LIBRARY/lib/message_abstraction.hpp:82:8:void PUTM_CAN::Device<Device_data_type>::set_data(const PUTM_CAN::Can_rx_message&) [with Device_data_type = BMS_HV_main]	16	static
C:/Users/konra/Desktop/przeprowadzka/PUTMotorsport/PUTM_EV_CAN_LIBRARY/lib/message_abstraction.hpp:82:8:void PUTM_CAN::Device<Device_data_type>::set_data(const PUTM_CAN::Can_rx_message&) [with Device_data_type = AQ_main]	16	static
C:/Users/konra/Desktop/przeprowadzka/PUTMotorsport/PUTM_EV_CAN_LIBRARY/lib/message_abstraction.hpp:82:8:void PUTM_CAN::Device<Device_data_type>::set_data(const PUTM_CAN::Can_rx_message&) [with Device_data_type = Apps_main]	16	static
