../Core/Inc/PUTM_EV_CAN_LIBRARY/lib/message_abstraction.hpp:82:8:void PUTM_CAN::Device<Device_data_type>::set_data(const PUTM_CAN::Can_rx_message&) [with Device_data_type = PUTM_CAN::WheelTemp_main]	0	static
../Core/Inc/PUTM_EV_CAN_LIBRARY/lib/message_abstraction.hpp:82:8:void PUTM_CAN::Device<Device_data_type>::set_data(const PUTM_CAN::Can_rx_message&) [with Device_data_type = PUTM_CAN::Telemetry_Main]	0	static
../Core/Inc/PUTM_EV_CAN_LIBRARY/lib/message_abstraction.hpp:82:8:void PUTM_CAN::Device<Device_data_type>::set_data(const PUTM_CAN::Can_rx_message&) [with Device_data_type = PUTM_CAN::TC_rear_suspension]	0	static
../Core/Inc/PUTM_EV_CAN_LIBRARY/lib/message_abstraction.hpp:82:8:void PUTM_CAN::Device<Device_data_type>::set_data(const PUTM_CAN::Can_rx_message&) [with Device_data_type = PUTM_CAN::SF_NUCS]	0	static
../Core/Inc/PUTM_EV_CAN_LIBRARY/lib/message_abstraction.hpp:82:8:void PUTM_CAN::Device<Device_data_type>::set_data(const PUTM_CAN::Can_rx_message&) [with Device_data_type = PUTM_CAN::Lap_timer_Pass]	0	static
../Core/Inc/PUTM_EV_CAN_LIBRARY/lib/message_abstraction.hpp:82:8:void PUTM_CAN::Device<Device_data_type>::set_data(const PUTM_CAN::Can_rx_message&) [with Device_data_type = PUTM_CAN::Lap_timer_Main]	0	static
../Core/Inc/PUTM_EV_CAN_LIBRARY/lib/message_abstraction.hpp:82:8:void PUTM_CAN::Device<Device_data_type>::set_data(const PUTM_CAN::Can_rx_message&) [with Device_data_type = PUTM_CAN::Dash_lap_finished]	0	static
../Core/Inc/PUTM_EV_CAN_LIBRARY/lib/message_abstraction.hpp:82:8:void PUTM_CAN::Device<Device_data_type>::set_data(const PUTM_CAN::Can_rx_message&) [with Device_data_type = PUTM_CAN::Dash_steering_wheel_request]	0	static
../Core/Inc/PUTM_EV_CAN_LIBRARY/lib/message_abstraction.hpp:82:8:void PUTM_CAN::Device<Device_data_type>::set_data(const PUTM_CAN::Can_rx_message&) [with Device_data_type = PUTM_CAN::Dash_Smart_Fuses_FAN_speed]	0	static
../Core/Inc/PUTM_EV_CAN_LIBRARY/lib/message_abstraction.hpp:82:8:void PUTM_CAN::Device<Device_data_type>::set_data(const PUTM_CAN::Can_rx_message&) [with Device_data_type = PUTM_CAN::Dash_Main]	0	static
../Core/Inc/PUTM_EV_CAN_LIBRARY/lib/message_abstraction.hpp:82:8:void PUTM_CAN::Device<Device_data_type>::set_data(const PUTM_CAN::Can_rx_message&) [with Device_data_type = PUTM_CAN::YawProbe_air_flow]	0	static
../Core/Inc/PUTM_EV_CAN_LIBRARY/lib/message_abstraction.hpp:82:8:void PUTM_CAN::Device<Device_data_type>::set_data(const PUTM_CAN::Can_rx_message&) [with Device_data_type = PUTM_CAN::TC_imu_gyro]	0	static
../Core/Inc/PUTM_EV_CAN_LIBRARY/lib/message_abstraction.hpp:82:8:void PUTM_CAN::Device<Device_data_type>::set_data(const PUTM_CAN::Can_rx_message&) [with Device_data_type = PUTM_CAN::TC_imu_acc]	0	static
../Core/Inc/PUTM_EV_CAN_LIBRARY/lib/message_abstraction.hpp:82:8:void PUTM_CAN::Device<Device_data_type>::set_data(const PUTM_CAN::Can_rx_message&) [with Device_data_type = PUTM_CAN::TC_temperatures]	0	static
../Core/Inc/PUTM_EV_CAN_LIBRARY/lib/message_abstraction.hpp:82:8:void PUTM_CAN::Device<Device_data_type>::set_data(const PUTM_CAN::Can_rx_message&) [with Device_data_type = PUTM_CAN::TC_wheel_velocities]	0	static
../Core/Inc/PUTM_EV_CAN_LIBRARY/lib/message_abstraction.hpp:82:8:void PUTM_CAN::Device<Device_data_type>::set_data(const PUTM_CAN::Can_rx_message&) [with Device_data_type = PUTM_CAN::TC_main]	0	static
../Core/Inc/PUTM_EV_CAN_LIBRARY/lib/message_abstraction.hpp:82:8:void PUTM_CAN::Device<Device_data_type>::set_data(const PUTM_CAN::Can_rx_message&) [with Device_data_type = PUTM_CAN::Steering_Wheel_event]	0	static
../Core/Inc/PUTM_EV_CAN_LIBRARY/lib/message_abstraction.hpp:82:8:void PUTM_CAN::Device<Device_data_type>::set_data(const PUTM_CAN::Can_rx_message&) [with Device_data_type = PUTM_CAN::Steering_Wheel_main]	0	static
../Core/Inc/PUTM_EV_CAN_LIBRARY/lib/message_abstraction.hpp:82:8:void PUTM_CAN::Device<Device_data_type>::set_data(const PUTM_CAN::Can_rx_message&) [with Device_data_type = PUTM_CAN::SF_WS]	0	static
../Core/Inc/PUTM_EV_CAN_LIBRARY/lib/message_abstraction.hpp:82:8:void PUTM_CAN::Device<Device_data_type>::set_data(const PUTM_CAN::Can_rx_message&) [with Device_data_type = PUTM_CAN::SF_DV]	0	static
../Core/Inc/PUTM_EV_CAN_LIBRARY/lib/message_abstraction.hpp:82:8:void PUTM_CAN::Device<Device_data_type>::set_data(const PUTM_CAN::Can_rx_message&) [with Device_data_type = PUTM_CAN::SF_CoolingAndVSafety]	0	static
../Core/Inc/PUTM_EV_CAN_LIBRARY/lib/message_abstraction.hpp:82:8:void PUTM_CAN::Device<Device_data_type>::set_data(const PUTM_CAN::Can_rx_message&) [with Device_data_type = PUTM_CAN::SF_FrontBox]	0	static
../Core/Inc/PUTM_EV_CAN_LIBRARY/lib/message_abstraction.hpp:82:8:void PUTM_CAN::Device<Device_data_type>::set_data(const PUTM_CAN::Can_rx_message&) [with Device_data_type = PUTM_CAN::SF_main]	0	static
../Core/Inc/PUTM_EV_CAN_LIBRARY/lib/message_abstraction.hpp:82:8:void PUTM_CAN::Device<Device_data_type>::set_data(const PUTM_CAN::Can_rx_message&) [with Device_data_type = PUTM_CAN::Dash_TCS]	0	static
../Core/Inc/PUTM_EV_CAN_LIBRARY/lib/message_abstraction.hpp:82:8:void PUTM_CAN::Device<Device_data_type>::set_data(const PUTM_CAN::Can_rx_message&) [with Device_data_type = PUTM_CAN::BMS_LV_temperature]	0	static
../Core/Inc/PUTM_EV_CAN_LIBRARY/lib/message_abstraction.hpp:82:8:void PUTM_CAN::Device<Device_data_type>::set_data(const PUTM_CAN::Can_rx_message&) [with Device_data_type = PUTM_CAN::BMS_LV_main]	0	static
../Core/Inc/PUTM_EV_CAN_LIBRARY/lib/message_abstraction.hpp:82:8:void PUTM_CAN::Device<Device_data_type>::set_data(const PUTM_CAN::Can_rx_message&) [with Device_data_type = PUTM_CAN::BMS_HV_main]	0	static
../Core/Inc/PUTM_EV_CAN_LIBRARY/lib/message_abstraction.hpp:82:8:void PUTM_CAN::Device<Device_data_type>::set_data(const PUTM_CAN::Can_rx_message&) [with Device_data_type = PUTM_CAN::AQ_main]	0	static
../Core/Inc/PUTM_EV_CAN_LIBRARY/lib/message_abstraction.hpp:82:8:void PUTM_CAN::Device<Device_data_type>::set_data(const PUTM_CAN::Can_rx_message&) [with Device_data_type = PUTM_CAN::Apps_main]	0	static
../Core/Src/main.cpp:244:13:void MX_GPIO_Init()	64	static
../Core/Src/main.cpp:312:6:void HAL_GPIO_EXTI_Callback(uint16_t)	48	static
../Core/Src/main.cpp:365:6:void heartbeat()	48	static
../Core/Src/main.cpp:546:6:void reset_flags()	0	static
../Core/Src/main.cpp:376:6:void wait_for_second_button()	48	static
../Core/Src/main.cpp:564:6:void HAL_TIM_PeriodElapsedCallback(TIM_HandleTypeDef*)	8	static
../Core/Src/main.cpp:581:6:void Error_Handler()	0	static,ignoring_inline_asm
../Core/Src/main.cpp:207:13:void MX_CAN1_Init()	8	static
../Core/Src/main.cpp:156:6:void SystemClock_Config()	104	static
../Core/Inc/PUTM_EV_CAN_LIBRARY/lib/can_interface.hpp:198:6:void HAL_CAN_RxFifo0MsgPendingCallback(CAN_HandleTypeDef*)	48	static
../Core/Src/main.cpp:74:5:int main()	56	static
