../Core/Inc/gpioElements.hpp:18:16:virtual void GpioElement::handle() const	0	static
../Core/Inc/gpioElements.hpp:20:11:constexpr GpioElement::~GpioElement()	0	static
../Core/Inc/gpioElements.hpp:43:3:GpioOutElement::~GpioOutElement()	0	static
../Core/Inc/PUTM_EV_CAN_LIBRARY/lib/message_abstraction.hpp:126:8:void PUTM_CAN::Device<Device_data_type>::set_data(const PUTM_CAN::Can_rx_message&) [with Device_data_type = PUTM_CAN::Telemetry_Main]	0	static
../Core/Inc/PUTM_EV_CAN_LIBRARY/lib/message_abstraction.hpp:126:8:void PUTM_CAN::Device<Device_data_type>::set_data(const PUTM_CAN::Can_rx_message&) [with Device_data_type = PUTM_CAN::TC_rear_suspension]	0	static
../Core/Inc/PUTM_EV_CAN_LIBRARY/lib/message_abstraction.hpp:126:8:void PUTM_CAN::Device<Device_data_type>::set_data(const PUTM_CAN::Can_rx_message&) [with Device_data_type = PUTM_CAN::SWPS_main]	0	static
../Core/Inc/PUTM_EV_CAN_LIBRARY/lib/message_abstraction.hpp:126:8:void PUTM_CAN::Device<Device_data_type>::set_data(const PUTM_CAN::Can_rx_message&) [with Device_data_type = PUTM_CAN::Lap_timer_Main]	0	static
../Core/Inc/PUTM_EV_CAN_LIBRARY/lib/message_abstraction.hpp:126:8:void PUTM_CAN::Device<Device_data_type>::set_data(const PUTM_CAN::Can_rx_message&) [with Device_data_type = PUTM_CAN::DV_Ass]	0	static
../Core/Inc/PUTM_EV_CAN_LIBRARY/lib/message_abstraction.hpp:126:8:void PUTM_CAN::Device<Device_data_type>::set_data(const PUTM_CAN::Can_rx_message&) [with Device_data_type = PUTM_CAN::Dash_steering_wheel_angle]	0	static
../Core/Inc/PUTM_EV_CAN_LIBRARY/lib/message_abstraction.hpp:126:8:void PUTM_CAN::Device<Device_data_type>::set_data(const PUTM_CAN::Can_rx_message&) [with Device_data_type = PUTM_CAN::Dash_lap_finished]	0	static
../Core/Inc/PUTM_EV_CAN_LIBRARY/lib/message_abstraction.hpp:126:8:void PUTM_CAN::Device<Device_data_type>::set_data(const PUTM_CAN::Can_rx_message&) [with Device_data_type = PUTM_CAN::Dash_steering_wheel_request]	0	static
../Core/Inc/PUTM_EV_CAN_LIBRARY/lib/message_abstraction.hpp:126:8:void PUTM_CAN::Device<Device_data_type>::set_data(const PUTM_CAN::Can_rx_message&) [with Device_data_type = PUTM_CAN::Dash_Smart_Fuses_FAN_speed]	0	static
../Core/Inc/PUTM_EV_CAN_LIBRARY/lib/message_abstraction.hpp:126:8:void PUTM_CAN::Device<Device_data_type>::set_data(const PUTM_CAN::Can_rx_message&) [with Device_data_type = PUTM_CAN::Dash_Main]	0	static
../Core/Inc/PUTM_EV_CAN_LIBRARY/lib/message_abstraction.hpp:126:8:void PUTM_CAN::Device<Device_data_type>::set_data(const PUTM_CAN::Can_rx_message&) [with Device_data_type = PUTM_CAN::AQ_ts_button]	0	static
../Core/Inc/PUTM_EV_CAN_LIBRARY/lib/message_abstraction.hpp:126:8:void PUTM_CAN::Device<Device_data_type>::set_data(const PUTM_CAN::Can_rx_message&) [with Device_data_type = PUTM_CAN::YawProbe_air_flow]	0	static
../Core/Inc/PUTM_EV_CAN_LIBRARY/lib/message_abstraction.hpp:126:8:void PUTM_CAN::Device<Device_data_type>::set_data(const PUTM_CAN::Can_rx_message&) [with Device_data_type = PUTM_CAN::WheelTemp_main]	0	static
../Core/Inc/PUTM_EV_CAN_LIBRARY/lib/message_abstraction.hpp:126:8:void PUTM_CAN::Device<Device_data_type>::set_data(const PUTM_CAN::Can_rx_message&) [with Device_data_type = PUTM_CAN::TC_imu_gyro]	0	static
../Core/Inc/PUTM_EV_CAN_LIBRARY/lib/message_abstraction.hpp:126:8:void PUTM_CAN::Device<Device_data_type>::set_data(const PUTM_CAN::Can_rx_message&) [with Device_data_type = PUTM_CAN::TC_imu_acc]	0	static
../Core/Inc/PUTM_EV_CAN_LIBRARY/lib/message_abstraction.hpp:126:8:void PUTM_CAN::Device<Device_data_type>::set_data(const PUTM_CAN::Can_rx_message&) [with Device_data_type = PUTM_CAN::TC_temperatures]	0	static
../Core/Inc/PUTM_EV_CAN_LIBRARY/lib/message_abstraction.hpp:126:8:void PUTM_CAN::Device<Device_data_type>::set_data(const PUTM_CAN::Can_rx_message&) [with Device_data_type = PUTM_CAN::TC_wheel_velocities]	0	static
../Core/Inc/PUTM_EV_CAN_LIBRARY/lib/message_abstraction.hpp:126:8:void PUTM_CAN::Device<Device_data_type>::set_data(const PUTM_CAN::Can_rx_message&) [with Device_data_type = PUTM_CAN::TC_main]	0	static
../Core/Inc/PUTM_EV_CAN_LIBRARY/lib/message_abstraction.hpp:126:8:void PUTM_CAN::Device<Device_data_type>::set_data(const PUTM_CAN::Can_rx_message&) [with Device_data_type = PUTM_CAN::Steering_Wheel_event]	0	static
../Core/Inc/PUTM_EV_CAN_LIBRARY/lib/message_abstraction.hpp:126:8:void PUTM_CAN::Device<Device_data_type>::set_data(const PUTM_CAN::Can_rx_message&) [with Device_data_type = PUTM_CAN::Steering_Wheel_main]	0	static
../Core/Inc/PUTM_EV_CAN_LIBRARY/lib/message_abstraction.hpp:126:8:void PUTM_CAN::Device<Device_data_type>::set_data(const PUTM_CAN::Can_rx_message&) [with Device_data_type = PUTM_CAN::SF_safety]	0	static
../Core/Inc/PUTM_EV_CAN_LIBRARY/lib/message_abstraction.hpp:126:8:void PUTM_CAN::Device<Device_data_type>::set_data(const PUTM_CAN::Can_rx_message&) [with Device_data_type = PUTM_CAN::SF_PassiveElements]	0	static
../Core/Inc/PUTM_EV_CAN_LIBRARY/lib/message_abstraction.hpp:126:8:void PUTM_CAN::Device<Device_data_type>::set_data(const PUTM_CAN::Can_rx_message&) [with Device_data_type = PUTM_CAN::SF_Supply]	0	static
../Core/Inc/PUTM_EV_CAN_LIBRARY/lib/message_abstraction.hpp:126:8:void PUTM_CAN::Device<Device_data_type>::set_data(const PUTM_CAN::Can_rx_message&) [with Device_data_type = PUTM_CAN::SF_LegendaryDVAndSupply]	0	static
../Core/Inc/PUTM_EV_CAN_LIBRARY/lib/message_abstraction.hpp:126:8:void PUTM_CAN::Device<Device_data_type>::set_data(const PUTM_CAN::Can_rx_message&) [with Device_data_type = PUTM_CAN::SF_main]	0	static
../Core/Inc/PUTM_EV_CAN_LIBRARY/lib/message_abstraction.hpp:126:8:void PUTM_CAN::Device<Device_data_type>::set_data(const PUTM_CAN::Can_rx_message&) [with Device_data_type = PUTM_CAN::Lap_timer_Skidpad_time]	0	static
../Core/Inc/PUTM_EV_CAN_LIBRARY/lib/message_abstraction.hpp:126:8:void PUTM_CAN::Device<Device_data_type>::set_data(const PUTM_CAN::Can_rx_message&) [with Device_data_type = PUTM_CAN::Lap_timer_Lap_time]	0	static
../Core/Inc/PUTM_EV_CAN_LIBRARY/lib/message_abstraction.hpp:126:8:void PUTM_CAN::Device<Device_data_type>::set_data(const PUTM_CAN::Can_rx_message&) [with Device_data_type = PUTM_CAN::Lap_timer_Acc_time]	0	static
../Core/Inc/PUTM_EV_CAN_LIBRARY/lib/message_abstraction.hpp:126:8:void PUTM_CAN::Device<Device_data_type>::set_data(const PUTM_CAN::Can_rx_message&) [with Device_data_type = PUTM_CAN::Lap_timer_Sector]	0	static
../Core/Inc/PUTM_EV_CAN_LIBRARY/lib/message_abstraction.hpp:126:8:void PUTM_CAN::Device<Device_data_type>::set_data(const PUTM_CAN::Can_rx_message&) [with Device_data_type = PUTM_CAN::Dash_TCS]	0	static
../Core/Inc/PUTM_EV_CAN_LIBRARY/lib/message_abstraction.hpp:126:8:void PUTM_CAN::Device<Device_data_type>::set_data(const PUTM_CAN::Can_rx_message&) [with Device_data_type = PUTM_CAN::BMS_LV_temperature]	0	static
../Core/Inc/PUTM_EV_CAN_LIBRARY/lib/message_abstraction.hpp:126:8:void PUTM_CAN::Device<Device_data_type>::set_data(const PUTM_CAN::Can_rx_message&) [with Device_data_type = PUTM_CAN::BMS_LV_main]	0	static
../Core/Inc/PUTM_EV_CAN_LIBRARY/lib/message_abstraction.hpp:126:8:void PUTM_CAN::Device<Device_data_type>::set_data(const PUTM_CAN::Can_rx_message&) [with Device_data_type = PUTM_CAN::BMS_HV_main]	0	static
../Core/Inc/PUTM_EV_CAN_LIBRARY/lib/message_abstraction.hpp:126:8:void PUTM_CAN::Device<Device_data_type>::set_data(const PUTM_CAN::Can_rx_message&) [with Device_data_type = PUTM_CAN::AQ_gyroscope]	0	static
../Core/Inc/PUTM_EV_CAN_LIBRARY/lib/message_abstraction.hpp:126:8:void PUTM_CAN::Device<Device_data_type>::set_data(const PUTM_CAN::Can_rx_message&) [with Device_data_type = PUTM_CAN::AQ_acceleration]	0	static
../Core/Inc/PUTM_EV_CAN_LIBRARY/lib/message_abstraction.hpp:126:8:void PUTM_CAN::Device<Device_data_type>::set_data(const PUTM_CAN::Can_rx_message&) [with Device_data_type = PUTM_CAN::AQ_main]	0	static
../Core/Inc/PUTM_EV_CAN_LIBRARY/lib/message_abstraction.hpp:126:8:void PUTM_CAN::Device<Device_data_type>::set_data(const PUTM_CAN::Can_rx_message&) [with Device_data_type = PUTM_CAN::Apps_main]	0	static
../Core/Src/main.cpp:385:13:void MX_GPIO_Init()	64	static
../Core/Inc/etl/ipool.h:113:8:T* etl::ipool::allocate() [with T = etl::ilist<unsigned int>::data_node_t]	8	static
../Core/Inc/gpioElements.hpp:43:3:virtual GpioOutElement::~GpioOutElement()	8	static
../Core/Inc/gpioElements.hpp:20:11:virtual constexpr GpioElement::~GpioElement()	8	static
../Core/Inc/PUTM_EV_CAN_LIBRARY/lib/can_interface.hpp:248:6:void HAL_CAN_RxFifo0MsgPendingCallback(CAN_HandleTypeDef*)	48	static
../Core/Src/main.cpp:453:6:void HAL_GPIO_EXTI_Callback(uint16_t)	0	static
../Core/Src/main.cpp:535:6:void HAL_TIM_PeriodElapsedCallback(TIM_HandleTypeDef*)	8	static
../Core/Src/main.cpp:552:6:void Error_Handler()	0	static,ignoring_inline_asm
../Core/Src/main.cpp:348:13:void MX_CAN1_Init()	8	static
../Core/Src/main.cpp:297:6:void SystemClock_Config()	104	static
../Core/Src/main.cpp:503:6:void setUpCan()	8	static
../Core/Src/main.cpp:458:6:void sendStates(PUTM_CAN::scrollStates, PUTM_CAN::scrollStates, PUTM_CAN::buttonStates)	56	static
../Core/Src/main.cpp:490:6:void heartbeat()	48	static
../Core/Src/main.cpp:150:5:int main()	24	static
../Core/Inc/etl/list.h:1796:10:void etl::ilist<T>::initialise() [with T = unsigned int]	16	static
../Core/Src/main.cpp:561:1:void __static_initialization_and_destruction_0(int, int)	40	static
../Core/Src/main.cpp:561:1:cpp)	8	static
../Core/Src/main.cpp:561:1:cpp)	8	static
