main.c:88:5:main	8	static
main.c:146:6:SystemClock_Config	104	static
main.c:188:6:PeriphCommonClock_Config	160	static
main.c:214:13:MX_ADC1_Init	48	static
main.c:278:13:MX_ADC2_Init	32	static
main.c:334:13:MX_CAN1_Init	8	static
main.c:369:13:MX_DMA_Init	24	static
main.c:392:13:MX_GPIO_Init	48	static
main.c:455:6:HAL_GPIO_EXTI_Callback	16	static
main.c:473:6:wait_for_second_button	8	static
main.c:508:6:reset_flags	4	static
main.c:532:6:choose_left_scroll_state	24	static
main.c:588:6:choose_right_scroll_state	24	static
main.c:673:6:HAL_TIM_PeriodElapsedCallback	16	static
main.c:690:6:Error_Handler	4	static,ignoring_inline_asm
