main.c:81:5:main	8	static
main.c:134:6:SystemClock_Config	104	static
main.c:177:13:MX_ADC1_Init	48	static
main.c:241:13:MX_CAN1_Init	8	static
main.c:276:13:MX_DMA_Init	16	static
main.c:295:13:MX_GPIO_Init	48	static
main.c:364:6:HAL_GPIO_EXTI_Callback	16	static
main.c:380:6:wait_for_second_button	8	static
main.c:398:6:reset_flags	4	static
main.c:405:7:calculate_average_adc	16	static
main.c:420:5:choose_left_scroll_state	16	static
main.c:442:6:toggle_led	8	static
main.c:475:6:HAL_TIM_PeriodElapsedCallback	16	static
main.c:492:6:Error_Handler	4	static,ignoring_inline_asm
