23:06:05 **** Incremental Build of configuration Debug for project kiera ****
make -j8 all 
arm-none-eabi-g++ "../Core/Src/main.cpp" -mcpu=cortex-m4 -std=gnu++20 -g3 -DDEBUG -DUSE_HAL_DRIVER -DSTM32L4P5xx -c -I../Core/Inc -I"C:/Users/konra/Desktop/przeprowadzka/PUTMotorsport/PUTM_EV_CAN_LIBRARY" -IC:/Users/konra/Desktop/przeprowadzka/PUTMotorsport/PUTM_EV_CAN_LIBRARY/lib -I../Drivers/STM32L4xx_HAL_Driver/Inc -I../Drivers/STM32L4xx_HAL_Driver/Inc/Legacy -I../Drivers/CMSIS/Device/ST/STM32L4xx/Include -I../Drivers/CMSIS/Include -Og -ffunction-sections -fdata-sections -fno-exceptions -fno-rtti -fno-use-cxa-atexit -Wall -fstack-usage -MMD -MP -MF"Core/Src/main.d" -MT"Core/Src/main.o" --specs=nano.specs -mfpu=fpv4-sp-d16 -mfloat-abi=hard -mthumb -o "Core/Src/main.o"
In file included from ../Drivers/CMSIS/Include/core_cm4.h:1955,
                 from ../Drivers/CMSIS/Device/ST/STM32L4xx/Include/stm32l4p5xx.h:170,
                 from ../Drivers/CMSIS/Device/ST/STM32L4xx/Include/stm32l4xx.h:159,
                 from ../Drivers/STM32L4xx_HAL_Driver/Inc/stm32l4xx_hal_def.h:29,
                 from ../Drivers/STM32L4xx_HAL_Driver/Inc/stm32l4xx_hal_rcc.h:27,
                 from ../Core/Inc/stm32l4xx_hal_conf.h:258,
                 from ../Drivers/STM32L4xx_HAL_Driver/Inc/stm32l4xx_hal.h:29,
                 from ../Core/Inc/main.h:31,
                 from ../Core/Src/main.cpp:21:
../Drivers/CMSIS/Include/mpu_armv7.h: In function 'void ARM_MPU_Enable(uint32_t)':
../Drivers/CMSIS/Include/mpu_armv7.h:195:14: warning: compound assignment with 'volatile'-qualified left operand is deprecated [-Wvolatile]
  195 |   SCB->SHCSR |= SCB_SHCSR_MEMFAULTENA_Msk;
../Drivers/CMSIS/Include/mpu_armv7.h: In function 'void ARM_MPU_Disable()':
../Drivers/CMSIS/Include/mpu_armv7.h:207:14: warning: compound assignment with 'volatile'-qualified left operand is deprecated [-Wvolatile]
  207 |   SCB->SHCSR &= ~SCB_SHCSR_MEMFAULTENA_Msk;
../Drivers/CMSIS/Include/mpu_armv7.h:209:14: warning: compound assignment with 'volatile'-qualified left operand is deprecated [-Wvolatile]
  209 |   MPU->CTRL  &= ~MPU_CTRL_ENABLE_Msk;
In file included from ../Drivers/STM32L4xx_HAL_Driver/Inc/stm32l4xx_hal_def.h:29,
                 from ../Drivers/STM32L4xx_HAL_Driver/Inc/stm32l4xx_hal_rcc.h:27,
                 from ../Core/Inc/stm32l4xx_hal_conf.h:258,
                 from ../Drivers/STM32L4xx_HAL_Driver/Inc/stm32l4xx_hal.h:29,
                 from ../Core/Inc/main.h:31,
                 from ../Core/Src/main.cpp:21:
../Drivers/STM32L4xx_HAL_Driver/Inc/stm32l4xx_ll_adc.h: In function 'void LL_ADC_SetCommonPathInternalChAdd(ADC_Common_TypeDef*, uint32_t)':
../Drivers/CMSIS/Device/ST/STM32L4xx/Include/stm32l4xx.h:212:38: warning: compound assignment with 'volatile'-qualified left operand is deprecated [-Wvolatile]
  212 | #define SET_BIT(REG, BIT)     ((REG) |= (BIT))
      |                                ~~~~~~^~~~~~~~
../Drivers/STM32L4xx_HAL_Driver/Inc/stm32l4xx_ll_adc.h:2546:3: note: in expansion of macro 'SET_BIT'
 2546 |   SET_BIT(ADCxy_COMMON->CCR, PathInternal);
      |   ^~~~~~~
../Drivers/STM32L4xx_HAL_Driver/Inc/stm32l4xx_ll_adc.h: In function 'void LL_ADC_SetCommonPathInternalChRem(ADC_Common_TypeDef*, uint32_t)':
../Drivers/CMSIS/Device/ST/STM32L4xx/Include/stm32l4xx.h:214:38: warning: compound assignment with 'volatile'-qualified left operand is deprecated [-Wvolatile]
  214 | #define CLEAR_BIT(REG, BIT)   ((REG) &= ~(BIT))
      |                                ~~~~~~^~~~~~~~~
../Drivers/STM32L4xx_HAL_Driver/Inc/stm32l4xx_ll_adc.h:2570:3: note: in expansion of macro 'CLEAR_BIT'
 2570 |   CLEAR_BIT(ADCxy_COMMON->CCR, PathInternal);
      |   ^~~~~~~~~
../Drivers/STM32L4xx_HAL_Driver/Inc/stm32l4xx_ll_adc.h: In function 'void LL_ADC_DisableDeepPowerDown(ADC_TypeDef*)':
../Drivers/CMSIS/Device/ST/STM32L4xx/Include/stm32l4xx.h:214:38: warning: compound assignment with 'volatile'-qualified left operand is deprecated [-Wvolatile]
  214 | #define CLEAR_BIT(REG, BIT)   ((REG) &= ~(BIT))
      |                                ~~~~~~^~~~~~~~~
../Drivers/STM32L4xx_HAL_Driver/Inc/stm32l4xx_ll_adc.h:5930:3: note: in expansion of macro 'CLEAR_BIT'
 5930 |   CLEAR_BIT(ADCx->CR, (ADC_CR_DEEPPWD | ADC_CR_BITS_PROPERTY_RS));
      |   ^~~~~~~~~
../Drivers/STM32L4xx_HAL_Driver/Inc/stm32l4xx_ll_adc.h: In function 'void LL_ADC_DisableInternalRegulator(ADC_TypeDef*)':
../Drivers/CMSIS/Device/ST/STM32L4xx/Include/stm32l4xx.h:214:38: warning: compound assignment with 'volatile'-qualified left operand is deprecated [-Wvolatile]
  214 | #define CLEAR_BIT(REG, BIT)   ((REG) &= ~(BIT))
      |                                ~~~~~~^~~~~~~~~
../Drivers/STM32L4xx_HAL_Driver/Inc/stm32l4xx_ll_adc.h:5979:3: note: in expansion of macro 'CLEAR_BIT'
 5979 |   CLEAR_BIT(ADCx->CR, (ADC_CR_ADVREGEN | ADC_CR_BITS_PROPERTY_RS));
      |   ^~~~~~~~~
../Drivers/STM32L4xx_HAL_Driver/Inc/stm32l4xx_ll_adc.h: In function 'void LL_ADC_EnableIT_ADRDY(ADC_TypeDef*)':
../Drivers/CMSIS/Device/ST/STM32L4xx/Include/stm32l4xx.h:212:38: warning: compound assignment with 'volatile'-qualified left operand is deprecated [-Wvolatile]
  212 | #define SET_BIT(REG, BIT)     ((REG) |= (BIT))
      |                                ~~~~~~^~~~~~~~
../Drivers/STM32L4xx_HAL_Driver/Inc/stm32l4xx_ll_adc.h:7041:3: note: in expansion of macro 'SET_BIT'
 7041 |   SET_BIT(ADCx->IER, LL_ADC_IT_ADRDY);
      |   ^~~~~~~
../Drivers/STM32L4xx_HAL_Driver/Inc/stm32l4xx_ll_adc.h: In function 'void LL_ADC_EnableIT_EOC(ADC_TypeDef*)':
../Drivers/CMSIS/Device/ST/STM32L4xx/Include/stm32l4xx.h:212:38: warning: compound assignment with 'volatile'-qualified left operand is deprecated [-Wvolatile]
  212 | #define SET_BIT(REG, BIT)     ((REG) |= (BIT))
      |                                ~~~~~~^~~~~~~~
../Drivers/STM32L4xx_HAL_Driver/Inc/stm32l4xx_ll_adc.h:7052:3: note: in expansion of macro 'SET_BIT'
 7052 |   SET_BIT(ADCx->IER, LL_ADC_IT_EOC);
      |   ^~~~~~~
../Drivers/STM32L4xx_HAL_Driver/Inc/stm32l4xx_ll_adc.h: In function 'void LL_ADC_EnableIT_EOS(ADC_TypeDef*)':
../Drivers/CMSIS/Device/ST/STM32L4xx/Include/stm32l4xx.h:212:38: warning: compound assignment with 'volatile'-qualified left operand is deprecated [-Wvolatile]
  212 | #define SET_BIT(REG, BIT)     ((REG) |= (BIT))
      |                                ~~~~~~^~~~~~~~
../Drivers/STM32L4xx_HAL_Driver/Inc/stm32l4xx_ll_adc.h:7063:3: note: in expansion of macro 'SET_BIT'
 7063 |   SET_BIT(ADCx->IER, LL_ADC_IT_EOS);
      |   ^~~~~~~
../Drivers/STM32L4xx_HAL_Driver/Inc/stm32l4xx_ll_adc.h: In function 'void LL_ADC_EnableIT_OVR(ADC_TypeDef*)':
../Drivers/CMSIS/Device/ST/STM32L4xx/Include/stm32l4xx.h:212:38: warning: compound assignment with 'volatile'-qualified left operand is deprecated [-Wvolatile]
  212 | #define SET_BIT(REG, BIT)     ((REG) |= (BIT))
      |                                ~~~~~~^~~~~~~~
../Drivers/STM32L4xx_HAL_Driver/Inc/stm32l4xx_ll_adc.h:7074:3: note: in expansion of macro 'SET_BIT'
 7074 |   SET_BIT(ADCx->IER, LL_ADC_IT_OVR);
      |   ^~~~~~~
../Drivers/STM32L4xx_HAL_Driver/Inc/stm32l4xx_ll_adc.h: In function 'void LL_ADC_EnableIT_EOSMP(ADC_TypeDef*)':
../Drivers/CMSIS/Device/ST/STM32L4xx/Include/stm32l4xx.h:212:38: warning: compound assignment with 'volatile'-qualified left operand is deprecated [-Wvolatile]
  212 | #define SET_BIT(REG, BIT)     ((REG) |= (BIT))
      |                                ~~~~~~^~~~~~~~
../Drivers/STM32L4xx_HAL_Driver/Inc/stm32l4xx_ll_adc.h:7085:3: note: in expansion of macro 'SET_BIT'
 7085 |   SET_BIT(ADCx->IER, LL_ADC_IT_EOSMP);
      |   ^~~~~~~
../Drivers/STM32L4xx_HAL_Driver/Inc/stm32l4xx_ll_adc.h: In function 'void LL_ADC_EnableIT_JEOC(ADC_TypeDef*)':
../Drivers/CMSIS/Device/ST/STM32L4xx/Include/stm32l4xx.h:212:38: warning: compound assignment with 'volatile'-qualified left operand is deprecated [-Wvolatile]
  212 | #define SET_BIT(REG, BIT)     ((REG) |= (BIT))
      |                                ~~~~~~^~~~~~~~
../Drivers/STM32L4xx_HAL_Driver/Inc/stm32l4xx_ll_adc.h:7096:3: note: in expansion of macro 'SET_BIT'
 7096 |   SET_BIT(ADCx->IER, LL_ADC_IT_JEOC);
      |   ^~~~~~~
../Drivers/STM32L4xx_HAL_Driver/Inc/stm32l4xx_ll_adc.h: In function 'void LL_ADC_EnableIT_JEOS(ADC_TypeDef*)':
../Drivers/CMSIS/Device/ST/STM32L4xx/Include/stm32l4xx.h:212:38: warning: compound assignment with 'volatile'-qualified left operand is deprecated [-Wvolatile]
  212 | #define SET_BIT(REG, BIT)     ((REG) |= (BIT))
      |                                ~~~~~~^~~~~~~~
../Drivers/STM32L4xx_HAL_Driver/Inc/stm32l4xx_ll_adc.h:7107:3: note: in expansion of macro 'SET_BIT'
 7107 |   SET_BIT(ADCx->IER, LL_ADC_IT_JEOS);
      |   ^~~~~~~
../Drivers/STM32L4xx_HAL_Driver/Inc/stm32l4xx_ll_adc.h: In function 'void LL_ADC_EnableIT_JQOVF(ADC_TypeDef*)':
../Drivers/CMSIS/Device/ST/STM32L4xx/Include/stm32l4xx.h:212:38: warning: compound assignment with 'volatile'-qualified left operand is deprecated [-Wvolatile]
  212 | #define SET_BIT(REG, BIT)     ((REG) |= (BIT))
      |                                ~~~~~~^~~~~~~~
../Drivers/STM32L4xx_HAL_Driver/Inc/stm32l4xx_ll_adc.h:7118:3: note: in expansion of macro 'SET_BIT'
 7118 |   SET_BIT(ADCx->IER, LL_ADC_IT_JQOVF);
      |   ^~~~~~~
../Drivers/STM32L4xx_HAL_Driver/Inc/stm32l4xx_ll_adc.h: In function 'void LL_ADC_EnableIT_AWD1(ADC_TypeDef*)':
../Drivers/CMSIS/Device/ST/STM32L4xx/Include/stm32l4xx.h:212:38: warning: compound assignment with 'volatile'-qualified left operand is deprecated [-Wvolatile]
  212 | #define SET_BIT(REG, BIT)     ((REG) |= (BIT))
      |                                ~~~~~~^~~~~~~~
../Drivers/STM32L4xx_HAL_Driver/Inc/stm32l4xx_ll_adc.h:7129:3: note: in expansion of macro 'SET_BIT'
 7129 |   SET_BIT(ADCx->IER, LL_ADC_IT_AWD1);
      |   ^~~~~~~
../Drivers/STM32L4xx_HAL_Driver/Inc/stm32l4xx_ll_adc.h: In function 'void LL_ADC_EnableIT_AWD2(ADC_TypeDef*)':
../Drivers/CMSIS/Device/ST/STM32L4xx/Include/stm32l4xx.h:212:38: warning: compound assignment with 'volatile'-qualified left operand is deprecated [-Wvolatile]
  212 | #define SET_BIT(REG, BIT)     ((REG) |= (BIT))
      |                                ~~~~~~^~~~~~~~
../Drivers/STM32L4xx_HAL_Driver/Inc/stm32l4xx_ll_adc.h:7140:3: note: in expansion of macro 'SET_BIT'
 7140 |   SET_BIT(ADCx->IER, LL_ADC_IT_AWD2);
      |   ^~~~~~~
../Drivers/STM32L4xx_HAL_Driver/Inc/stm32l4xx_ll_adc.h: In function 'void LL_ADC_EnableIT_AWD3(ADC_TypeDef*)':
../Drivers/CMSIS/Device/ST/STM32L4xx/Include/stm32l4xx.h:212:38: warning: compound assignment with 'volatile'-qualified left operand is deprecated [-Wvolatile]
  212 | #define SET_BIT(REG, BIT)     ((REG) |= (BIT))
      |                                ~~~~~~^~~~~~~~
../Drivers/STM32L4xx_HAL_Driver/Inc/stm32l4xx_ll_adc.h:7151:3: note: in expansion of macro 'SET_BIT'
 7151 |   SET_BIT(ADCx->IER, LL_ADC_IT_AWD3);
      |   ^~~~~~~
../Drivers/STM32L4xx_HAL_Driver/Inc/stm32l4xx_ll_adc.h: In function 'void LL_ADC_DisableIT_ADRDY(ADC_TypeDef*)':
../Drivers/CMSIS/Device/ST/STM32L4xx/Include/stm32l4xx.h:214:38: warning: compound assignment with 'volatile'-qualified left operand is deprecated [-Wvolatile]
  214 | #define CLEAR_BIT(REG, BIT)   ((REG) &= ~(BIT))
      |                                ~~~~~~^~~~~~~~~
../Drivers/STM32L4xx_HAL_Driver/Inc/stm32l4xx_ll_adc.h:7162:3: note: in expansion of macro 'CLEAR_BIT'
 7162 |   CLEAR_BIT(ADCx->IER, LL_ADC_IT_ADRDY);
      |   ^~~~~~~~~
../Drivers/STM32L4xx_HAL_Driver/Inc/stm32l4xx_ll_adc.h: In function 'void LL_ADC_DisableIT_EOC(ADC_TypeDef*)':
../Drivers/CMSIS/Device/ST/STM32L4xx/Include/stm32l4xx.h:214:38: warning: compound assignment with 'volatile'-qualified left operand is deprecated [-Wvolatile]
  214 | #define CLEAR_BIT(REG, BIT)   ((REG) &= ~(BIT))
      |                                ~~~~~~^~~~~~~~~
../Drivers/STM32L4xx_HAL_Driver/Inc/stm32l4xx_ll_adc.h:7173:3: note: in expansion of macro 'CLEAR_BIT'
 7173 |   CLEAR_BIT(ADCx->IER, LL_ADC_IT_EOC);
      |   ^~~~~~~~~
../Drivers/STM32L4xx_HAL_Driver/Inc/stm32l4xx_ll_adc.h: In function 'void LL_ADC_DisableIT_EOS(ADC_TypeDef*)':
../Drivers/CMSIS/Device/ST/STM32L4xx/Include/stm32l4xx.h:214:38: warning: compound assignment with 'volatile'-qualified left operand is deprecated [-Wvolatile]
  214 | #define CLEAR_BIT(REG, BIT)   ((REG) &= ~(BIT))
      |                                ~~~~~~^~~~~~~~~
../Drivers/STM32L4xx_HAL_Driver/Inc/stm32l4xx_ll_adc.h:7184:3: note: in expansion of macro 'CLEAR_BIT'
 7184 |   CLEAR_BIT(ADCx->IER, LL_ADC_IT_EOS);
      |   ^~~~~~~~~
../Drivers/STM32L4xx_HAL_Driver/Inc/stm32l4xx_ll_adc.h: In function 'void LL_ADC_DisableIT_OVR(ADC_TypeDef*)':
../Drivers/CMSIS/Device/ST/STM32L4xx/Include/stm32l4xx.h:214:38: warning: compound assignment with 'volatile'-qualified left operand is deprecated [-Wvolatile]
  214 | #define CLEAR_BIT(REG, BIT)   ((REG) &= ~(BIT))
      |                                ~~~~~~^~~~~~~~~
../Drivers/STM32L4xx_HAL_Driver/Inc/stm32l4xx_ll_adc.h:7195:3: note: in expansion of macro 'CLEAR_BIT'
 7195 |   CLEAR_BIT(ADCx->IER, LL_ADC_IT_OVR);
      |   ^~~~~~~~~
../Drivers/STM32L4xx_HAL_Driver/Inc/stm32l4xx_ll_adc.h: In function 'void LL_ADC_DisableIT_EOSMP(ADC_TypeDef*)':
../Drivers/CMSIS/Device/ST/STM32L4xx/Include/stm32l4xx.h:214:38: warning: compound assignment with 'volatile'-qualified left operand is deprecated [-Wvolatile]
  214 | #define CLEAR_BIT(REG, BIT)   ((REG) &= ~(BIT))
      |                                ~~~~~~^~~~~~~~~
../Drivers/STM32L4xx_HAL_Driver/Inc/stm32l4xx_ll_adc.h:7206:3: note: in expansion of macro 'CLEAR_BIT'
 7206 |   CLEAR_BIT(ADCx->IER, LL_ADC_IT_EOSMP);
      |   ^~~~~~~~~
../Drivers/STM32L4xx_HAL_Driver/Inc/stm32l4xx_ll_adc.h: In function 'void LL_ADC_DisableIT_JEOC(ADC_TypeDef*)':
../Drivers/CMSIS/Device/ST/STM32L4xx/Include/stm32l4xx.h:214:38: warning: compound assignment with 'volatile'-qualified left operand is deprecated [-Wvolatile]
  214 | #define CLEAR_BIT(REG, BIT)   ((REG) &= ~(BIT))
      |                                ~~~~~~^~~~~~~~~
../Drivers/STM32L4xx_HAL_Driver/Inc/stm32l4xx_ll_adc.h:7217:3: note: in expansion of macro 'CLEAR_BIT'
 7217 |   CLEAR_BIT(ADCx->IER, LL_ADC_IT_JEOC);
      |   ^~~~~~~~~
../Drivers/STM32L4xx_HAL_Driver/Inc/stm32l4xx_ll_adc.h: In function 'void LL_ADC_DisableIT_JEOS(ADC_TypeDef*)':
../Drivers/CMSIS/Device/ST/STM32L4xx/Include/stm32l4xx.h:214:38: warning: compound assignment with 'volatile'-qualified left operand is deprecated [-Wvolatile]
  214 | #define CLEAR_BIT(REG, BIT)   ((REG) &= ~(BIT))
      |                                ~~~~~~^~~~~~~~~
../Drivers/STM32L4xx_HAL_Driver/Inc/stm32l4xx_ll_adc.h:7228:3: note: in expansion of macro 'CLEAR_BIT'
 7228 |   CLEAR_BIT(ADCx->IER, LL_ADC_IT_JEOS);
      |   ^~~~~~~~~
../Drivers/STM32L4xx_HAL_Driver/Inc/stm32l4xx_ll_adc.h: In function 'void LL_ADC_DisableIT_JQOVF(ADC_TypeDef*)':
../Drivers/CMSIS/Device/ST/STM32L4xx/Include/stm32l4xx.h:214:38: warning: compound assignment with 'volatile'-qualified left operand is deprecated [-Wvolatile]
  214 | #define CLEAR_BIT(REG, BIT)   ((REG) &= ~(BIT))
      |                                ~~~~~~^~~~~~~~~
../Drivers/STM32L4xx_HAL_Driver/Inc/stm32l4xx_ll_adc.h:7239:3: note: in expansion of macro 'CLEAR_BIT'
 7239 |   CLEAR_BIT(ADCx->IER, LL_ADC_IT_JQOVF);
      |   ^~~~~~~~~
../Drivers/STM32L4xx_HAL_Driver/Inc/stm32l4xx_ll_adc.h: In function 'void LL_ADC_DisableIT_AWD1(ADC_TypeDef*)':
../Drivers/CMSIS/Device/ST/STM32L4xx/Include/stm32l4xx.h:214:38: warning: compound assignment with 'volatile'-qualified left operand is deprecated [-Wvolatile]
  214 | #define CLEAR_BIT(REG, BIT)   ((REG) &= ~(BIT))
      |                                ~~~~~~^~~~~~~~~
../Drivers/STM32L4xx_HAL_Driver/Inc/stm32l4xx_ll_adc.h:7250:3: note: in expansion of macro 'CLEAR_BIT'
 7250 |   CLEAR_BIT(ADCx->IER, LL_ADC_IT_AWD1);
      |   ^~~~~~~~~
../Drivers/STM32L4xx_HAL_Driver/Inc/stm32l4xx_ll_adc.h: In function 'void LL_ADC_DisableIT_AWD2(ADC_TypeDef*)':
../Drivers/CMSIS/Device/ST/STM32L4xx/Include/stm32l4xx.h:214:38: warning: compound assignment with 'volatile'-qualified left operand is deprecated [-Wvolatile]
  214 | #define CLEAR_BIT(REG, BIT)   ((REG) &= ~(BIT))
      |                                ~~~~~~^~~~~~~~~
../Drivers/STM32L4xx_HAL_Driver/Inc/stm32l4xx_ll_adc.h:7261:3: note: in expansion of macro 'CLEAR_BIT'
 7261 |   CLEAR_BIT(ADCx->IER, LL_ADC_IT_AWD2);
      |   ^~~~~~~~~
../Drivers/STM32L4xx_HAL_Driver/Inc/stm32l4xx_ll_adc.h: In function 'void LL_ADC_DisableIT_AWD3(ADC_TypeDef*)':
../Drivers/CMSIS/Device/ST/STM32L4xx/Include/stm32l4xx.h:214:38: warning: compound assignment with 'volatile'-qualified left operand is deprecated [-Wvolatile]
  214 | #define CLEAR_BIT(REG, BIT)   ((REG) &= ~(BIT))
      |                                ~~~~~~^~~~~~~~~
../Drivers/STM32L4xx_HAL_Driver/Inc/stm32l4xx_ll_adc.h:7272:3: note: in expansion of macro 'CLEAR_BIT'
 7272 |   CLEAR_BIT(ADCx->IER, LL_ADC_IT_AWD3);
      |   ^~~~~~~~~
../Core/Src/main.cpp: In function 'void MX_DMA_Init()':
../Drivers/CMSIS/Device/ST/STM32L4xx/Include/stm32l4xx.h:212:38: warning: compound assignment with 'volatile'-qualified left operand is deprecated [-Wvolatile]
  212 | #define SET_BIT(REG, BIT)     ((REG) |= (BIT))
      |                                ~~~~~~^~~~~~~~
../Drivers/STM32L4xx_HAL_Driver/Inc/stm32l4xx_hal_rcc.h:656:50: note: in expansion of macro 'SET_BIT'
  656 |                                                  SET_BIT(RCC->AHB1ENR, RCC_AHB1ENR_DMAMUX1EN); \
      |                                                  ^~~~~~~
../Core/Src/main.cpp:426:3: note: in expansion of macro '__HAL_RCC_DMAMUX1_CLK_ENABLE'
  426 |   __HAL_RCC_DMAMUX1_CLK_ENABLE();
      |   ^~~~~~~~~~~~~~~~~~~~~~~~~~~~
../Drivers/CMSIS/Device/ST/STM32L4xx/Include/stm32l4xx.h:212:38: warning: compound assignment with 'volatile'-qualified left operand is deprecated [-Wvolatile]
  212 | #define SET_BIT(REG, BIT)     ((REG) |= (BIT))
      |                                ~~~~~~^~~~~~~~
../Drivers/STM32L4xx_HAL_Driver/Inc/stm32l4xx_hal_rcc.h:639:50: note: in expansion of macro 'SET_BIT'
  639 |                                                  SET_BIT(RCC->AHB1ENR, RCC_AHB1ENR_DMA1EN); \
      |                                                  ^~~~~~~
../Core/Src/main.cpp:427:3: note: in expansion of macro '__HAL_RCC_DMA1_CLK_ENABLE'
  427 |   __HAL_RCC_DMA1_CLK_ENABLE();
      |   ^~~~~~~~~~~~~~~~~~~~~~~~~
../Drivers/CMSIS/Device/ST/STM32L4xx/Include/stm32l4xx.h:212:38: warning: compound assignment with 'volatile'-qualified left operand is deprecated [-Wvolatile]
  212 | #define SET_BIT(REG, BIT)     ((REG) |= (BIT))
      |                                ~~~~~~^~~~~~~~
../Drivers/STM32L4xx_HAL_Driver/Inc/stm32l4xx_hal_rcc.h:647:50: note: in expansion of macro 'SET_BIT'
  647 |                                                  SET_BIT(RCC->AHB1ENR, RCC_AHB1ENR_DMA2EN); \
      |                                                  ^~~~~~~
../Core/Src/main.cpp:428:3: note: in expansion of macro '__HAL_RCC_DMA2_CLK_ENABLE'
  428 |   __HAL_RCC_DMA2_CLK_ENABLE();
      |   ^~~~~~~~~~~~~~~~~~~~~~~~~
../Core/Src/main.cpp: In function 'void MX_GPIO_Init()':
../Drivers/CMSIS/Device/ST/STM32L4xx/Include/stm32l4xx.h:212:38: warning: compound assignment with 'volatile'-qualified left operand is deprecated [-Wvolatile]
  212 | #define SET_BIT(REG, BIT)     ((REG) |= (BIT))
      |                                ~~~~~~^~~~~~~~
../Drivers/STM32L4xx_HAL_Driver/Inc/stm32l4xx_hal_rcc.h:808:50: note: in expansion of macro 'SET_BIT'
  808 |                                                  SET_BIT(RCC->AHB2ENR, RCC_AHB2ENR_GPIOHEN); \
      |                                                  ^~~~~~~
../Core/Src/main.cpp:450:3: note: in expansion of macro '__HAL_RCC_GPIOH_CLK_ENABLE'
  450 |   __HAL_RCC_GPIOH_CLK_ENABLE();
      |   ^~~~~~~~~~~~~~~~~~~~~~~~~~
../Drivers/CMSIS/Device/ST/STM32L4xx/Include/stm32l4xx.h:212:38: warning: compound assignment with 'volatile'-qualified left operand is deprecated [-Wvolatile]
  212 | #define SET_BIT(REG, BIT)     ((REG) |= (BIT))
      |                                ~~~~~~^~~~~~~~
../Drivers/STM32L4xx_HAL_Driver/Inc/stm32l4xx_hal_rcc.h:744:50: note: in expansion of macro 'SET_BIT'
  744 |                                                  SET_BIT(RCC->AHB2ENR, RCC_AHB2ENR_GPIOAEN); \
      |                                                  ^~~~~~~
../Core/Src/main.cpp:451:3: note: in expansion of macro '__HAL_RCC_GPIOA_CLK_ENABLE'
  451 |   __HAL_RCC_GPIOA_CLK_ENABLE();
      |   ^~~~~~~~~~~~~~~~~~~~~~~~~~
../Drivers/CMSIS/Device/ST/STM32L4xx/Include/stm32l4xx.h:212:38: warning: compound assignment with 'volatile'-qualified left operand is deprecated [-Wvolatile]
  212 | #define SET_BIT(REG, BIT)     ((REG) |= (BIT))
      |                                ~~~~~~^~~~~~~~
../Drivers/STM32L4xx_HAL_Driver/Inc/stm32l4xx_hal_rcc.h:760:50: note: in expansion of macro 'SET_BIT'
  760 |                                                  SET_BIT(RCC->AHB2ENR, RCC_AHB2ENR_GPIOCEN); \
      |                                                  ^~~~~~~
../Core/Src/main.cpp:452:3: note: in expansion of macro '__HAL_RCC_GPIOC_CLK_ENABLE'
  452 |   __HAL_RCC_GPIOC_CLK_ENABLE();
      |   ^~~~~~~~~~~~~~~~~~~~~~~~~~
../Drivers/CMSIS/Device/ST/STM32L4xx/Include/stm32l4xx.h:212:38: warning: compound assignment with 'volatile'-qualified left operand is deprecated [-Wvolatile]
  212 | #define SET_BIT(REG, BIT)     ((REG) |= (BIT))
      |                                ~~~~~~^~~~~~~~
../Drivers/STM32L4xx_HAL_Driver/Inc/stm32l4xx_hal_rcc.h:769:50: note: in expansion of macro 'SET_BIT'
  769 |                                                  SET_BIT(RCC->AHB2ENR, RCC_AHB2ENR_GPIODEN); \
      |                                                  ^~~~~~~
../Core/Src/main.cpp:453:3: note: in expansion of macro '__HAL_RCC_GPIOD_CLK_ENABLE'
  453 |   __HAL_RCC_GPIOD_CLK_ENABLE();
      |   ^~~~~~~~~~~~~~~~~~~~~~~~~~
../Drivers/CMSIS/Device/ST/STM32L4xx/Include/stm32l4xx.h:212:38: warning: compound assignment with 'volatile'-qualified left operand is deprecated [-Wvolatile]
  212 | #define SET_BIT(REG, BIT)     ((REG) |= (BIT))
      |                                ~~~~~~^~~~~~~~
../Drivers/STM32L4xx_HAL_Driver/Inc/stm32l4xx_hal_rcc.h:752:50: note: in expansion of macro 'SET_BIT'
  752 |                                                  SET_BIT(RCC->AHB2ENR, RCC_AHB2ENR_GPIOBEN); \
      |                                                  ^~~~~~~
../Core/Src/main.cpp:454:3: note: in expansion of macro '__HAL_RCC_GPIOB_CLK_ENABLE'
  454 |   __HAL_RCC_GPIOB_CLK_ENABLE();
      |   ^~~~~~~~~~~~~~~~~~~~~~~~~~
../Core/Src/main.cpp: In function 'void heartbeat()':
../Core/Src/main.cpp:534:2: error: 'Steering_Wheel_main' was not declared in this scope; did you mean 'PUTM_CAN::Steering_Wheel_main'?
  534 |  Steering_Wheel_main pcb_alive{0, Steering_Wheel_states::OK};
      |  ^~~~~~~~~~~~~~~~~~~
      |  PUTM_CAN::Steering_Wheel_main
In file included from ../Core/Inc/PUTM_EV_CAN_LIBRARY/lib/can_interface.hpp:25,
                 from ../Core/Src/main.cpp:28:
../Core/Inc/PUTM_EV_CAN_LIBRARY/lib/CanHeaders/PM08-CANBUS-STEERING_WHEEL.hpp:37:33: note: 'PUTM_CAN::Steering_Wheel_main' declared here
   37 | struct __attribute__ ((packed)) Steering_Wheel_main{
      |                                 ^~~~~~~~~~~~~~~~~~~
../Core/Src/main.cpp:537:3: error: 'pcb_alive' was not declared in this scope
  537 |  (pcb_alive, can_tx_header_STEERING_WHEEL_MAIN);
      |   ^~~~~~~~~
../Core/Src/main.cpp:537:14: error: 'can_tx_header_STEERING_WHEEL_MAIN' was not declared in this scope; did you mean 'PUTM_CAN::can_tx_header_STEERING_WHEEL_MAIN'?
  537 |  (pcb_alive, can_tx_header_STEERING_WHEEL_MAIN);
      |              ^~~~~~~~~~~~~~~~~~~~~~~~~~~~~~~~~
      |              PUTM_CAN::can_tx_header_STEERING_WHEEL_MAIN
In file included from ../Core/Inc/PUTM_EV_CAN_LIBRARY/lib/can_interface.hpp:25,
                 from ../Core/Src/main.cpp:28:
../Core/Inc/PUTM_EV_CAN_LIBRARY/lib/CanHeaders/PM08-CANBUS-STEERING_WHEEL.hpp:56:27: note: 'PUTM_CAN::can_tx_header_STEERING_WHEEL_MAIN' declared here
   56 | const CAN_TxHeaderTypeDef can_tx_header_STEERING_WHEEL_MAIN{
      |                           ^~~~~~~~~~~~~~~~~~~~~~~~~~~~~~~~~
../Core/Src/main.cpp: In function 'void wait_for_second_button()':
../Core/Src/main.cpp:545:2: error: 'Steering_Wheel_event' was not declared in this scope; did you mean 'PUTM_CAN::Steering_Wheel_event'?
  545 |  Steering_Wheel_event button_pressed{};
      |  ^~~~~~~~~~~~~~~~~~~~
      |  PUTM_CAN::Steering_Wheel_event
In file included from ../Core/Inc/PUTM_EV_CAN_LIBRARY/lib/can_interface.hpp:25,
                 from ../Core/Src/main.cpp:28:
../Core/Inc/PUTM_EV_CAN_LIBRARY/lib/CanHeaders/PM08-CANBUS-STEERING_WHEEL.hpp:42:33: note: 'PUTM_CAN::Steering_Wheel_event' declared here
   42 | struct __attribute__ ((packed)) Steering_Wheel_event{
      |                                 ^~~~~~~~~~~~~~~~~~~~
../Core/Src/main.cpp:549:3: error: 'button_pressed' was not declared in this scope
  549 |   button_pressed.button = PUTM_CAN::buttonStates::button1_2;
      |   ^~~~~~~~~~~~~~
../Core/Src/main.cpp:552:3: error: 'button_pressed' was not declared in this scope
  552 |   button_pressed.button = PUTM_CAN::buttonStates::button1_3;
      |   ^~~~~~~~~~~~~~
../Core/Src/main.cpp:555:3: error: 'button_pressed' was not declared in this scope
  555 |   button_pressed.button = PUTM_CAN::buttonStates::button1_4;
      |   ^~~~~~~~~~~~~~
../Core/Src/main.cpp:558:3: error: 'button_pressed' was not declared in this scope
  558 |   button_pressed.button = PUTM_CAN::buttonStates::button2_3;
      |   ^~~~~~~~~~~~~~
../Core/Src/main.cpp:561:3: error: 'button_pressed' was not declared in this scope
  561 |   button_pressed.button = buttonStates::button2_4;
      |   ^~~~~~~~~~~~~~
../Core/Src/main.cpp:561:27: error: 'buttonStates' has not been declared
  561 |   button_pressed.button = buttonStates::button2_4;
      |                           ^~~~~~~~~~~~
../Core/Src/main.cpp:564:3: error: 'button_pressed' was not declared in this scope
  564 |   button_pressed.button = buttonStates::button3_4;
      |   ^~~~~~~~~~~~~~
../Core/Src/main.cpp:564:27: error: 'buttonStates' has not been declared
  564 |   button_pressed.button = buttonStates::button3_4;
      |                           ^~~~~~~~~~~~
../Core/Src/main.cpp:566:3: error: 'button_pressed' was not declared in this scope
  566 |   button_pressed.button = buttonStates::button1;
      |   ^~~~~~~~~~~~~~
../Core/Src/main.cpp:566:27: error: 'buttonStates' has not been declared
  566 |   button_pressed.button = buttonStates::button1;
      |                           ^~~~~~~~~~~~
../Core/Src/main.cpp:569:3: error: 'button_pressed' was not declared in this scope
  569 |   button_pressed.button = buttonStates::button2;
      |   ^~~~~~~~~~~~~~
../Core/Src/main.cpp:569:27: error: 'buttonStates' has not been declared
  569 |   button_pressed.button = buttonStates::button2;
      |                           ^~~~~~~~~~~~
../Core/Src/main.cpp:571:3: error: 'button_pressed' was not declared in this scope
  571 |   button_pressed.button = buttonStates::button3;
      |   ^~~~~~~~~~~~~~
../Core/Src/main.cpp:571:27: error: 'buttonStates' has not been declared
  571 |   button_pressed.button = buttonStates::button3;
      |                           ^~~~~~~~~~~~
../Core/Src/main.cpp:573:3: error: 'button_pressed' was not declared in this scope
  573 |   button_pressed.button = buttonStates::button4;
      |   ^~~~~~~~~~~~~~
../Core/Src/main.cpp:573:27: error: 'buttonStates' has not been declared
  573 |   button_pressed.button = buttonStates::button4;
      |                           ^~~~~~~~~~~~
../Core/Src/main.cpp:577:3: error: 'button_pressed' was not declared in this scope
  577 |  (button_pressed, can_tx_header_STEERING_WHEEL_EVENT);
      |   ^~~~~~~~~~~~~~
../Core/Src/main.cpp:577:19: error: 'can_tx_header_STEERING_WHEEL_EVENT' was not declared in this scope; did you mean 'PUTM_CAN::can_tx_header_STEERING_WHEEL_EVENT'?
  577 |  (button_pressed, can_tx_header_STEERING_WHEEL_EVENT);
      |                   ^~~~~~~~~~~~~~~~~~~~~~~~~~~~~~~~~~
      |                   PUTM_CAN::can_tx_header_STEERING_WHEEL_EVENT
In file included from ../Core/Inc/PUTM_EV_CAN_LIBRARY/lib/can_interface.hpp:25,
                 from ../Core/Src/main.cpp:28:
../Core/Inc/PUTM_EV_CAN_LIBRARY/lib/CanHeaders/PM08-CANBUS-STEERING_WHEEL.hpp:59:27: note: 'PUTM_CAN::can_tx_header_STEERING_WHEEL_EVENT' declared here
   59 | const CAN_TxHeaderTypeDef can_tx_header_STEERING_WHEEL_EVENT{
      |                           ^~~~~~~~~~~~~~~~~~~~~~~~~~~~~~~~~~
make: *** [Core/Src/subdir.mk:41: Core/Src/main.o] Error 1
"make -j8 all" terminated with exit code 2. Build might be incomplete.
23:06:21 **** Incremental Build of configuration Debug for project kiera ****
make -j8 all 
arm-none-eabi-g++ "../Core/Src/main.cpp" -mcpu=cortex-m4 -std=gnu++20 -g3 -DDEBUG -DUSE_HAL_DRIVER -DSTM32L4P5xx -c -I../Core/Inc -I"C:/Users/konra/Desktop/przeprowadzka/PUTMotorsport/PUTM_EV_CAN_LIBRARY" -IC:/Users/konra/Desktop/przeprowadzka/PUTMotorsport/PUTM_EV_CAN_LIBRARY/lib -I../Drivers/STM32L4xx_HAL_Driver/Inc -I../Drivers/STM32L4xx_HAL_Driver/Inc/Legacy -I../Drivers/CMSIS/Device/ST/STM32L4xx/Include -I../Drivers/CMSIS/Include -Og -ffunction-sections -fdata-sections -fno-exceptions -fno-rtti -fno-use-cxa-atexit -Wall -fstack-usage -MMD -MP -MF"Core/Src/main.d" -MT"Core/Src/main.o" --specs=nano.specs -mfpu=fpv4-sp-d16 -mfloat-abi=hard -mthumb -o "Core/Src/main.o"
In file included from ../Drivers/CMSIS/Include/core_cm4.h:1955,
                 from ../Drivers/CMSIS/Device/ST/STM32L4xx/Include/stm32l4p5xx.h:170,
                 from ../Drivers/CMSIS/Device/ST/STM32L4xx/Include/stm32l4xx.h:159,
                 from ../Drivers/STM32L4xx_HAL_Driver/Inc/stm32l4xx_hal_def.h:29,
                 from ../Drivers/STM32L4xx_HAL_Driver/Inc/stm32l4xx_hal_rcc.h:27,
                 from ../Core/Inc/stm32l4xx_hal_conf.h:258,
                 from ../Drivers/STM32L4xx_HAL_Driver/Inc/stm32l4xx_hal.h:29,
                 from ../Core/Inc/main.h:31,
                 from ../Core/Src/main.cpp:21:
../Drivers/CMSIS/Include/mpu_armv7.h: In function 'void ARM_MPU_Enable(uint32_t)':
../Drivers/CMSIS/Include/mpu_armv7.h:195:14: warning: compound assignment with 'volatile'-qualified left operand is deprecated [-Wvolatile]
  195 |   SCB->SHCSR |= SCB_SHCSR_MEMFAULTENA_Msk;
../Drivers/CMSIS/Include/mpu_armv7.h: In function 'void ARM_MPU_Disable()':
../Drivers/CMSIS/Include/mpu_armv7.h:207:14: warning: compound assignment with 'volatile'-qualified left operand is deprecated [-Wvolatile]
  207 |   SCB->SHCSR &= ~SCB_SHCSR_MEMFAULTENA_Msk;
../Drivers/CMSIS/Include/mpu_armv7.h:209:14: warning: compound assignment with 'volatile'-qualified left operand is deprecated [-Wvolatile]
  209 |   MPU->CTRL  &= ~MPU_CTRL_ENABLE_Msk;
In file included from ../Drivers/STM32L4xx_HAL_Driver/Inc/stm32l4xx_hal_def.h:29,
                 from ../Drivers/STM32L4xx_HAL_Driver/Inc/stm32l4xx_hal_rcc.h:27,
                 from ../Core/Inc/stm32l4xx_hal_conf.h:258,
                 from ../Drivers/STM32L4xx_HAL_Driver/Inc/stm32l4xx_hal.h:29,
                 from ../Core/Inc/main.h:31,
                 from ../Core/Src/main.cpp:21:
../Drivers/STM32L4xx_HAL_Driver/Inc/stm32l4xx_ll_adc.h: In function 'void LL_ADC_SetCommonPathInternalChAdd(ADC_Common_TypeDef*, uint32_t)':
../Drivers/CMSIS/Device/ST/STM32L4xx/Include/stm32l4xx.h:212:38: warning: compound assignment with 'volatile'-qualified left operand is deprecated [-Wvolatile]
  212 | #define SET_BIT(REG, BIT)     ((REG) |= (BIT))
      |                                ~~~~~~^~~~~~~~
../Drivers/STM32L4xx_HAL_Driver/Inc/stm32l4xx_ll_adc.h:2546:3: note: in expansion of macro 'SET_BIT'
 2546 |   SET_BIT(ADCxy_COMMON->CCR, PathInternal);
      |   ^~~~~~~
../Drivers/STM32L4xx_HAL_Driver/Inc/stm32l4xx_ll_adc.h: In function 'void LL_ADC_SetCommonPathInternalChRem(ADC_Common_TypeDef*, uint32_t)':
../Drivers/CMSIS/Device/ST/STM32L4xx/Include/stm32l4xx.h:214:38: warning: compound assignment with 'volatile'-qualified left operand is deprecated [-Wvolatile]
  214 | #define CLEAR_BIT(REG, BIT)   ((REG) &= ~(BIT))
      |                                ~~~~~~^~~~~~~~~
../Drivers/STM32L4xx_HAL_Driver/Inc/stm32l4xx_ll_adc.h:2570:3: note: in expansion of macro 'CLEAR_BIT'
 2570 |   CLEAR_BIT(ADCxy_COMMON->CCR, PathInternal);
      |   ^~~~~~~~~
../Drivers/STM32L4xx_HAL_Driver/Inc/stm32l4xx_ll_adc.h: In function 'void LL_ADC_DisableDeepPowerDown(ADC_TypeDef*)':
../Drivers/CMSIS/Device/ST/STM32L4xx/Include/stm32l4xx.h:214:38: warning: compound assignment with 'volatile'-qualified left operand is deprecated [-Wvolatile]
  214 | #define CLEAR_BIT(REG, BIT)   ((REG) &= ~(BIT))
      |                                ~~~~~~^~~~~~~~~
../Drivers/STM32L4xx_HAL_Driver/Inc/stm32l4xx_ll_adc.h:5930:3: note: in expansion of macro 'CLEAR_BIT'
 5930 |   CLEAR_BIT(ADCx->CR, (ADC_CR_DEEPPWD | ADC_CR_BITS_PROPERTY_RS));
      |   ^~~~~~~~~
../Drivers/STM32L4xx_HAL_Driver/Inc/stm32l4xx_ll_adc.h: In function 'void LL_ADC_DisableInternalRegulator(ADC_TypeDef*)':
../Drivers/CMSIS/Device/ST/STM32L4xx/Include/stm32l4xx.h:214:38: warning: compound assignment with 'volatile'-qualified left operand is deprecated [-Wvolatile]
  214 | #define CLEAR_BIT(REG, BIT)   ((REG) &= ~(BIT))
      |                                ~~~~~~^~~~~~~~~
../Drivers/STM32L4xx_HAL_Driver/Inc/stm32l4xx_ll_adc.h:5979:3: note: in expansion of macro 'CLEAR_BIT'
 5979 |   CLEAR_BIT(ADCx->CR, (ADC_CR_ADVREGEN | ADC_CR_BITS_PROPERTY_RS));
      |   ^~~~~~~~~
../Drivers/STM32L4xx_HAL_Driver/Inc/stm32l4xx_ll_adc.h: In function 'void LL_ADC_EnableIT_ADRDY(ADC_TypeDef*)':
../Drivers/CMSIS/Device/ST/STM32L4xx/Include/stm32l4xx.h:212:38: warning: compound assignment with 'volatile'-qualified left operand is deprecated [-Wvolatile]
  212 | #define SET_BIT(REG, BIT)     ((REG) |= (BIT))
      |                                ~~~~~~^~~~~~~~
../Drivers/STM32L4xx_HAL_Driver/Inc/stm32l4xx_ll_adc.h:7041:3: note: in expansion of macro 'SET_BIT'
 7041 |   SET_BIT(ADCx->IER, LL_ADC_IT_ADRDY);
      |   ^~~~~~~
../Drivers/STM32L4xx_HAL_Driver/Inc/stm32l4xx_ll_adc.h: In function 'void LL_ADC_EnableIT_EOC(ADC_TypeDef*)':
../Drivers/CMSIS/Device/ST/STM32L4xx/Include/stm32l4xx.h:212:38: warning: compound assignment with 'volatile'-qualified left operand is deprecated [-Wvolatile]
  212 | #define SET_BIT(REG, BIT)     ((REG) |= (BIT))
      |                                ~~~~~~^~~~~~~~
../Drivers/STM32L4xx_HAL_Driver/Inc/stm32l4xx_ll_adc.h:7052:3: note: in expansion of macro 'SET_BIT'
 7052 |   SET_BIT(ADCx->IER, LL_ADC_IT_EOC);
      |   ^~~~~~~
../Drivers/STM32L4xx_HAL_Driver/Inc/stm32l4xx_ll_adc.h: In function 'void LL_ADC_EnableIT_EOS(ADC_TypeDef*)':
../Drivers/CMSIS/Device/ST/STM32L4xx/Include/stm32l4xx.h:212:38: warning: compound assignment with 'volatile'-qualified left operand is deprecated [-Wvolatile]
  212 | #define SET_BIT(REG, BIT)     ((REG) |= (BIT))
      |                                ~~~~~~^~~~~~~~
../Drivers/STM32L4xx_HAL_Driver/Inc/stm32l4xx_ll_adc.h:7063:3: note: in expansion of macro 'SET_BIT'
 7063 |   SET_BIT(ADCx->IER, LL_ADC_IT_EOS);
      |   ^~~~~~~
../Drivers/STM32L4xx_HAL_Driver/Inc/stm32l4xx_ll_adc.h: In function 'void LL_ADC_EnableIT_OVR(ADC_TypeDef*)':
../Drivers/CMSIS/Device/ST/STM32L4xx/Include/stm32l4xx.h:212:38: warning: compound assignment with 'volatile'-qualified left operand is deprecated [-Wvolatile]
  212 | #define SET_BIT(REG, BIT)     ((REG) |= (BIT))
      |                                ~~~~~~^~~~~~~~
../Drivers/STM32L4xx_HAL_Driver/Inc/stm32l4xx_ll_adc.h:7074:3: note: in expansion of macro 'SET_BIT'
 7074 |   SET_BIT(ADCx->IER, LL_ADC_IT_OVR);
      |   ^~~~~~~
../Drivers/STM32L4xx_HAL_Driver/Inc/stm32l4xx_ll_adc.h: In function 'void LL_ADC_EnableIT_EOSMP(ADC_TypeDef*)':
../Drivers/CMSIS/Device/ST/STM32L4xx/Include/stm32l4xx.h:212:38: warning: compound assignment with 'volatile'-qualified left operand is deprecated [-Wvolatile]
  212 | #define SET_BIT(REG, BIT)     ((REG) |= (BIT))
      |                                ~~~~~~^~~~~~~~
../Drivers/STM32L4xx_HAL_Driver/Inc/stm32l4xx_ll_adc.h:7085:3: note: in expansion of macro 'SET_BIT'
 7085 |   SET_BIT(ADCx->IER, LL_ADC_IT_EOSMP);
      |   ^~~~~~~
../Drivers/STM32L4xx_HAL_Driver/Inc/stm32l4xx_ll_adc.h: In function 'void LL_ADC_EnableIT_JEOC(ADC_TypeDef*)':
../Drivers/CMSIS/Device/ST/STM32L4xx/Include/stm32l4xx.h:212:38: warning: compound assignment with 'volatile'-qualified left operand is deprecated [-Wvolatile]
  212 | #define SET_BIT(REG, BIT)     ((REG) |= (BIT))
      |                                ~~~~~~^~~~~~~~
../Drivers/STM32L4xx_HAL_Driver/Inc/stm32l4xx_ll_adc.h:7096:3: note: in expansion of macro 'SET_BIT'
 7096 |   SET_BIT(ADCx->IER, LL_ADC_IT_JEOC);
      |   ^~~~~~~
../Drivers/STM32L4xx_HAL_Driver/Inc/stm32l4xx_ll_adc.h: In function 'void LL_ADC_EnableIT_JEOS(ADC_TypeDef*)':
../Drivers/CMSIS/Device/ST/STM32L4xx/Include/stm32l4xx.h:212:38: warning: compound assignment with 'volatile'-qualified left operand is deprecated [-Wvolatile]
  212 | #define SET_BIT(REG, BIT)     ((REG) |= (BIT))
      |                                ~~~~~~^~~~~~~~
../Drivers/STM32L4xx_HAL_Driver/Inc/stm32l4xx_ll_adc.h:7107:3: note: in expansion of macro 'SET_BIT'
 7107 |   SET_BIT(ADCx->IER, LL_ADC_IT_JEOS);
      |   ^~~~~~~
../Drivers/STM32L4xx_HAL_Driver/Inc/stm32l4xx_ll_adc.h: In function 'void LL_ADC_EnableIT_JQOVF(ADC_TypeDef*)':
../Drivers/CMSIS/Device/ST/STM32L4xx/Include/stm32l4xx.h:212:38: warning: compound assignment with 'volatile'-qualified left operand is deprecated [-Wvolatile]
  212 | #define SET_BIT(REG, BIT)     ((REG) |= (BIT))
      |                                ~~~~~~^~~~~~~~
../Drivers/STM32L4xx_HAL_Driver/Inc/stm32l4xx_ll_adc.h:7118:3: note: in expansion of macro 'SET_BIT'
 7118 |   SET_BIT(ADCx->IER, LL_ADC_IT_JQOVF);
      |   ^~~~~~~
../Drivers/STM32L4xx_HAL_Driver/Inc/stm32l4xx_ll_adc.h: In function 'void LL_ADC_EnableIT_AWD1(ADC_TypeDef*)':
../Drivers/CMSIS/Device/ST/STM32L4xx/Include/stm32l4xx.h:212:38: warning: compound assignment with 'volatile'-qualified left operand is deprecated [-Wvolatile]
  212 | #define SET_BIT(REG, BIT)     ((REG) |= (BIT))
      |                                ~~~~~~^~~~~~~~
../Drivers/STM32L4xx_HAL_Driver/Inc/stm32l4xx_ll_adc.h:7129:3: note: in expansion of macro 'SET_BIT'
 7129 |   SET_BIT(ADCx->IER, LL_ADC_IT_AWD1);
      |   ^~~~~~~
../Drivers/STM32L4xx_HAL_Driver/Inc/stm32l4xx_ll_adc.h: In function 'void LL_ADC_EnableIT_AWD2(ADC_TypeDef*)':
../Drivers/CMSIS/Device/ST/STM32L4xx/Include/stm32l4xx.h:212:38: warning: compound assignment with 'volatile'-qualified left operand is deprecated [-Wvolatile]
  212 | #define SET_BIT(REG, BIT)     ((REG) |= (BIT))
      |                                ~~~~~~^~~~~~~~
../Drivers/STM32L4xx_HAL_Driver/Inc/stm32l4xx_ll_adc.h:7140:3: note: in expansion of macro 'SET_BIT'
 7140 |   SET_BIT(ADCx->IER, LL_ADC_IT_AWD2);
      |   ^~~~~~~
../Drivers/STM32L4xx_HAL_Driver/Inc/stm32l4xx_ll_adc.h: In function 'void LL_ADC_EnableIT_AWD3(ADC_TypeDef*)':
../Drivers/CMSIS/Device/ST/STM32L4xx/Include/stm32l4xx.h:212:38: warning: compound assignment with 'volatile'-qualified left operand is deprecated [-Wvolatile]
  212 | #define SET_BIT(REG, BIT)     ((REG) |= (BIT))
      |                                ~~~~~~^~~~~~~~
../Drivers/STM32L4xx_HAL_Driver/Inc/stm32l4xx_ll_adc.h:7151:3: note: in expansion of macro 'SET_BIT'
 7151 |   SET_BIT(ADCx->IER, LL_ADC_IT_AWD3);
      |   ^~~~~~~
../Drivers/STM32L4xx_HAL_Driver/Inc/stm32l4xx_ll_adc.h: In function 'void LL_ADC_DisableIT_ADRDY(ADC_TypeDef*)':
../Drivers/CMSIS/Device/ST/STM32L4xx/Include/stm32l4xx.h:214:38: warning: compound assignment with 'volatile'-qualified left operand is deprecated [-Wvolatile]
  214 | #define CLEAR_BIT(REG, BIT)   ((REG) &= ~(BIT))
      |                                ~~~~~~^~~~~~~~~
../Drivers/STM32L4xx_HAL_Driver/Inc/stm32l4xx_ll_adc.h:7162:3: note: in expansion of macro 'CLEAR_BIT'
 7162 |   CLEAR_BIT(ADCx->IER, LL_ADC_IT_ADRDY);
      |   ^~~~~~~~~
../Drivers/STM32L4xx_HAL_Driver/Inc/stm32l4xx_ll_adc.h: In function 'void LL_ADC_DisableIT_EOC(ADC_TypeDef*)':
../Drivers/CMSIS/Device/ST/STM32L4xx/Include/stm32l4xx.h:214:38: warning: compound assignment with 'volatile'-qualified left operand is deprecated [-Wvolatile]
  214 | #define CLEAR_BIT(REG, BIT)   ((REG) &= ~(BIT))
      |                                ~~~~~~^~~~~~~~~
../Drivers/STM32L4xx_HAL_Driver/Inc/stm32l4xx_ll_adc.h:7173:3: note: in expansion of macro 'CLEAR_BIT'
 7173 |   CLEAR_BIT(ADCx->IER, LL_ADC_IT_EOC);
      |   ^~~~~~~~~
../Drivers/STM32L4xx_HAL_Driver/Inc/stm32l4xx_ll_adc.h: In function 'void LL_ADC_DisableIT_EOS(ADC_TypeDef*)':
../Drivers/CMSIS/Device/ST/STM32L4xx/Include/stm32l4xx.h:214:38: warning: compound assignment with 'volatile'-qualified left operand is deprecated [-Wvolatile]
  214 | #define CLEAR_BIT(REG, BIT)   ((REG) &= ~(BIT))
      |                                ~~~~~~^~~~~~~~~
../Drivers/STM32L4xx_HAL_Driver/Inc/stm32l4xx_ll_adc.h:7184:3: note: in expansion of macro 'CLEAR_BIT'
 7184 |   CLEAR_BIT(ADCx->IER, LL_ADC_IT_EOS);
      |   ^~~~~~~~~
../Drivers/STM32L4xx_HAL_Driver/Inc/stm32l4xx_ll_adc.h: In function 'void LL_ADC_DisableIT_OVR(ADC_TypeDef*)':
../Drivers/CMSIS/Device/ST/STM32L4xx/Include/stm32l4xx.h:214:38: warning: compound assignment with 'volatile'-qualified left operand is deprecated [-Wvolatile]
  214 | #define CLEAR_BIT(REG, BIT)   ((REG) &= ~(BIT))
      |                                ~~~~~~^~~~~~~~~
../Drivers/STM32L4xx_HAL_Driver/Inc/stm32l4xx_ll_adc.h:7195:3: note: in expansion of macro 'CLEAR_BIT'
 7195 |   CLEAR_BIT(ADCx->IER, LL_ADC_IT_OVR);
      |   ^~~~~~~~~
../Drivers/STM32L4xx_HAL_Driver/Inc/stm32l4xx_ll_adc.h: In function 'void LL_ADC_DisableIT_EOSMP(ADC_TypeDef*)':
../Drivers/CMSIS/Device/ST/STM32L4xx/Include/stm32l4xx.h:214:38: warning: compound assignment with 'volatile'-qualified left operand is deprecated [-Wvolatile]
  214 | #define CLEAR_BIT(REG, BIT)   ((REG) &= ~(BIT))
      |                                ~~~~~~^~~~~~~~~
../Drivers/STM32L4xx_HAL_Driver/Inc/stm32l4xx_ll_adc.h:7206:3: note: in expansion of macro 'CLEAR_BIT'
 7206 |   CLEAR_BIT(ADCx->IER, LL_ADC_IT_EOSMP);
      |   ^~~~~~~~~
../Drivers/STM32L4xx_HAL_Driver/Inc/stm32l4xx_ll_adc.h: In function 'void LL_ADC_DisableIT_JEOC(ADC_TypeDef*)':
../Drivers/CMSIS/Device/ST/STM32L4xx/Include/stm32l4xx.h:214:38: warning: compound assignment with 'volatile'-qualified left operand is deprecated [-Wvolatile]
  214 | #define CLEAR_BIT(REG, BIT)   ((REG) &= ~(BIT))
      |                                ~~~~~~^~~~~~~~~
../Drivers/STM32L4xx_HAL_Driver/Inc/stm32l4xx_ll_adc.h:7217:3: note: in expansion of macro 'CLEAR_BIT'
 7217 |   CLEAR_BIT(ADCx->IER, LL_ADC_IT_JEOC);
      |   ^~~~~~~~~
../Drivers/STM32L4xx_HAL_Driver/Inc/stm32l4xx_ll_adc.h: In function 'void LL_ADC_DisableIT_JEOS(ADC_TypeDef*)':
../Drivers/CMSIS/Device/ST/STM32L4xx/Include/stm32l4xx.h:214:38: warning: compound assignment with 'volatile'-qualified left operand is deprecated [-Wvolatile]
  214 | #define CLEAR_BIT(REG, BIT)   ((REG) &= ~(BIT))
      |                                ~~~~~~^~~~~~~~~
../Drivers/STM32L4xx_HAL_Driver/Inc/stm32l4xx_ll_adc.h:7228:3: note: in expansion of macro 'CLEAR_BIT'
 7228 |   CLEAR_BIT(ADCx->IER, LL_ADC_IT_JEOS);
      |   ^~~~~~~~~
../Drivers/STM32L4xx_HAL_Driver/Inc/stm32l4xx_ll_adc.h: In function 'void LL_ADC_DisableIT_JQOVF(ADC_TypeDef*)':
../Drivers/CMSIS/Device/ST/STM32L4xx/Include/stm32l4xx.h:214:38: warning: compound assignment with 'volatile'-qualified left operand is deprecated [-Wvolatile]
  214 | #define CLEAR_BIT(REG, BIT)   ((REG) &= ~(BIT))
      |                                ~~~~~~^~~~~~~~~
../Drivers/STM32L4xx_HAL_Driver/Inc/stm32l4xx_ll_adc.h:7239:3: note: in expansion of macro 'CLEAR_BIT'
 7239 |   CLEAR_BIT(ADCx->IER, LL_ADC_IT_JQOVF);
      |   ^~~~~~~~~
../Drivers/STM32L4xx_HAL_Driver/Inc/stm32l4xx_ll_adc.h: In function 'void LL_ADC_DisableIT_AWD1(ADC_TypeDef*)':
../Drivers/CMSIS/Device/ST/STM32L4xx/Include/stm32l4xx.h:214:38: warning: compound assignment with 'volatile'-qualified left operand is deprecated [-Wvolatile]
  214 | #define CLEAR_BIT(REG, BIT)   ((REG) &= ~(BIT))
      |                                ~~~~~~^~~~~~~~~
../Drivers/STM32L4xx_HAL_Driver/Inc/stm32l4xx_ll_adc.h:7250:3: note: in expansion of macro 'CLEAR_BIT'
 7250 |   CLEAR_BIT(ADCx->IER, LL_ADC_IT_AWD1);
      |   ^~~~~~~~~
../Drivers/STM32L4xx_HAL_Driver/Inc/stm32l4xx_ll_adc.h: In function 'void LL_ADC_DisableIT_AWD2(ADC_TypeDef*)':
../Drivers/CMSIS/Device/ST/STM32L4xx/Include/stm32l4xx.h:214:38: warning: compound assignment with 'volatile'-qualified left operand is deprecated [-Wvolatile]
  214 | #define CLEAR_BIT(REG, BIT)   ((REG) &= ~(BIT))
      |                                ~~~~~~^~~~~~~~~
../Drivers/STM32L4xx_HAL_Driver/Inc/stm32l4xx_ll_adc.h:7261:3: note: in expansion of macro 'CLEAR_BIT'
 7261 |   CLEAR_BIT(ADCx->IER, LL_ADC_IT_AWD2);
      |   ^~~~~~~~~
../Drivers/STM32L4xx_HAL_Driver/Inc/stm32l4xx_ll_adc.h: In function 'void LL_ADC_DisableIT_AWD3(ADC_TypeDef*)':
../Drivers/CMSIS/Device/ST/STM32L4xx/Include/stm32l4xx.h:214:38: warning: compound assignment with 'volatile'-qualified left operand is deprecated [-Wvolatile]
  214 | #define CLEAR_BIT(REG, BIT)   ((REG) &= ~(BIT))
      |                                ~~~~~~^~~~~~~~~
../Drivers/STM32L4xx_HAL_Driver/Inc/stm32l4xx_ll_adc.h:7272:3: note: in expansion of macro 'CLEAR_BIT'
 7272 |   CLEAR_BIT(ADCx->IER, LL_ADC_IT_AWD3);
      |   ^~~~~~~~~
../Core/Src/main.cpp: In function 'void MX_DMA_Init()':
../Drivers/CMSIS/Device/ST/STM32L4xx/Include/stm32l4xx.h:212:38: warning: compound assignment with 'volatile'-qualified left operand is deprecated [-Wvolatile]
  212 | #define SET_BIT(REG, BIT)     ((REG) |= (BIT))
      |                                ~~~~~~^~~~~~~~
../Drivers/STM32L4xx_HAL_Driver/Inc/stm32l4xx_hal_rcc.h:656:50: note: in expansion of macro 'SET_BIT'
  656 |                                                  SET_BIT(RCC->AHB1ENR, RCC_AHB1ENR_DMAMUX1EN); \
      |                                                  ^~~~~~~
../Core/Src/main.cpp:426:3: note: in expansion of macro '__HAL_RCC_DMAMUX1_CLK_ENABLE'
  426 |   __HAL_RCC_DMAMUX1_CLK_ENABLE();
      |   ^~~~~~~~~~~~~~~~~~~~~~~~~~~~
../Drivers/CMSIS/Device/ST/STM32L4xx/Include/stm32l4xx.h:212:38: warning: compound assignment with 'volatile'-qualified left operand is deprecated [-Wvolatile]
  212 | #define SET_BIT(REG, BIT)     ((REG) |= (BIT))
      |                                ~~~~~~^~~~~~~~
../Drivers/STM32L4xx_HAL_Driver/Inc/stm32l4xx_hal_rcc.h:639:50: note: in expansion of macro 'SET_BIT'
  639 |                                                  SET_BIT(RCC->AHB1ENR, RCC_AHB1ENR_DMA1EN); \
      |                                                  ^~~~~~~
../Core/Src/main.cpp:427:3: note: in expansion of macro '__HAL_RCC_DMA1_CLK_ENABLE'
  427 |   __HAL_RCC_DMA1_CLK_ENABLE();
      |   ^~~~~~~~~~~~~~~~~~~~~~~~~
../Drivers/CMSIS/Device/ST/STM32L4xx/Include/stm32l4xx.h:212:38: warning: compound assignment with 'volatile'-qualified left operand is deprecated [-Wvolatile]
  212 | #define SET_BIT(REG, BIT)     ((REG) |= (BIT))
      |                                ~~~~~~^~~~~~~~
../Drivers/STM32L4xx_HAL_Driver/Inc/stm32l4xx_hal_rcc.h:647:50: note: in expansion of macro 'SET_BIT'
  647 |                                                  SET_BIT(RCC->AHB1ENR, RCC_AHB1ENR_DMA2EN); \
      |                                                  ^~~~~~~
../Core/Src/main.cpp:428:3: note: in expansion of macro '__HAL_RCC_DMA2_CLK_ENABLE'
  428 |   __HAL_RCC_DMA2_CLK_ENABLE();
      |   ^~~~~~~~~~~~~~~~~~~~~~~~~
../Core/Src/main.cpp: In function 'void MX_GPIO_Init()':
../Drivers/CMSIS/Device/ST/STM32L4xx/Include/stm32l4xx.h:212:38: warning: compound assignment with 'volatile'-qualified left operand is deprecated [-Wvolatile]
  212 | #define SET_BIT(REG, BIT)     ((REG) |= (BIT))
      |                                ~~~~~~^~~~~~~~
../Drivers/STM32L4xx_HAL_Driver/Inc/stm32l4xx_hal_rcc.h:808:50: note: in expansion of macro 'SET_BIT'
  808 |                                                  SET_BIT(RCC->AHB2ENR, RCC_AHB2ENR_GPIOHEN); \
      |                                                  ^~~~~~~
../Core/Src/main.cpp:450:3: note: in expansion of macro '__HAL_RCC_GPIOH_CLK_ENABLE'
  450 |   __HAL_RCC_GPIOH_CLK_ENABLE();
      |   ^~~~~~~~~~~~~~~~~~~~~~~~~~
../Drivers/CMSIS/Device/ST/STM32L4xx/Include/stm32l4xx.h:212:38: warning: compound assignment with 'volatile'-qualified left operand is deprecated [-Wvolatile]
  212 | #define SET_BIT(REG, BIT)     ((REG) |= (BIT))
      |                                ~~~~~~^~~~~~~~
../Drivers/STM32L4xx_HAL_Driver/Inc/stm32l4xx_hal_rcc.h:744:50: note: in expansion of macro 'SET_BIT'
  744 |                                                  SET_BIT(RCC->AHB2ENR, RCC_AHB2ENR_GPIOAEN); \
      |                                                  ^~~~~~~
../Core/Src/main.cpp:451:3: note: in expansion of macro '__HAL_RCC_GPIOA_CLK_ENABLE'
  451 |   __HAL_RCC_GPIOA_CLK_ENABLE();
      |   ^~~~~~~~~~~~~~~~~~~~~~~~~~
../Drivers/CMSIS/Device/ST/STM32L4xx/Include/stm32l4xx.h:212:38: warning: compound assignment with 'volatile'-qualified left operand is deprecated [-Wvolatile]
  212 | #define SET_BIT(REG, BIT)     ((REG) |= (BIT))
      |                                ~~~~~~^~~~~~~~
../Drivers/STM32L4xx_HAL_Driver/Inc/stm32l4xx_hal_rcc.h:760:50: note: in expansion of macro 'SET_BIT'
  760 |                                                  SET_BIT(RCC->AHB2ENR, RCC_AHB2ENR_GPIOCEN); \
      |                                                  ^~~~~~~
../Core/Src/main.cpp:452:3: note: in expansion of macro '__HAL_RCC_GPIOC_CLK_ENABLE'
  452 |   __HAL_RCC_GPIOC_CLK_ENABLE();
      |   ^~~~~~~~~~~~~~~~~~~~~~~~~~
../Drivers/CMSIS/Device/ST/STM32L4xx/Include/stm32l4xx.h:212:38: warning: compound assignment with 'volatile'-qualified left operand is deprecated [-Wvolatile]
  212 | #define SET_BIT(REG, BIT)     ((REG) |= (BIT))
      |                                ~~~~~~^~~~~~~~
../Drivers/STM32L4xx_HAL_Driver/Inc/stm32l4xx_hal_rcc.h:769:50: note: in expansion of macro 'SET_BIT'
  769 |                                                  SET_BIT(RCC->AHB2ENR, RCC_AHB2ENR_GPIODEN); \
      |                                                  ^~~~~~~
../Core/Src/main.cpp:453:3: note: in expansion of macro '__HAL_RCC_GPIOD_CLK_ENABLE'
  453 |   __HAL_RCC_GPIOD_CLK_ENABLE();
      |   ^~~~~~~~~~~~~~~~~~~~~~~~~~
../Drivers/CMSIS/Device/ST/STM32L4xx/Include/stm32l4xx.h:212:38: warning: compound assignment with 'volatile'-qualified left operand is deprecated [-Wvolatile]
  212 | #define SET_BIT(REG, BIT)     ((REG) |= (BIT))
      |                                ~~~~~~^~~~~~~~
../Drivers/STM32L4xx_HAL_Driver/Inc/stm32l4xx_hal_rcc.h:752:50: note: in expansion of macro 'SET_BIT'
  752 |                                                  SET_BIT(RCC->AHB2ENR, RCC_AHB2ENR_GPIOBEN); \
      |                                                  ^~~~~~~
../Core/Src/main.cpp:454:3: note: in expansion of macro '__HAL_RCC_GPIOB_CLK_ENABLE'
  454 |   __HAL_RCC_GPIOB_CLK_ENABLE();
      |   ^~~~~~~~~~~~~~~~~~~~~~~~~~
../Core/Src/main.cpp: In function 'void heartbeat()':
../Core/Src/main.cpp:534:2: error: 'Steering_Wheel_main' was not declared in this scope; did you mean 'PUTM_CAN::Steering_Wheel_main'?
  534 |  Steering_Wheel_main pcb_alive{0, Steering_Wheel_states::OK};
      |  ^~~~~~~~~~~~~~~~~~~
      |  PUTM_CAN::Steering_Wheel_main
In file included from ../Core/Inc/PUTM_EV_CAN_LIBRARY/lib/can_interface.hpp:25,
                 from ../Core/Src/main.cpp:28:
../Core/Inc/PUTM_EV_CAN_LIBRARY/lib/CanHeaders/PM08-CANBUS-STEERING_WHEEL.hpp:37:33: note: 'PUTM_CAN::Steering_Wheel_main' declared here
   37 | struct __attribute__ ((packed)) Steering_Wheel_main{
      |                                 ^~~~~~~~~~~~~~~~~~~
../Core/Src/main.cpp:537:3: error: 'pcb_alive' was not declared in this scope
  537 |  (pcb_alive, can_tx_header_STEERING_WHEEL_MAIN);
      |   ^~~~~~~~~
../Core/Src/main.cpp:537:14: error: 'can_tx_header_STEERING_WHEEL_MAIN' was not declared in this scope; did you mean 'PUTM_CAN::can_tx_header_STEERING_WHEEL_MAIN'?
  537 |  (pcb_alive, can_tx_header_STEERING_WHEEL_MAIN);
      |              ^~~~~~~~~~~~~~~~~~~~~~~~~~~~~~~~~
      |              PUTM_CAN::can_tx_header_STEERING_WHEEL_MAIN
In file included from ../Core/Inc/PUTM_EV_CAN_LIBRARY/lib/can_interface.hpp:25,
                 from ../Core/Src/main.cpp:28:
../Core/Inc/PUTM_EV_CAN_LIBRARY/lib/CanHeaders/PM08-CANBUS-STEERING_WHEEL.hpp:56:27: note: 'PUTM_CAN::can_tx_header_STEERING_WHEEL_MAIN' declared here
   56 | const CAN_TxHeaderTypeDef can_tx_header_STEERING_WHEEL_MAIN{
      |                           ^~~~~~~~~~~~~~~~~~~~~~~~~~~~~~~~~
../Core/Src/main.cpp: In function 'void wait_for_second_button()':
../Core/Src/main.cpp:561:27: error: 'buttonStates' has not been declared
  561 |   button_pressed.button = buttonStates::button2_4;
      |                           ^~~~~~~~~~~~
../Core/Src/main.cpp:564:27: error: 'buttonStates' has not been declared
  564 |   button_pressed.button = buttonStates::button3_4;
      |                           ^~~~~~~~~~~~
../Core/Src/main.cpp:566:27: error: 'buttonStates' has not been declared
  566 |   button_pressed.button = buttonStates::button1;
      |                           ^~~~~~~~~~~~
../Core/Src/main.cpp:569:27: error: 'buttonStates' has not been declared
  569 |   button_pressed.button = buttonStates::button2;
      |                           ^~~~~~~~~~~~
../Core/Src/main.cpp:571:27: error: 'buttonStates' has not been declared
  571 |   button_pressed.button = buttonStates::button3;
      |                           ^~~~~~~~~~~~
../Core/Src/main.cpp:573:27: error: 'buttonStates' has not been declared
  573 |   button_pressed.button = buttonStates::button4;
      |                           ^~~~~~~~~~~~
../Core/Src/main.cpp:576:55: error: 'Steering_Wheel_event' was not declared in this scope; did you mean 'PUTM_CAN::Steering_Wheel_event'?
  576 |  auto steering_wheel_frame = PUTM_CAN::Can_tx_message<Steering_Wheel_event>
      |                                                       ^~~~~~~~~~~~~~~~~~~~
      |                                                       PUTM_CAN::Steering_Wheel_event
In file included from ../Core/Inc/PUTM_EV_CAN_LIBRARY/lib/can_interface.hpp:25,
                 from ../Core/Src/main.cpp:28:
../Core/Inc/PUTM_EV_CAN_LIBRARY/lib/CanHeaders/PM08-CANBUS-STEERING_WHEEL.hpp:42:33: note: 'PUTM_CAN::Steering_Wheel_event' declared here
   42 | struct __attribute__ ((packed)) Steering_Wheel_event{
      |                                 ^~~~~~~~~~~~~~~~~~~~
../Core/Src/main.cpp:576:75: error: template argument 1 is invalid
  576 |  auto steering_wheel_frame = PUTM_CAN::Can_tx_message<Steering_Wheel_event>
      |                                                                           ^
../Core/Src/main.cpp:577:19: error: 'can_tx_header_STEERING_WHEEL_EVENT' was not declared in this scope; did you mean 'PUTM_CAN::can_tx_header_STEERING_WHEEL_EVENT'?
  577 |  (button_pressed, can_tx_header_STEERING_WHEEL_EVENT);
      |                   ^~~~~~~~~~~~~~~~~~~~~~~~~~~~~~~~~~
      |                   PUTM_CAN::can_tx_header_STEERING_WHEEL_EVENT
In file included from ../Core/Inc/PUTM_EV_CAN_LIBRARY/lib/can_interface.hpp:25,
                 from ../Core/Src/main.cpp:28:
../Core/Inc/PUTM_EV_CAN_LIBRARY/lib/CanHeaders/PM08-CANBUS-STEERING_WHEEL.hpp:59:27: note: 'PUTM_CAN::can_tx_header_STEERING_WHEEL_EVENT' declared here
   59 | const CAN_TxHeaderTypeDef can_tx_header_STEERING_WHEEL_EVENT{
      |                           ^~~~~~~~~~~~~~~~~~~~~~~~~~~~~~~~~~
make: *** [Core/Src/subdir.mk:41: Core/Src/main.o] Error 1
"make -j8 all" terminated with exit code 2. Build might be incomplete.
23:06:22 **** Build of configuration Debug for project tester ****
make -j8 all 
arm-none-eabi-size   tester.elf 
   text	   data	    bss	    dec	    hex	filename
   7300	     20	   1572	   8892	   22bc	tester.elf
Finished building: default.size.stdout
 
23:06:47 **** Incremental Build of configuration Debug for project kiera ****
make -j8 all 
arm-none-eabi-g++ "../Core/Src/main.cpp" -mcpu=cortex-m4 -std=gnu++20 -g3 -DDEBUG -DUSE_HAL_DRIVER -DSTM32L4P5xx -c -I../Core/Inc -I"C:/Users/konra/Desktop/przeprowadzka/PUTMotorsport/PUTM_EV_CAN_LIBRARY" -IC:/Users/konra/Desktop/przeprowadzka/PUTMotorsport/PUTM_EV_CAN_LIBRARY/lib -I../Drivers/STM32L4xx_HAL_Driver/Inc -I../Drivers/STM32L4xx_HAL_Driver/Inc/Legacy -I../Drivers/CMSIS/Device/ST/STM32L4xx/Include -I../Drivers/CMSIS/Include -Og -ffunction-sections -fdata-sections -fno-exceptions -fno-rtti -fno-use-cxa-atexit -Wall -fstack-usage -MMD -MP -MF"Core/Src/main.d" -MT"Core/Src/main.o" --specs=nano.specs -mfpu=fpv4-sp-d16 -mfloat-abi=hard -mthumb -o "Core/Src/main.o"
In file included from ../Drivers/CMSIS/Include/core_cm4.h:1955,
                 from ../Drivers/CMSIS/Device/ST/STM32L4xx/Include/stm32l4p5xx.h:170,
                 from ../Drivers/CMSIS/Device/ST/STM32L4xx/Include/stm32l4xx.h:159,
                 from ../Drivers/STM32L4xx_HAL_Driver/Inc/stm32l4xx_hal_def.h:29,
                 from ../Drivers/STM32L4xx_HAL_Driver/Inc/stm32l4xx_hal_rcc.h:27,
                 from ../Core/Inc/stm32l4xx_hal_conf.h:258,
                 from ../Drivers/STM32L4xx_HAL_Driver/Inc/stm32l4xx_hal.h:29,
                 from ../Core/Inc/main.h:31,
                 from ../Core/Src/main.cpp:21:
../Drivers/CMSIS/Include/mpu_armv7.h: In function 'void ARM_MPU_Enable(uint32_t)':
../Drivers/CMSIS/Include/mpu_armv7.h:195:14: warning: compound assignment with 'volatile'-qualified left operand is deprecated [-Wvolatile]
  195 |   SCB->SHCSR |= SCB_SHCSR_MEMFAULTENA_Msk;
../Drivers/CMSIS/Include/mpu_armv7.h: In function 'void ARM_MPU_Disable()':
../Drivers/CMSIS/Include/mpu_armv7.h:207:14: warning: compound assignment with 'volatile'-qualified left operand is deprecated [-Wvolatile]
  207 |   SCB->SHCSR &= ~SCB_SHCSR_MEMFAULTENA_Msk;
../Drivers/CMSIS/Include/mpu_armv7.h:209:14: warning: compound assignment with 'volatile'-qualified left operand is deprecated [-Wvolatile]
  209 |   MPU->CTRL  &= ~MPU_CTRL_ENABLE_Msk;
In file included from ../Drivers/STM32L4xx_HAL_Driver/Inc/stm32l4xx_hal_def.h:29,
                 from ../Drivers/STM32L4xx_HAL_Driver/Inc/stm32l4xx_hal_rcc.h:27,
                 from ../Core/Inc/stm32l4xx_hal_conf.h:258,
                 from ../Drivers/STM32L4xx_HAL_Driver/Inc/stm32l4xx_hal.h:29,
                 from ../Core/Inc/main.h:31,
                 from ../Core/Src/main.cpp:21:
../Drivers/STM32L4xx_HAL_Driver/Inc/stm32l4xx_ll_adc.h: In function 'void LL_ADC_SetCommonPathInternalChAdd(ADC_Common_TypeDef*, uint32_t)':
../Drivers/CMSIS/Device/ST/STM32L4xx/Include/stm32l4xx.h:212:38: warning: compound assignment with 'volatile'-qualified left operand is deprecated [-Wvolatile]
  212 | #define SET_BIT(REG, BIT)     ((REG) |= (BIT))
      |                                ~~~~~~^~~~~~~~
../Drivers/STM32L4xx_HAL_Driver/Inc/stm32l4xx_ll_adc.h:2546:3: note: in expansion of macro 'SET_BIT'
 2546 |   SET_BIT(ADCxy_COMMON->CCR, PathInternal);
      |   ^~~~~~~
../Drivers/STM32L4xx_HAL_Driver/Inc/stm32l4xx_ll_adc.h: In function 'void LL_ADC_SetCommonPathInternalChRem(ADC_Common_TypeDef*, uint32_t)':
../Drivers/CMSIS/Device/ST/STM32L4xx/Include/stm32l4xx.h:214:38: warning: compound assignment with 'volatile'-qualified left operand is deprecated [-Wvolatile]
  214 | #define CLEAR_BIT(REG, BIT)   ((REG) &= ~(BIT))
      |                                ~~~~~~^~~~~~~~~
../Drivers/STM32L4xx_HAL_Driver/Inc/stm32l4xx_ll_adc.h:2570:3: note: in expansion of macro 'CLEAR_BIT'
 2570 |   CLEAR_BIT(ADCxy_COMMON->CCR, PathInternal);
      |   ^~~~~~~~~
../Drivers/STM32L4xx_HAL_Driver/Inc/stm32l4xx_ll_adc.h: In function 'void LL_ADC_DisableDeepPowerDown(ADC_TypeDef*)':
../Drivers/CMSIS/Device/ST/STM32L4xx/Include/stm32l4xx.h:214:38: warning: compound assignment with 'volatile'-qualified left operand is deprecated [-Wvolatile]
  214 | #define CLEAR_BIT(REG, BIT)   ((REG) &= ~(BIT))
      |                                ~~~~~~^~~~~~~~~
../Drivers/STM32L4xx_HAL_Driver/Inc/stm32l4xx_ll_adc.h:5930:3: note: in expansion of macro 'CLEAR_BIT'
 5930 |   CLEAR_BIT(ADCx->CR, (ADC_CR_DEEPPWD | ADC_CR_BITS_PROPERTY_RS));
      |   ^~~~~~~~~
../Drivers/STM32L4xx_HAL_Driver/Inc/stm32l4xx_ll_adc.h: In function 'void LL_ADC_DisableInternalRegulator(ADC_TypeDef*)':
../Drivers/CMSIS/Device/ST/STM32L4xx/Include/stm32l4xx.h:214:38: warning: compound assignment with 'volatile'-qualified left operand is deprecated [-Wvolatile]
  214 | #define CLEAR_BIT(REG, BIT)   ((REG) &= ~(BIT))
      |                                ~~~~~~^~~~~~~~~
../Drivers/STM32L4xx_HAL_Driver/Inc/stm32l4xx_ll_adc.h:5979:3: note: in expansion of macro 'CLEAR_BIT'
 5979 |   CLEAR_BIT(ADCx->CR, (ADC_CR_ADVREGEN | ADC_CR_BITS_PROPERTY_RS));
      |   ^~~~~~~~~
../Drivers/STM32L4xx_HAL_Driver/Inc/stm32l4xx_ll_adc.h: In function 'void LL_ADC_EnableIT_ADRDY(ADC_TypeDef*)':
../Drivers/CMSIS/Device/ST/STM32L4xx/Include/stm32l4xx.h:212:38: warning: compound assignment with 'volatile'-qualified left operand is deprecated [-Wvolatile]
  212 | #define SET_BIT(REG, BIT)     ((REG) |= (BIT))
      |                                ~~~~~~^~~~~~~~
../Drivers/STM32L4xx_HAL_Driver/Inc/stm32l4xx_ll_adc.h:7041:3: note: in expansion of macro 'SET_BIT'
 7041 |   SET_BIT(ADCx->IER, LL_ADC_IT_ADRDY);
      |   ^~~~~~~
../Drivers/STM32L4xx_HAL_Driver/Inc/stm32l4xx_ll_adc.h: In function 'void LL_ADC_EnableIT_EOC(ADC_TypeDef*)':
../Drivers/CMSIS/Device/ST/STM32L4xx/Include/stm32l4xx.h:212:38: warning: compound assignment with 'volatile'-qualified left operand is deprecated [-Wvolatile]
  212 | #define SET_BIT(REG, BIT)     ((REG) |= (BIT))
      |                                ~~~~~~^~~~~~~~
../Drivers/STM32L4xx_HAL_Driver/Inc/stm32l4xx_ll_adc.h:7052:3: note: in expansion of macro 'SET_BIT'
 7052 |   SET_BIT(ADCx->IER, LL_ADC_IT_EOC);
      |   ^~~~~~~
../Drivers/STM32L4xx_HAL_Driver/Inc/stm32l4xx_ll_adc.h: In function 'void LL_ADC_EnableIT_EOS(ADC_TypeDef*)':
../Drivers/CMSIS/Device/ST/STM32L4xx/Include/stm32l4xx.h:212:38: warning: compound assignment with 'volatile'-qualified left operand is deprecated [-Wvolatile]
  212 | #define SET_BIT(REG, BIT)     ((REG) |= (BIT))
      |                                ~~~~~~^~~~~~~~
../Drivers/STM32L4xx_HAL_Driver/Inc/stm32l4xx_ll_adc.h:7063:3: note: in expansion of macro 'SET_BIT'
 7063 |   SET_BIT(ADCx->IER, LL_ADC_IT_EOS);
      |   ^~~~~~~
../Drivers/STM32L4xx_HAL_Driver/Inc/stm32l4xx_ll_adc.h: In function 'void LL_ADC_EnableIT_OVR(ADC_TypeDef*)':
../Drivers/CMSIS/Device/ST/STM32L4xx/Include/stm32l4xx.h:212:38: warning: compound assignment with 'volatile'-qualified left operand is deprecated [-Wvolatile]
  212 | #define SET_BIT(REG, BIT)     ((REG) |= (BIT))
      |                                ~~~~~~^~~~~~~~
../Drivers/STM32L4xx_HAL_Driver/Inc/stm32l4xx_ll_adc.h:7074:3: note: in expansion of macro 'SET_BIT'
 7074 |   SET_BIT(ADCx->IER, LL_ADC_IT_OVR);
      |   ^~~~~~~
../Drivers/STM32L4xx_HAL_Driver/Inc/stm32l4xx_ll_adc.h: In function 'void LL_ADC_EnableIT_EOSMP(ADC_TypeDef*)':
../Drivers/CMSIS/Device/ST/STM32L4xx/Include/stm32l4xx.h:212:38: warning: compound assignment with 'volatile'-qualified left operand is deprecated [-Wvolatile]
  212 | #define SET_BIT(REG, BIT)     ((REG) |= (BIT))
      |                                ~~~~~~^~~~~~~~
../Drivers/STM32L4xx_HAL_Driver/Inc/stm32l4xx_ll_adc.h:7085:3: note: in expansion of macro 'SET_BIT'
 7085 |   SET_BIT(ADCx->IER, LL_ADC_IT_EOSMP);
      |   ^~~~~~~
../Drivers/STM32L4xx_HAL_Driver/Inc/stm32l4xx_ll_adc.h: In function 'void LL_ADC_EnableIT_JEOC(ADC_TypeDef*)':
../Drivers/CMSIS/Device/ST/STM32L4xx/Include/stm32l4xx.h:212:38: warning: compound assignment with 'volatile'-qualified left operand is deprecated [-Wvolatile]
  212 | #define SET_BIT(REG, BIT)     ((REG) |= (BIT))
      |                                ~~~~~~^~~~~~~~
../Drivers/STM32L4xx_HAL_Driver/Inc/stm32l4xx_ll_adc.h:7096:3: note: in expansion of macro 'SET_BIT'
 7096 |   SET_BIT(ADCx->IER, LL_ADC_IT_JEOC);
      |   ^~~~~~~
../Drivers/STM32L4xx_HAL_Driver/Inc/stm32l4xx_ll_adc.h: In function 'void LL_ADC_EnableIT_JEOS(ADC_TypeDef*)':
../Drivers/CMSIS/Device/ST/STM32L4xx/Include/stm32l4xx.h:212:38: warning: compound assignment with 'volatile'-qualified left operand is deprecated [-Wvolatile]
  212 | #define SET_BIT(REG, BIT)     ((REG) |= (BIT))
      |                                ~~~~~~^~~~~~~~
../Drivers/STM32L4xx_HAL_Driver/Inc/stm32l4xx_ll_adc.h:7107:3: note: in expansion of macro 'SET_BIT'
 7107 |   SET_BIT(ADCx->IER, LL_ADC_IT_JEOS);
      |   ^~~~~~~
../Drivers/STM32L4xx_HAL_Driver/Inc/stm32l4xx_ll_adc.h: In function 'void LL_ADC_EnableIT_JQOVF(ADC_TypeDef*)':
../Drivers/CMSIS/Device/ST/STM32L4xx/Include/stm32l4xx.h:212:38: warning: compound assignment with 'volatile'-qualified left operand is deprecated [-Wvolatile]
  212 | #define SET_BIT(REG, BIT)     ((REG) |= (BIT))
      |                                ~~~~~~^~~~~~~~
../Drivers/STM32L4xx_HAL_Driver/Inc/stm32l4xx_ll_adc.h:7118:3: note: in expansion of macro 'SET_BIT'
 7118 |   SET_BIT(ADCx->IER, LL_ADC_IT_JQOVF);
      |   ^~~~~~~
../Drivers/STM32L4xx_HAL_Driver/Inc/stm32l4xx_ll_adc.h: In function 'void LL_ADC_EnableIT_AWD1(ADC_TypeDef*)':
../Drivers/CMSIS/Device/ST/STM32L4xx/Include/stm32l4xx.h:212:38: warning: compound assignment with 'volatile'-qualified left operand is deprecated [-Wvolatile]
  212 | #define SET_BIT(REG, BIT)     ((REG) |= (BIT))
      |                                ~~~~~~^~~~~~~~
../Drivers/STM32L4xx_HAL_Driver/Inc/stm32l4xx_ll_adc.h:7129:3: note: in expansion of macro 'SET_BIT'
 7129 |   SET_BIT(ADCx->IER, LL_ADC_IT_AWD1);
      |   ^~~~~~~
../Drivers/STM32L4xx_HAL_Driver/Inc/stm32l4xx_ll_adc.h: In function 'void LL_ADC_EnableIT_AWD2(ADC_TypeDef*)':
../Drivers/CMSIS/Device/ST/STM32L4xx/Include/stm32l4xx.h:212:38: warning: compound assignment with 'volatile'-qualified left operand is deprecated [-Wvolatile]
  212 | #define SET_BIT(REG, BIT)     ((REG) |= (BIT))
      |                                ~~~~~~^~~~~~~~
../Drivers/STM32L4xx_HAL_Driver/Inc/stm32l4xx_ll_adc.h:7140:3: note: in expansion of macro 'SET_BIT'
 7140 |   SET_BIT(ADCx->IER, LL_ADC_IT_AWD2);
      |   ^~~~~~~
../Drivers/STM32L4xx_HAL_Driver/Inc/stm32l4xx_ll_adc.h: In function 'void LL_ADC_EnableIT_AWD3(ADC_TypeDef*)':
../Drivers/CMSIS/Device/ST/STM32L4xx/Include/stm32l4xx.h:212:38: warning: compound assignment with 'volatile'-qualified left operand is deprecated [-Wvolatile]
  212 | #define SET_BIT(REG, BIT)     ((REG) |= (BIT))
      |                                ~~~~~~^~~~~~~~
../Drivers/STM32L4xx_HAL_Driver/Inc/stm32l4xx_ll_adc.h:7151:3: note: in expansion of macro 'SET_BIT'
 7151 |   SET_BIT(ADCx->IER, LL_ADC_IT_AWD3);
      |   ^~~~~~~
../Drivers/STM32L4xx_HAL_Driver/Inc/stm32l4xx_ll_adc.h: In function 'void LL_ADC_DisableIT_ADRDY(ADC_TypeDef*)':
../Drivers/CMSIS/Device/ST/STM32L4xx/Include/stm32l4xx.h:214:38: warning: compound assignment with 'volatile'-qualified left operand is deprecated [-Wvolatile]
  214 | #define CLEAR_BIT(REG, BIT)   ((REG) &= ~(BIT))
      |                                ~~~~~~^~~~~~~~~
../Drivers/STM32L4xx_HAL_Driver/Inc/stm32l4xx_ll_adc.h:7162:3: note: in expansion of macro 'CLEAR_BIT'
 7162 |   CLEAR_BIT(ADCx->IER, LL_ADC_IT_ADRDY);
      |   ^~~~~~~~~
../Drivers/STM32L4xx_HAL_Driver/Inc/stm32l4xx_ll_adc.h: In function 'void LL_ADC_DisableIT_EOC(ADC_TypeDef*)':
../Drivers/CMSIS/Device/ST/STM32L4xx/Include/stm32l4xx.h:214:38: warning: compound assignment with 'volatile'-qualified left operand is deprecated [-Wvolatile]
  214 | #define CLEAR_BIT(REG, BIT)   ((REG) &= ~(BIT))
      |                                ~~~~~~^~~~~~~~~
../Drivers/STM32L4xx_HAL_Driver/Inc/stm32l4xx_ll_adc.h:7173:3: note: in expansion of macro 'CLEAR_BIT'
 7173 |   CLEAR_BIT(ADCx->IER, LL_ADC_IT_EOC);
      |   ^~~~~~~~~
../Drivers/STM32L4xx_HAL_Driver/Inc/stm32l4xx_ll_adc.h: In function 'void LL_ADC_DisableIT_EOS(ADC_TypeDef*)':
../Drivers/CMSIS/Device/ST/STM32L4xx/Include/stm32l4xx.h:214:38: warning: compound assignment with 'volatile'-qualified left operand is deprecated [-Wvolatile]
  214 | #define CLEAR_BIT(REG, BIT)   ((REG) &= ~(BIT))
      |                                ~~~~~~^~~~~~~~~
../Drivers/STM32L4xx_HAL_Driver/Inc/stm32l4xx_ll_adc.h:7184:3: note: in expansion of macro 'CLEAR_BIT'
 7184 |   CLEAR_BIT(ADCx->IER, LL_ADC_IT_EOS);
      |   ^~~~~~~~~
../Drivers/STM32L4xx_HAL_Driver/Inc/stm32l4xx_ll_adc.h: In function 'void LL_ADC_DisableIT_OVR(ADC_TypeDef*)':
../Drivers/CMSIS/Device/ST/STM32L4xx/Include/stm32l4xx.h:214:38: warning: compound assignment with 'volatile'-qualified left operand is deprecated [-Wvolatile]
  214 | #define CLEAR_BIT(REG, BIT)   ((REG) &= ~(BIT))
      |                                ~~~~~~^~~~~~~~~
../Drivers/STM32L4xx_HAL_Driver/Inc/stm32l4xx_ll_adc.h:7195:3: note: in expansion of macro 'CLEAR_BIT'
 7195 |   CLEAR_BIT(ADCx->IER, LL_ADC_IT_OVR);
      |   ^~~~~~~~~
../Drivers/STM32L4xx_HAL_Driver/Inc/stm32l4xx_ll_adc.h: In function 'void LL_ADC_DisableIT_EOSMP(ADC_TypeDef*)':
../Drivers/CMSIS/Device/ST/STM32L4xx/Include/stm32l4xx.h:214:38: warning: compound assignment with 'volatile'-qualified left operand is deprecated [-Wvolatile]
  214 | #define CLEAR_BIT(REG, BIT)   ((REG) &= ~(BIT))
      |                                ~~~~~~^~~~~~~~~
../Drivers/STM32L4xx_HAL_Driver/Inc/stm32l4xx_ll_adc.h:7206:3: note: in expansion of macro 'CLEAR_BIT'
 7206 |   CLEAR_BIT(ADCx->IER, LL_ADC_IT_EOSMP);
      |   ^~~~~~~~~
../Drivers/STM32L4xx_HAL_Driver/Inc/stm32l4xx_ll_adc.h: In function 'void LL_ADC_DisableIT_JEOC(ADC_TypeDef*)':
../Drivers/CMSIS/Device/ST/STM32L4xx/Include/stm32l4xx.h:214:38: warning: compound assignment with 'volatile'-qualified left operand is deprecated [-Wvolatile]
  214 | #define CLEAR_BIT(REG, BIT)   ((REG) &= ~(BIT))
      |                                ~~~~~~^~~~~~~~~
../Drivers/STM32L4xx_HAL_Driver/Inc/stm32l4xx_ll_adc.h:7217:3: note: in expansion of macro 'CLEAR_BIT'
 7217 |   CLEAR_BIT(ADCx->IER, LL_ADC_IT_JEOC);
      |   ^~~~~~~~~
../Drivers/STM32L4xx_HAL_Driver/Inc/stm32l4xx_ll_adc.h: In function 'void LL_ADC_DisableIT_JEOS(ADC_TypeDef*)':
../Drivers/CMSIS/Device/ST/STM32L4xx/Include/stm32l4xx.h:214:38: warning: compound assignment with 'volatile'-qualified left operand is deprecated [-Wvolatile]
  214 | #define CLEAR_BIT(REG, BIT)   ((REG) &= ~(BIT))
      |                                ~~~~~~^~~~~~~~~
../Drivers/STM32L4xx_HAL_Driver/Inc/stm32l4xx_ll_adc.h:7228:3: note: in expansion of macro 'CLEAR_BIT'
 7228 |   CLEAR_BIT(ADCx->IER, LL_ADC_IT_JEOS);
      |   ^~~~~~~~~
../Drivers/STM32L4xx_HAL_Driver/Inc/stm32l4xx_ll_adc.h: In function 'void LL_ADC_DisableIT_JQOVF(ADC_TypeDef*)':
../Drivers/CMSIS/Device/ST/STM32L4xx/Include/stm32l4xx.h:214:38: warning: compound assignment with 'volatile'-qualified left operand is deprecated [-Wvolatile]
  214 | #define CLEAR_BIT(REG, BIT)   ((REG) &= ~(BIT))
      |                                ~~~~~~^~~~~~~~~
../Drivers/STM32L4xx_HAL_Driver/Inc/stm32l4xx_ll_adc.h:7239:3: note: in expansion of macro 'CLEAR_BIT'
 7239 |   CLEAR_BIT(ADCx->IER, LL_ADC_IT_JQOVF);
      |   ^~~~~~~~~
../Drivers/STM32L4xx_HAL_Driver/Inc/stm32l4xx_ll_adc.h: In function 'void LL_ADC_DisableIT_AWD1(ADC_TypeDef*)':
../Drivers/CMSIS/Device/ST/STM32L4xx/Include/stm32l4xx.h:214:38: warning: compound assignment with 'volatile'-qualified left operand is deprecated [-Wvolatile]
  214 | #define CLEAR_BIT(REG, BIT)   ((REG) &= ~(BIT))
      |                                ~~~~~~^~~~~~~~~
../Drivers/STM32L4xx_HAL_Driver/Inc/stm32l4xx_ll_adc.h:7250:3: note: in expansion of macro 'CLEAR_BIT'
 7250 |   CLEAR_BIT(ADCx->IER, LL_ADC_IT_AWD1);
      |   ^~~~~~~~~
../Drivers/STM32L4xx_HAL_Driver/Inc/stm32l4xx_ll_adc.h: In function 'void LL_ADC_DisableIT_AWD2(ADC_TypeDef*)':
../Drivers/CMSIS/Device/ST/STM32L4xx/Include/stm32l4xx.h:214:38: warning: compound assignment with 'volatile'-qualified left operand is deprecated [-Wvolatile]
  214 | #define CLEAR_BIT(REG, BIT)   ((REG) &= ~(BIT))
      |                                ~~~~~~^~~~~~~~~
../Drivers/STM32L4xx_HAL_Driver/Inc/stm32l4xx_ll_adc.h:7261:3: note: in expansion of macro 'CLEAR_BIT'
 7261 |   CLEAR_BIT(ADCx->IER, LL_ADC_IT_AWD2);
      |   ^~~~~~~~~
../Drivers/STM32L4xx_HAL_Driver/Inc/stm32l4xx_ll_adc.h: In function 'void LL_ADC_DisableIT_AWD3(ADC_TypeDef*)':
../Drivers/CMSIS/Device/ST/STM32L4xx/Include/stm32l4xx.h:214:38: warning: compound assignment with 'volatile'-qualified left operand is deprecated [-Wvolatile]
  214 | #define CLEAR_BIT(REG, BIT)   ((REG) &= ~(BIT))
      |                                ~~~~~~^~~~~~~~~
../Drivers/STM32L4xx_HAL_Driver/Inc/stm32l4xx_ll_adc.h:7272:3: note: in expansion of macro 'CLEAR_BIT'
 7272 |   CLEAR_BIT(ADCx->IER, LL_ADC_IT_AWD3);
      |   ^~~~~~~~~
../Core/Src/main.cpp: In function 'void MX_DMA_Init()':
../Drivers/CMSIS/Device/ST/STM32L4xx/Include/stm32l4xx.h:212:38: warning: compound assignment with 'volatile'-qualified left operand is deprecated [-Wvolatile]
  212 | #define SET_BIT(REG, BIT)     ((REG) |= (BIT))
      |                                ~~~~~~^~~~~~~~
../Drivers/STM32L4xx_HAL_Driver/Inc/stm32l4xx_hal_rcc.h:656:50: note: in expansion of macro 'SET_BIT'
  656 |                                                  SET_BIT(RCC->AHB1ENR, RCC_AHB1ENR_DMAMUX1EN); \
      |                                                  ^~~~~~~
../Core/Src/main.cpp:426:3: note: in expansion of macro '__HAL_RCC_DMAMUX1_CLK_ENABLE'
  426 |   __HAL_RCC_DMAMUX1_CLK_ENABLE();
      |   ^~~~~~~~~~~~~~~~~~~~~~~~~~~~
../Drivers/CMSIS/Device/ST/STM32L4xx/Include/stm32l4xx.h:212:38: warning: compound assignment with 'volatile'-qualified left operand is deprecated [-Wvolatile]
  212 | #define SET_BIT(REG, BIT)     ((REG) |= (BIT))
      |                                ~~~~~~^~~~~~~~
../Drivers/STM32L4xx_HAL_Driver/Inc/stm32l4xx_hal_rcc.h:639:50: note: in expansion of macro 'SET_BIT'
  639 |                                                  SET_BIT(RCC->AHB1ENR, RCC_AHB1ENR_DMA1EN); \
      |                                                  ^~~~~~~
../Core/Src/main.cpp:427:3: note: in expansion of macro '__HAL_RCC_DMA1_CLK_ENABLE'
  427 |   __HAL_RCC_DMA1_CLK_ENABLE();
      |   ^~~~~~~~~~~~~~~~~~~~~~~~~
../Drivers/CMSIS/Device/ST/STM32L4xx/Include/stm32l4xx.h:212:38: warning: compound assignment with 'volatile'-qualified left operand is deprecated [-Wvolatile]
  212 | #define SET_BIT(REG, BIT)     ((REG) |= (BIT))
      |                                ~~~~~~^~~~~~~~
../Drivers/STM32L4xx_HAL_Driver/Inc/stm32l4xx_hal_rcc.h:647:50: note: in expansion of macro 'SET_BIT'
  647 |                                                  SET_BIT(RCC->AHB1ENR, RCC_AHB1ENR_DMA2EN); \
      |                                                  ^~~~~~~
../Core/Src/main.cpp:428:3: note: in expansion of macro '__HAL_RCC_DMA2_CLK_ENABLE'
  428 |   __HAL_RCC_DMA2_CLK_ENABLE();
      |   ^~~~~~~~~~~~~~~~~~~~~~~~~
../Core/Src/main.cpp: In function 'void MX_GPIO_Init()':
../Drivers/CMSIS/Device/ST/STM32L4xx/Include/stm32l4xx.h:212:38: warning: compound assignment with 'volatile'-qualified left operand is deprecated [-Wvolatile]
  212 | #define SET_BIT(REG, BIT)     ((REG) |= (BIT))
      |                                ~~~~~~^~~~~~~~
../Drivers/STM32L4xx_HAL_Driver/Inc/stm32l4xx_hal_rcc.h:808:50: note: in expansion of macro 'SET_BIT'
  808 |                                                  SET_BIT(RCC->AHB2ENR, RCC_AHB2ENR_GPIOHEN); \
      |                                                  ^~~~~~~
../Core/Src/main.cpp:450:3: note: in expansion of macro '__HAL_RCC_GPIOH_CLK_ENABLE'
  450 |   __HAL_RCC_GPIOH_CLK_ENABLE();
      |   ^~~~~~~~~~~~~~~~~~~~~~~~~~
../Drivers/CMSIS/Device/ST/STM32L4xx/Include/stm32l4xx.h:212:38: warning: compound assignment with 'volatile'-qualified left operand is deprecated [-Wvolatile]
  212 | #define SET_BIT(REG, BIT)     ((REG) |= (BIT))
      |                                ~~~~~~^~~~~~~~
../Drivers/STM32L4xx_HAL_Driver/Inc/stm32l4xx_hal_rcc.h:744:50: note: in expansion of macro 'SET_BIT'
  744 |                                                  SET_BIT(RCC->AHB2ENR, RCC_AHB2ENR_GPIOAEN); \
      |                                                  ^~~~~~~
../Core/Src/main.cpp:451:3: note: in expansion of macro '__HAL_RCC_GPIOA_CLK_ENABLE'
  451 |   __HAL_RCC_GPIOA_CLK_ENABLE();
      |   ^~~~~~~~~~~~~~~~~~~~~~~~~~
../Drivers/CMSIS/Device/ST/STM32L4xx/Include/stm32l4xx.h:212:38: warning: compound assignment with 'volatile'-qualified left operand is deprecated [-Wvolatile]
  212 | #define SET_BIT(REG, BIT)     ((REG) |= (BIT))
      |                                ~~~~~~^~~~~~~~
../Drivers/STM32L4xx_HAL_Driver/Inc/stm32l4xx_hal_rcc.h:760:50: note: in expansion of macro 'SET_BIT'
  760 |                                                  SET_BIT(RCC->AHB2ENR, RCC_AHB2ENR_GPIOCEN); \
      |                                                  ^~~~~~~
../Core/Src/main.cpp:452:3: note: in expansion of macro '__HAL_RCC_GPIOC_CLK_ENABLE'
  452 |   __HAL_RCC_GPIOC_CLK_ENABLE();
      |   ^~~~~~~~~~~~~~~~~~~~~~~~~~
../Drivers/CMSIS/Device/ST/STM32L4xx/Include/stm32l4xx.h:212:38: warning: compound assignment with 'volatile'-qualified left operand is deprecated [-Wvolatile]
  212 | #define SET_BIT(REG, BIT)     ((REG) |= (BIT))
      |                                ~~~~~~^~~~~~~~
../Drivers/STM32L4xx_HAL_Driver/Inc/stm32l4xx_hal_rcc.h:769:50: note: in expansion of macro 'SET_BIT'
  769 |                                                  SET_BIT(RCC->AHB2ENR, RCC_AHB2ENR_GPIODEN); \
      |                                                  ^~~~~~~
../Core/Src/main.cpp:453:3: note: in expansion of macro '__HAL_RCC_GPIOD_CLK_ENABLE'
  453 |   __HAL_RCC_GPIOD_CLK_ENABLE();
      |   ^~~~~~~~~~~~~~~~~~~~~~~~~~
../Drivers/CMSIS/Device/ST/STM32L4xx/Include/stm32l4xx.h:212:38: warning: compound assignment with 'volatile'-qualified left operand is deprecated [-Wvolatile]
  212 | #define SET_BIT(REG, BIT)     ((REG) |= (BIT))
      |                                ~~~~~~^~~~~~~~
../Drivers/STM32L4xx_HAL_Driver/Inc/stm32l4xx_hal_rcc.h:752:50: note: in expansion of macro 'SET_BIT'
  752 |                                                  SET_BIT(RCC->AHB2ENR, RCC_AHB2ENR_GPIOBEN); \
      |                                                  ^~~~~~~
../Core/Src/main.cpp:454:3: note: in expansion of macro '__HAL_RCC_GPIOB_CLK_ENABLE'
  454 |   __HAL_RCC_GPIOB_CLK_ENABLE();
      |   ^~~~~~~~~~~~~~~~~~~~~~~~~~
../Core/Src/main.cpp: In function 'void heartbeat()':
../Core/Src/main.cpp:534:2: error: 'Steering_Wheel_main' was not declared in this scope; did you mean 'PUTM_CAN::Steering_Wheel_main'?
  534 |  Steering_Wheel_main pcb_alive{0, Steering_Wheel_states::OK};
      |  ^~~~~~~~~~~~~~~~~~~
      |  PUTM_CAN::Steering_Wheel_main
In file included from ../Core/Inc/PUTM_EV_CAN_LIBRARY/lib/can_interface.hpp:25,
                 from ../Core/Src/main.cpp:28:
../Core/Inc/PUTM_EV_CAN_LIBRARY/lib/CanHeaders/PM08-CANBUS-STEERING_WHEEL.hpp:37:33: note: 'PUTM_CAN::Steering_Wheel_main' declared here
   37 | struct __attribute__ ((packed)) Steering_Wheel_main{
      |                                 ^~~~~~~~~~~~~~~~~~~
../Core/Src/main.cpp:537:3: error: 'pcb_alive' was not declared in this scope
[...]
  214 | #define CLEAR_BIT(REG, BIT)   ((REG) &= ~(BIT))
      |                                ~~~~~~^~~~~~~~~
../Drivers/STM32L4xx_HAL_Driver/Inc/stm32l4xx_ll_adc.h:5930:3: note: in expansion of macro 'CLEAR_BIT'
 5930 |   CLEAR_BIT(ADCx->CR, (ADC_CR_DEEPPWD | ADC_CR_BITS_PROPERTY_RS));
      |   ^~~~~~~~~
../Drivers/STM32L4xx_HAL_Driver/Inc/stm32l4xx_ll_adc.h: In function 'void LL_ADC_DisableInternalRegulator(ADC_TypeDef*)':
../Drivers/CMSIS/Device/ST/STM32L4xx/Include/stm32l4xx.h:214:38: warning: compound assignment with 'volatile'-qualified left operand is deprecated [-Wvolatile]
  214 | #define CLEAR_BIT(REG, BIT)   ((REG) &= ~(BIT))
      |                                ~~~~~~^~~~~~~~~
../Drivers/STM32L4xx_HAL_Driver/Inc/stm32l4xx_ll_adc.h:5979:3: note: in expansion of macro 'CLEAR_BIT'
 5979 |   CLEAR_BIT(ADCx->CR, (ADC_CR_ADVREGEN | ADC_CR_BITS_PROPERTY_RS));
      |   ^~~~~~~~~
../Drivers/STM32L4xx_HAL_Driver/Inc/stm32l4xx_ll_adc.h: In function 'void LL_ADC_EnableIT_ADRDY(ADC_TypeDef*)':
../Drivers/CMSIS/Device/ST/STM32L4xx/Include/stm32l4xx.h:212:38: warning: compound assignment with 'volatile'-qualified left operand is deprecated [-Wvolatile]
  212 | #define SET_BIT(REG, BIT)     ((REG) |= (BIT))
      |                                ~~~~~~^~~~~~~~
../Drivers/STM32L4xx_HAL_Driver/Inc/stm32l4xx_ll_adc.h:7041:3: note: in expansion of macro 'SET_BIT'
 7041 |   SET_BIT(ADCx->IER, LL_ADC_IT_ADRDY);
      |   ^~~~~~~
../Drivers/STM32L4xx_HAL_Driver/Inc/stm32l4xx_ll_adc.h: In function 'void LL_ADC_EnableIT_EOC(ADC_TypeDef*)':
../Drivers/CMSIS/Device/ST/STM32L4xx/Include/stm32l4xx.h:212:38: warning: compound assignment with 'volatile'-qualified left operand is deprecated [-Wvolatile]
  212 | #define SET_BIT(REG, BIT)     ((REG) |= (BIT))
      |                                ~~~~~~^~~~~~~~
../Drivers/STM32L4xx_HAL_Driver/Inc/stm32l4xx_ll_adc.h:7052:3: note: in expansion of macro 'SET_BIT'
 7052 |   SET_BIT(ADCx->IER, LL_ADC_IT_EOC);
      |   ^~~~~~~
../Drivers/STM32L4xx_HAL_Driver/Inc/stm32l4xx_ll_adc.h: In function 'void LL_ADC_EnableIT_EOS(ADC_TypeDef*)':
../Drivers/CMSIS/Device/ST/STM32L4xx/Include/stm32l4xx.h:212:38: warning: compound assignment with 'volatile'-qualified left operand is deprecated [-Wvolatile]
  212 | #define SET_BIT(REG, BIT)     ((REG) |= (BIT))
      |                                ~~~~~~^~~~~~~~
../Drivers/STM32L4xx_HAL_Driver/Inc/stm32l4xx_ll_adc.h:7063:3: note: in expansion of macro 'SET_BIT'
 7063 |   SET_BIT(ADCx->IER, LL_ADC_IT_EOS);
      |   ^~~~~~~
../Drivers/STM32L4xx_HAL_Driver/Inc/stm32l4xx_ll_adc.h: In function 'void LL_ADC_EnableIT_OVR(ADC_TypeDef*)':
../Drivers/CMSIS/Device/ST/STM32L4xx/Include/stm32l4xx.h:212:38: warning: compound assignment with 'volatile'-qualified left operand is deprecated [-Wvolatile]
  212 | #define SET_BIT(REG, BIT)     ((REG) |= (BIT))
      |                                ~~~~~~^~~~~~~~
../Drivers/STM32L4xx_HAL_Driver/Inc/stm32l4xx_ll_adc.h:7074:3: note: in expansion of macro 'SET_BIT'
 7074 |   SET_BIT(ADCx->IER, LL_ADC_IT_OVR);
      |   ^~~~~~~
../Drivers/STM32L4xx_HAL_Driver/Inc/stm32l4xx_ll_adc.h: In function 'void LL_ADC_EnableIT_EOSMP(ADC_TypeDef*)':
../Drivers/CMSIS/Device/ST/STM32L4xx/Include/stm32l4xx.h:212:38: warning: compound assignment with 'volatile'-qualified left operand is deprecated [-Wvolatile]
  212 | #define SET_BIT(REG, BIT)     ((REG) |= (BIT))
      |                                ~~~~~~^~~~~~~~
../Drivers/STM32L4xx_HAL_Driver/Inc/stm32l4xx_ll_adc.h:7085:3: note: in expansion of macro 'SET_BIT'
 7085 |   SET_BIT(ADCx->IER, LL_ADC_IT_EOSMP);
      |   ^~~~~~~
../Drivers/STM32L4xx_HAL_Driver/Inc/stm32l4xx_ll_adc.h: In function 'void LL_ADC_EnableIT_JEOC(ADC_TypeDef*)':
../Drivers/CMSIS/Device/ST/STM32L4xx/Include/stm32l4xx.h:212:38: warning: compound assignment with 'volatile'-qualified left operand is deprecated [-Wvolatile]
  212 | #define SET_BIT(REG, BIT)     ((REG) |= (BIT))
      |                                ~~~~~~^~~~~~~~
../Drivers/STM32L4xx_HAL_Driver/Inc/stm32l4xx_ll_adc.h:7096:3: note: in expansion of macro 'SET_BIT'
 7096 |   SET_BIT(ADCx->IER, LL_ADC_IT_JEOC);
      |   ^~~~~~~
../Drivers/STM32L4xx_HAL_Driver/Inc/stm32l4xx_ll_adc.h: In function 'void LL_ADC_EnableIT_JEOS(ADC_TypeDef*)':
../Drivers/CMSIS/Device/ST/STM32L4xx/Include/stm32l4xx.h:212:38: warning: compound assignment with 'volatile'-qualified left operand is deprecated [-Wvolatile]
  212 | #define SET_BIT(REG, BIT)     ((REG) |= (BIT))
      |                                ~~~~~~^~~~~~~~
../Drivers/STM32L4xx_HAL_Driver/Inc/stm32l4xx_ll_adc.h:7107:3: note: in expansion of macro 'SET_BIT'
 7107 |   SET_BIT(ADCx->IER, LL_ADC_IT_JEOS);
      |   ^~~~~~~
../Drivers/STM32L4xx_HAL_Driver/Inc/stm32l4xx_ll_adc.h: In function 'void LL_ADC_EnableIT_JQOVF(ADC_TypeDef*)':
../Drivers/CMSIS/Device/ST/STM32L4xx/Include/stm32l4xx.h:212:38: warning: compound assignment with 'volatile'-qualified left operand is deprecated [-Wvolatile]
  212 | #define SET_BIT(REG, BIT)     ((REG) |= (BIT))
      |                                ~~~~~~^~~~~~~~
../Drivers/STM32L4xx_HAL_Driver/Inc/stm32l4xx_ll_adc.h:7118:3: note: in expansion of macro 'SET_BIT'
 7118 |   SET_BIT(ADCx->IER, LL_ADC_IT_JQOVF);
      |   ^~~~~~~
../Drivers/STM32L4xx_HAL_Driver/Inc/stm32l4xx_ll_adc.h: In function 'void LL_ADC_EnableIT_AWD1(ADC_TypeDef*)':
../Drivers/CMSIS/Device/ST/STM32L4xx/Include/stm32l4xx.h:212:38: warning: compound assignment with 'volatile'-qualified left operand is deprecated [-Wvolatile]
  212 | #define SET_BIT(REG, BIT)     ((REG) |= (BIT))
      |                                ~~~~~~^~~~~~~~
../Drivers/STM32L4xx_HAL_Driver/Inc/stm32l4xx_ll_adc.h:7129:3: note: in expansion of macro 'SET_BIT'
 7129 |   SET_BIT(ADCx->IER, LL_ADC_IT_AWD1);
      |   ^~~~~~~
../Drivers/STM32L4xx_HAL_Driver/Inc/stm32l4xx_ll_adc.h: In function 'void LL_ADC_EnableIT_AWD2(ADC_TypeDef*)':
../Drivers/CMSIS/Device/ST/STM32L4xx/Include/stm32l4xx.h:212:38: warning: compound assignment with 'volatile'-qualified left operand is deprecated [-Wvolatile]
  212 | #define SET_BIT(REG, BIT)     ((REG) |= (BIT))
      |                                ~~~~~~^~~~~~~~
../Drivers/STM32L4xx_HAL_Driver/Inc/stm32l4xx_ll_adc.h:7140:3: note: in expansion of macro 'SET_BIT'
 7140 |   SET_BIT(ADCx->IER, LL_ADC_IT_AWD2);
      |   ^~~~~~~
../Drivers/STM32L4xx_HAL_Driver/Inc/stm32l4xx_ll_adc.h: In function 'void LL_ADC_EnableIT_AWD3(ADC_TypeDef*)':
../Drivers/CMSIS/Device/ST/STM32L4xx/Include/stm32l4xx.h:212:38: warning: compound assignment with 'volatile'-qualified left operand is deprecated [-Wvolatile]
  212 | #define SET_BIT(REG, BIT)     ((REG) |= (BIT))
      |                                ~~~~~~^~~~~~~~
../Drivers/STM32L4xx_HAL_Driver/Inc/stm32l4xx_ll_adc.h:7151:3: note: in expansion of macro 'SET_BIT'
 7151 |   SET_BIT(ADCx->IER, LL_ADC_IT_AWD3);
      |   ^~~~~~~
../Drivers/STM32L4xx_HAL_Driver/Inc/stm32l4xx_ll_adc.h: In function 'void LL_ADC_DisableIT_ADRDY(ADC_TypeDef*)':
../Drivers/CMSIS/Device/ST/STM32L4xx/Include/stm32l4xx.h:214:38: warning: compound assignment with 'volatile'-qualified left operand is deprecated [-Wvolatile]
  214 | #define CLEAR_BIT(REG, BIT)   ((REG) &= ~(BIT))
      |                                ~~~~~~^~~~~~~~~
../Drivers/STM32L4xx_HAL_Driver/Inc/stm32l4xx_ll_adc.h:7162:3: note: in expansion of macro 'CLEAR_BIT'
 7162 |   CLEAR_BIT(ADCx->IER, LL_ADC_IT_ADRDY);
      |   ^~~~~~~~~
../Drivers/STM32L4xx_HAL_Driver/Inc/stm32l4xx_ll_adc.h: In function 'void LL_ADC_DisableIT_EOC(ADC_TypeDef*)':
../Drivers/CMSIS/Device/ST/STM32L4xx/Include/stm32l4xx.h:214:38: warning: compound assignment with 'volatile'-qualified left operand is deprecated [-Wvolatile]
  214 | #define CLEAR_BIT(REG, BIT)   ((REG) &= ~(BIT))
      |                                ~~~~~~^~~~~~~~~
../Drivers/STM32L4xx_HAL_Driver/Inc/stm32l4xx_ll_adc.h:7173:3: note: in expansion of macro 'CLEAR_BIT'
 7173 |   CLEAR_BIT(ADCx->IER, LL_ADC_IT_EOC);
      |   ^~~~~~~~~
../Drivers/STM32L4xx_HAL_Driver/Inc/stm32l4xx_ll_adc.h: In function 'void LL_ADC_DisableIT_EOS(ADC_TypeDef*)':
../Drivers/CMSIS/Device/ST/STM32L4xx/Include/stm32l4xx.h:214:38: warning: compound assignment with 'volatile'-qualified left operand is deprecated [-Wvolatile]
  214 | #define CLEAR_BIT(REG, BIT)   ((REG) &= ~(BIT))
      |                                ~~~~~~^~~~~~~~~
../Drivers/STM32L4xx_HAL_Driver/Inc/stm32l4xx_ll_adc.h:7184:3: note: in expansion of macro 'CLEAR_BIT'
 7184 |   CLEAR_BIT(ADCx->IER, LL_ADC_IT_EOS);
      |   ^~~~~~~~~
../Drivers/STM32L4xx_HAL_Driver/Inc/stm32l4xx_ll_adc.h: In function 'void LL_ADC_DisableIT_OVR(ADC_TypeDef*)':
../Drivers/CMSIS/Device/ST/STM32L4xx/Include/stm32l4xx.h:214:38: warning: compound assignment with 'volatile'-qualified left operand is deprecated [-Wvolatile]
  214 | #define CLEAR_BIT(REG, BIT)   ((REG) &= ~(BIT))
      |                                ~~~~~~^~~~~~~~~
../Drivers/STM32L4xx_HAL_Driver/Inc/stm32l4xx_ll_adc.h:7195:3: note: in expansion of macro 'CLEAR_BIT'
 7195 |   CLEAR_BIT(ADCx->IER, LL_ADC_IT_OVR);
      |   ^~~~~~~~~
../Drivers/STM32L4xx_HAL_Driver/Inc/stm32l4xx_ll_adc.h: In function 'void LL_ADC_DisableIT_EOSMP(ADC_TypeDef*)':
../Drivers/CMSIS/Device/ST/STM32L4xx/Include/stm32l4xx.h:214:38: warning: compound assignment with 'volatile'-qualified left operand is deprecated [-Wvolatile]
  214 | #define CLEAR_BIT(REG, BIT)   ((REG) &= ~(BIT))
      |                                ~~~~~~^~~~~~~~~
../Drivers/STM32L4xx_HAL_Driver/Inc/stm32l4xx_ll_adc.h:7206:3: note: in expansion of macro 'CLEAR_BIT'
 7206 |   CLEAR_BIT(ADCx->IER, LL_ADC_IT_EOSMP);
      |   ^~~~~~~~~
../Drivers/STM32L4xx_HAL_Driver/Inc/stm32l4xx_ll_adc.h: In function 'void LL_ADC_DisableIT_JEOC(ADC_TypeDef*)':
../Drivers/CMSIS/Device/ST/STM32L4xx/Include/stm32l4xx.h:214:38: warning: compound assignment with 'volatile'-qualified left operand is deprecated [-Wvolatile]
  214 | #define CLEAR_BIT(REG, BIT)   ((REG) &= ~(BIT))
      |                                ~~~~~~^~~~~~~~~
../Drivers/STM32L4xx_HAL_Driver/Inc/stm32l4xx_ll_adc.h:7217:3: note: in expansion of macro 'CLEAR_BIT'
 7217 |   CLEAR_BIT(ADCx->IER, LL_ADC_IT_JEOC);
      |   ^~~~~~~~~
../Drivers/STM32L4xx_HAL_Driver/Inc/stm32l4xx_ll_adc.h: In function 'void LL_ADC_DisableIT_JEOS(ADC_TypeDef*)':
../Drivers/CMSIS/Device/ST/STM32L4xx/Include/stm32l4xx.h:214:38: warning: compound assignment with 'volatile'-qualified left operand is deprecated [-Wvolatile]
  214 | #define CLEAR_BIT(REG, BIT)   ((REG) &= ~(BIT))
      |                                ~~~~~~^~~~~~~~~
../Drivers/STM32L4xx_HAL_Driver/Inc/stm32l4xx_ll_adc.h:7228:3: note: in expansion of macro 'CLEAR_BIT'
 7228 |   CLEAR_BIT(ADCx->IER, LL_ADC_IT_JEOS);
      |   ^~~~~~~~~
../Drivers/STM32L4xx_HAL_Driver/Inc/stm32l4xx_ll_adc.h: In function 'void LL_ADC_DisableIT_JQOVF(ADC_TypeDef*)':
../Drivers/CMSIS/Device/ST/STM32L4xx/Include/stm32l4xx.h:214:38: warning: compound assignment with 'volatile'-qualified left operand is deprecated [-Wvolatile]
  214 | #define CLEAR_BIT(REG, BIT)   ((REG) &= ~(BIT))
      |                                ~~~~~~^~~~~~~~~
../Drivers/STM32L4xx_HAL_Driver/Inc/stm32l4xx_ll_adc.h:7239:3: note: in expansion of macro 'CLEAR_BIT'
 7239 |   CLEAR_BIT(ADCx->IER, LL_ADC_IT_JQOVF);
      |   ^~~~~~~~~
../Drivers/STM32L4xx_HAL_Driver/Inc/stm32l4xx_ll_adc.h: In function 'void LL_ADC_DisableIT_AWD1(ADC_TypeDef*)':
../Drivers/CMSIS/Device/ST/STM32L4xx/Include/stm32l4xx.h:214:38: warning: compound assignment with 'volatile'-qualified left operand is deprecated [-Wvolatile]
  214 | #define CLEAR_BIT(REG, BIT)   ((REG) &= ~(BIT))
      |                                ~~~~~~^~~~~~~~~
../Drivers/STM32L4xx_HAL_Driver/Inc/stm32l4xx_ll_adc.h:7250:3: note: in expansion of macro 'CLEAR_BIT'
 7250 |   CLEAR_BIT(ADCx->IER, LL_ADC_IT_AWD1);
      |   ^~~~~~~~~
../Drivers/STM32L4xx_HAL_Driver/Inc/stm32l4xx_ll_adc.h: In function 'void LL_ADC_DisableIT_AWD2(ADC_TypeDef*)':
../Drivers/CMSIS/Device/ST/STM32L4xx/Include/stm32l4xx.h:214:38: warning: compound assignment with 'volatile'-qualified left operand is deprecated [-Wvolatile]
  214 | #define CLEAR_BIT(REG, BIT)   ((REG) &= ~(BIT))
      |                                ~~~~~~^~~~~~~~~
../Drivers/STM32L4xx_HAL_Driver/Inc/stm32l4xx_ll_adc.h:7261:3: note: in expansion of macro 'CLEAR_BIT'
 7261 |   CLEAR_BIT(ADCx->IER, LL_ADC_IT_AWD2);
      |   ^~~~~~~~~
../Drivers/STM32L4xx_HAL_Driver/Inc/stm32l4xx_ll_adc.h: In function 'void LL_ADC_DisableIT_AWD3(ADC_TypeDef*)':
../Drivers/CMSIS/Device/ST/STM32L4xx/Include/stm32l4xx.h:214:38: warning: compound assignment with 'volatile'-qualified left operand is deprecated [-Wvolatile]
  214 | #define CLEAR_BIT(REG, BIT)   ((REG) &= ~(BIT))
      |                                ~~~~~~^~~~~~~~~
../Drivers/STM32L4xx_HAL_Driver/Inc/stm32l4xx_ll_adc.h:7272:3: note: in expansion of macro 'CLEAR_BIT'
 7272 |   CLEAR_BIT(ADCx->IER, LL_ADC_IT_AWD3);
      |   ^~~~~~~~~
arm-none-eabi-gcc "../Core/Src/system_stm32l4xx.c" -mcpu=cortex-m4 -std=gnu11 -g3 -DDEBUG -DUSE_HAL_DRIVER -DSTM32L4P5xx -c -I../Core/Inc -I../Drivers/STM32L4xx_HAL_Driver/Inc -I../Drivers/STM32L4xx_HAL_Driver/Inc/Legacy -I../Drivers/CMSIS/Device/ST/STM32L4xx/Include -I../Drivers/CMSIS/Include -O0 -ffunction-sections -fdata-sections -Wall -fstack-usage -MMD -MP -MF"Core/Src/system_stm32l4xx.d" -MT"Core/Src/system_stm32l4xx.o" --specs=nano.specs -mfpu=fpv4-sp-d16 -mfloat-abi=hard -mthumb -o "Core/Src/system_stm32l4xx.o"
../Core/Src/main.cpp: In function 'void MX_DMA_Init()':
../Drivers/CMSIS/Device/ST/STM32L4xx/Include/stm32l4xx.h:212:38: warning: compound assignment with 'volatile'-qualified left operand is deprecated [-Wvolatile]
  212 | #define SET_BIT(REG, BIT)     ((REG) |= (BIT))
      |                                ~~~~~~^~~~~~~~
../Drivers/STM32L4xx_HAL_Driver/Inc/stm32l4xx_hal_rcc.h:656:50: note: in expansion of macro 'SET_BIT'
  656 |                                                  SET_BIT(RCC->AHB1ENR, RCC_AHB1ENR_DMAMUX1EN); \
      |                                                  ^~~~~~~
../Core/Src/main.cpp:426:3: note: in expansion of macro '__HAL_RCC_DMAMUX1_CLK_ENABLE'
  426 |   __HAL_RCC_DMAMUX1_CLK_ENABLE();
      |   ^~~~~~~~~~~~~~~~~~~~~~~~~~~~
../Drivers/CMSIS/Device/ST/STM32L4xx/Include/stm32l4xx.h:212:38: warning: compound assignment with 'volatile'-qualified left operand is deprecated [-Wvolatile]
  212 | #define SET_BIT(REG, BIT)     ((REG) |= (BIT))
      |                                ~~~~~~^~~~~~~~
../Drivers/STM32L4xx_HAL_Driver/Inc/stm32l4xx_hal_rcc.h:639:50: note: in expansion of macro 'SET_BIT'
  639 |                                                  SET_BIT(RCC->AHB1ENR, RCC_AHB1ENR_DMA1EN); \
      |                                                  ^~~~~~~
../Core/Src/main.cpp:427:3: note: in expansion of macro '__HAL_RCC_DMA1_CLK_ENABLE'
  427 |   __HAL_RCC_DMA1_CLK_ENABLE();
      |   ^~~~~~~~~~~~~~~~~~~~~~~~~
../Drivers/CMSIS/Device/ST/STM32L4xx/Include/stm32l4xx.h:212:38: warning: compound assignment with 'volatile'-qualified left operand is deprecated [-Wvolatile]
  212 | #define SET_BIT(REG, BIT)     ((REG) |= (BIT))
      |                                ~~~~~~^~~~~~~~
../Drivers/STM32L4xx_HAL_Driver/Inc/stm32l4xx_hal_rcc.h:647:50: note: in expansion of macro 'SET_BIT'
  647 |                                                  SET_BIT(RCC->AHB1ENR, RCC_AHB1ENR_DMA2EN); \
      |                                                  ^~~~~~~
../Core/Src/main.cpp:428:3: note: in expansion of macro '__HAL_RCC_DMA2_CLK_ENABLE'
  428 |   __HAL_RCC_DMA2_CLK_ENABLE();
      |   ^~~~~~~~~~~~~~~~~~~~~~~~~
../Core/Src/main.cpp: In function 'void MX_GPIO_Init()':
../Drivers/CMSIS/Device/ST/STM32L4xx/Include/stm32l4xx.h:212:38: warning: compound assignment with 'volatile'-qualified left operand is deprecated [-Wvolatile]
  212 | #define SET_BIT(REG, BIT)     ((REG) |= (BIT))
      |                                ~~~~~~^~~~~~~~
../Drivers/STM32L4xx_HAL_Driver/Inc/stm32l4xx_hal_rcc.h:808:50: note: in expansion of macro 'SET_BIT'
  808 |                                                  SET_BIT(RCC->AHB2ENR, RCC_AHB2ENR_GPIOHEN); \
      |                                                  ^~~~~~~
../Core/Src/main.cpp:450:3: note: in expansion of macro '__HAL_RCC_GPIOH_CLK_ENABLE'
  450 |   __HAL_RCC_GPIOH_CLK_ENABLE();
      |   ^~~~~~~~~~~~~~~~~~~~~~~~~~
../Drivers/CMSIS/Device/ST/STM32L4xx/Include/stm32l4xx.h:212:38: warning: compound assignment with 'volatile'-qualified left operand is deprecated [-Wvolatile]
  212 | #define SET_BIT(REG, BIT)     ((REG) |= (BIT))
      |                                ~~~~~~^~~~~~~~
../Drivers/STM32L4xx_HAL_Driver/Inc/stm32l4xx_hal_rcc.h:744:50: note: in expansion of macro 'SET_BIT'
  744 |                                                  SET_BIT(RCC->AHB2ENR, RCC_AHB2ENR_GPIOAEN); \
      |                                                  ^~~~~~~
../Core/Src/main.cpp:451:3: note: in expansion of macro '__HAL_RCC_GPIOA_CLK_ENABLE'
  451 |   __HAL_RCC_GPIOA_CLK_ENABLE();
      |   ^~~~~~~~~~~~~~~~~~~~~~~~~~
../Drivers/CMSIS/Device/ST/STM32L4xx/Include/stm32l4xx.h:212:38: warning: compound assignment with 'volatile'-qualified left operand is deprecated [-Wvolatile]
  212 | #define SET_BIT(REG, BIT)     ((REG) |= (BIT))
      |                                ~~~~~~^~~~~~~~
../Drivers/STM32L4xx_HAL_Driver/Inc/stm32l4xx_hal_rcc.h:760:50: note: in expansion of macro 'SET_BIT'
  760 |                                                  SET_BIT(RCC->AHB2ENR, RCC_AHB2ENR_GPIOCEN); \
      |                                                  ^~~~~~~
../Core/Src/main.cpp:452:3: note: in expansion of macro '__HAL_RCC_GPIOC_CLK_ENABLE'
  452 |   __HAL_RCC_GPIOC_CLK_ENABLE();
      |   ^~~~~~~~~~~~~~~~~~~~~~~~~~
../Drivers/CMSIS/Device/ST/STM32L4xx/Include/stm32l4xx.h:212:38: warning: compound assignment with 'volatile'-qualified left operand is deprecated [-Wvolatile]
  212 | #define SET_BIT(REG, BIT)     ((REG) |= (BIT))
      |                                ~~~~~~^~~~~~~~
../Drivers/STM32L4xx_HAL_Driver/Inc/stm32l4xx_hal_rcc.h:769:50: note: in expansion of macro 'SET_BIT'
  769 |                                                  SET_BIT(RCC->AHB2ENR, RCC_AHB2ENR_GPIODEN); \
      |                                                  ^~~~~~~
../Core/Src/main.cpp:453:3: note: in expansion of macro '__HAL_RCC_GPIOD_CLK_ENABLE'
  453 |   __HAL_RCC_GPIOD_CLK_ENABLE();
      |   ^~~~~~~~~~~~~~~~~~~~~~~~~~
../Drivers/CMSIS/Device/ST/STM32L4xx/Include/stm32l4xx.h:212:38: warning: compound assignment with 'volatile'-qualified left operand is deprecated [-Wvolatile]
  212 | #define SET_BIT(REG, BIT)     ((REG) |= (BIT))
      |                                ~~~~~~^~~~~~~~
../Drivers/STM32L4xx_HAL_Driver/Inc/stm32l4xx_hal_rcc.h:752:50: note: in expansion of macro 'SET_BIT'
  752 |                                                  SET_BIT(RCC->AHB2ENR, RCC_AHB2ENR_GPIOBEN); \
      |                                                  ^~~~~~~
../Core/Src/main.cpp:454:3: note: in expansion of macro '__HAL_RCC_GPIOB_CLK_ENABLE'
  454 |   __HAL_RCC_GPIOB_CLK_ENABLE();
      |   ^~~~~~~~~~~~~~~~~~~~~~~~~~
arm-none-eabi-g++ -o "kiera.elf" @"objects.list"   -mcpu=cortex-m4 -T"C:\Users\konra\Desktop\przeprowadzka\PUTMotorsport\KieraV2\Firmware\kiera\kiera\STM32L4P5RETX_FLASH.ld" --specs=nosys.specs -Wl,-Map="kiera.map" -Wl,--gc-sections -static --specs=nano.specs -mfpu=fpv4-sp-d16 -mfloat-abi=hard -mthumb -Wl,--start-group -lc -lm -lstdc++ -lsupc++ -Wl,--end-group
Finished building target: kiera.elf
 
arm-none-eabi-size   kiera.elf 
arm-none-eabi-objdump -h -S  kiera.elf  > "kiera.list"
   text	   data	    bss	    dec	    hex	filename
  22340	     20	   2156	  24516	   5fc4	kiera.elf
Finished building: default.size.stdout
 
Finished building: kiera.list
 
