23:32:29 **** Incremental Build of configuration Debug for project kiera ****
make -j8 all 
arm-none-eabi-gcc "../Core/Src/main.c" -mcpu=cortex-m4 -std=gnu11 -g3 -DDEBUG -DUSE_HAL_DRIVER -DSTM32L4P5xx -c -I../Core/Inc -I../Drivers/STM32L4xx_HAL_Driver/Inc -I../Drivers/STM32L4xx_HAL_Driver/Inc/Legacy -I../Drivers/CMSIS/Device/ST/STM32L4xx/Include -I../Drivers/CMSIS/Include -O0 -ffunction-sections -fdata-sections -Wall -fstack-usage -MMD -MP -MF"Core/Src/main.d" -MT"Core/Src/main.o" --specs=nano.specs -mfpu=fpv4-sp-d16 -mfloat-abi=hard -mthumb -o "Core/Src/main.o"
arm-none-eabi-g++ -o "kiera.elf" @"objects.list"   -mcpu=cortex-m4 -T"C:\Users\konra\Desktop\przeprowadzka\PUTMotorsport\KieraV2\Firmware\kiera\kiera\STM32L4P5RETX_FLASH.ld" --specs=nosys.specs -Wl,-Map="kiera.map" -Wl,--gc-sections -static --specs=nano.specs -mfpu=fpv4-sp-d16 -mfloat-abi=hard -mthumb -Wl,--start-group -lc -lm -lstdc++ -lsupc++ -Wl,--end-group
Finished building target: kiera.elf
 
arm-none-eabi-size   kiera.elf 
arm-none-eabi-objdump -h -S  kiera.elf  > "kiera.list"
arm-none-eabi-objcopy  -O binary  kiera.elf  "kiera.bin"
   text	   data	    bss	    dec	    hex	filename
  20768	     20	   2148	  22936	   5998	kiera.elf
Finished building: default.size.stdout
 
Finished building: kiera.bin
 
Finished building: kiera.list
 

23:32:31 Build Finished. 0 errors, 0 warnings. (took 1s.438ms)

