23:25:30 **** Incremental Build of configuration Debug for project kiera ****
make -j8 all 
arm-none-eabi-gcc "../Drivers/STM32L4xx_HAL_Driver/Src/stm32l4xx_hal.c" -mcpu=cortex-m4 -std=gnu11 -g3 -DDEBUG -DUSE_HAL_DRIVER -DSTM32L4P5xx -c -I../Core/Inc -I../Drivers/STM32L4xx_HAL_Driver/Inc -I../Drivers/STM32L4xx_HAL_Driver/Inc/Legacy -I../Drivers/CMSIS/Device/ST/STM32L4xx/Include -I../Drivers/CMSIS/Include -O0 -ffunction-sections -fdata-sections -Wall -fstack-usage -MMD -MP -MF"Drivers/STM32L4xx_HAL_Driver/Src/stm32l4xx_hal.d" -MT"Drivers/STM32L4xx_HAL_Driver/Src/stm32l4xx_hal.o" --specs=nano.specs -mfpu=fpv4-sp-d16 -mfloat-abi=hard -mthumb -o "Drivers/STM32L4xx_HAL_Driver/Src/stm32l4xx_hal.o"
arm-none-eabi-gcc "../Drivers/STM32L4xx_HAL_Driver/Src/stm32l4xx_hal_adc.c" -mcpu=cortex-m4 -std=gnu11 -g3 -DDEBUG -DUSE_HAL_DRIVER -DSTM32L4P5xx -c -I../Core/Inc -I../Drivers/STM32L4xx_HAL_Driver/Inc -I../Drivers/STM32L4xx_HAL_Driver/Inc/Legacy -I../Drivers/CMSIS/Device/ST/STM32L4xx/Include -I../Drivers/CMSIS/Include -O0 -ffunction-sections -fdata-sections -Wall -fstack-usage -MMD -MP -MF"Drivers/STM32L4xx_HAL_Driver/Src/stm32l4xx_hal_adc.d" -MT"Drivers/STM32L4xx_HAL_Driver/Src/stm32l4xx_hal_adc.o" --specs=nano.specs -mfpu=fpv4-sp-d16 -mfloat-abi=hard -mthumb -o "Drivers/STM32L4xx_HAL_Driver/Src/stm32l4xx_hal_adc.o"
arm-none-eabi-gcc "../Drivers/STM32L4xx_HAL_Driver/Src/stm32l4xx_hal_adc_ex.c" -mcpu=cortex-m4 -std=gnu11 -g3 -DDEBUG -DUSE_HAL_DRIVER -DSTM32L4P5xx -c -I../Core/Inc -I../Drivers/STM32L4xx_HAL_Driver/Inc -I../Drivers/STM32L4xx_HAL_Driver/Inc/Legacy -I../Drivers/CMSIS/Device/ST/STM32L4xx/Include -I../Drivers/CMSIS/Include -O0 -ffunction-sections -fdata-sections -Wall -fstack-usage -MMD -MP -MF"Drivers/STM32L4xx_HAL_Driver/Src/stm32l4xx_hal_adc_ex.d" -MT"Drivers/STM32L4xx_HAL_Driver/Src/stm32l4xx_hal_adc_ex.o" --specs=nano.specs -mfpu=fpv4-sp-d16 -mfloat-abi=hard -mthumb -o "Drivers/STM32L4xx_HAL_Driver/Src/stm32l4xx_hal_adc_ex.o"
arm-none-eabi-gcc "../Drivers/STM32L4xx_HAL_Driver/Src/stm32l4xx_hal_can.c" -mcpu=cortex-m4 -std=gnu11 -g3 -DDEBUG -DUSE_HAL_DRIVER -DSTM32L4P5xx -c -I../Core/Inc -I../Drivers/STM32L4xx_HAL_Driver/Inc -I../Drivers/STM32L4xx_HAL_Driver/Inc/Legacy -I../Drivers/CMSIS/Device/ST/STM32L4xx/Include -I../Drivers/CMSIS/Include -O0 -ffunction-sections -fdata-sections -Wall -fstack-usage -MMD -MP -MF"Drivers/STM32L4xx_HAL_Driver/Src/stm32l4xx_hal_can.d" -MT"Drivers/STM32L4xx_HAL_Driver/Src/stm32l4xx_hal_can.o" --specs=nano.specs -mfpu=fpv4-sp-d16 -mfloat-abi=hard -mthumb -o "Drivers/STM32L4xx_HAL_Driver/Src/stm32l4xx_hal_can.o"
arm-none-eabi-gcc "../Drivers/STM32L4xx_HAL_Driver/Src/stm32l4xx_hal_cortex.c" -mcpu=cortex-m4 -std=gnu11 -g3 -DDEBUG -DUSE_HAL_DRIVER -DSTM32L4P5xx -c -I../Core/Inc -I../Drivers/STM32L4xx_HAL_Driver/Inc -I../Drivers/STM32L4xx_HAL_Driver/Inc/Legacy -I../Drivers/CMSIS/Device/ST/STM32L4xx/Include -I../Drivers/CMSIS/Include -O0 -ffunction-sections -fdata-sections -Wall -fstack-usage -MMD -MP -MF"Drivers/STM32L4xx_HAL_Driver/Src/stm32l4xx_hal_cortex.d" -MT"Drivers/STM32L4xx_HAL_Driver/Src/stm32l4xx_hal_cortex.o" --specs=nano.specs -mfpu=fpv4-sp-d16 -mfloat-abi=hard -mthumb -o "Drivers/STM32L4xx_HAL_Driver/Src/stm32l4xx_hal_cortex.o"
arm-none-eabi-gcc "../Drivers/STM32L4xx_HAL_Driver/Src/stm32l4xx_hal_dma.c" -mcpu=cortex-m4 -std=gnu11 -g3 -DDEBUG -DUSE_HAL_DRIVER -DSTM32L4P5xx -c -I../Core/Inc -I../Drivers/STM32L4xx_HAL_Driver/Inc -I../Drivers/STM32L4xx_HAL_Driver/Inc/Legacy -I../Drivers/CMSIS/Device/ST/STM32L4xx/Include -I../Drivers/CMSIS/Include -O0 -ffunction-sections -fdata-sections -Wall -fstack-usage -MMD -MP -MF"Drivers/STM32L4xx_HAL_Driver/Src/stm32l4xx_hal_dma.d" -MT"Drivers/STM32L4xx_HAL_Driver/Src/stm32l4xx_hal_dma.o" --specs=nano.specs -mfpu=fpv4-sp-d16 -mfloat-abi=hard -mthumb -o "Drivers/STM32L4xx_HAL_Driver/Src/stm32l4xx_hal_dma.o"
arm-none-eabi-gcc "../Drivers/STM32L4xx_HAL_Driver/Src/stm32l4xx_hal_dma_ex.c" -mcpu=cortex-m4 -std=gnu11 -g3 -DDEBUG -DUSE_HAL_DRIVER -DSTM32L4P5xx -c -I../Core/Inc -I../Drivers/STM32L4xx_HAL_Driver/Inc -I../Drivers/STM32L4xx_HAL_Driver/Inc/Legacy -I../Drivers/CMSIS/Device/ST/STM32L4xx/Include -I../Drivers/CMSIS/Include -O0 -ffunction-sections -fdata-sections -Wall -fstack-usage -MMD -MP -MF"Drivers/STM32L4xx_HAL_Driver/Src/stm32l4xx_hal_dma_ex.d" -MT"Drivers/STM32L4xx_HAL_Driver/Src/stm32l4xx_hal_dma_ex.o" --specs=nano.specs -mfpu=fpv4-sp-d16 -mfloat-abi=hard -mthumb -o "Drivers/STM32L4xx_HAL_Driver/Src/stm32l4xx_hal_dma_ex.o"
arm-none-eabi-gcc "../Drivers/STM32L4xx_HAL_Driver/Src/stm32l4xx_hal_exti.c" -mcpu=cortex-m4 -std=gnu11 -g3 -DDEBUG -DUSE_HAL_DRIVER -DSTM32L4P5xx -c -I../Core/Inc -I../Drivers/STM32L4xx_HAL_Driver/Inc -I../Drivers/STM32L4xx_HAL_Driver/Inc/Legacy -I../Drivers/CMSIS/Device/ST/STM32L4xx/Include -I../Drivers/CMSIS/Include -O0 -ffunction-sections -fdata-sections -Wall -fstack-usage -MMD -MP -MF"Drivers/STM32L4xx_HAL_Driver/Src/stm32l4xx_hal_exti.d" -MT"Drivers/STM32L4xx_HAL_Driver/Src/stm32l4xx_hal_exti.o" --specs=nano.specs -mfpu=fpv4-sp-d16 -mfloat-abi=hard -mthumb -o "Drivers/STM32L4xx_HAL_Driver/Src/stm32l4xx_hal_exti.o"
arm-none-eabi-gcc "../Drivers/STM32L4xx_HAL_Driver/Src/stm32l4xx_hal_flash.c" -mcpu=cortex-m4 -std=gnu11 -g3 -DDEBUG -DUSE_HAL_DRIVER -DSTM32L4P5xx -c -I../Core/Inc -I../Drivers/STM32L4xx_HAL_Driver/Inc -I../Drivers/STM32L4xx_HAL_Driver/Inc/Legacy -I../Drivers/CMSIS/Device/ST/STM32L4xx/Include -I../Drivers/CMSIS/Include -O0 -ffunction-sections -fdata-sections -Wall -fstack-usage -MMD -MP -MF"Drivers/STM32L4xx_HAL_Driver/Src/stm32l4xx_hal_flash.d" -MT"Drivers/STM32L4xx_HAL_Driver/Src/stm32l4xx_hal_flash.o" --specs=nano.specs -mfpu=fpv4-sp-d16 -mfloat-abi=hard -mthumb -o "Drivers/STM32L4xx_HAL_Driver/Src/stm32l4xx_hal_flash.o"
arm-none-eabi-gcc "../Drivers/STM32L4xx_HAL_Driver/Src/stm32l4xx_hal_flash_ex.c" -mcpu=cortex-m4 -std=gnu11 -g3 -DDEBUG -DUSE_HAL_DRIVER -DSTM32L4P5xx -c -I../Core/Inc -I../Drivers/STM32L4xx_HAL_Driver/Inc -I../Drivers/STM32L4xx_HAL_Driver/Inc/Legacy -I../Drivers/CMSIS/Device/ST/STM32L4xx/Include -I../Drivers/CMSIS/Include -O0 -ffunction-sections -fdata-sections -Wall -fstack-usage -MMD -MP -MF"Drivers/STM32L4xx_HAL_Driver/Src/stm32l4xx_hal_flash_ex.d" -MT"Drivers/STM32L4xx_HAL_Driver/Src/stm32l4xx_hal_flash_ex.o" --specs=nano.specs -mfpu=fpv4-sp-d16 -mfloat-abi=hard -mthumb -o "Drivers/STM32L4xx_HAL_Driver/Src/stm32l4xx_hal_flash_ex.o"
arm-none-eabi-gcc "../Drivers/STM32L4xx_HAL_Driver/Src/stm32l4xx_hal_flash_ramfunc.c" -mcpu=cortex-m4 -std=gnu11 -g3 -DDEBUG -DUSE_HAL_DRIVER -DSTM32L4P5xx -c -I../Core/Inc -I../Drivers/STM32L4xx_HAL_Driver/Inc -I../Drivers/STM32L4xx_HAL_Driver/Inc/Legacy -I../Drivers/CMSIS/Device/ST/STM32L4xx/Include -I../Drivers/CMSIS/Include -O0 -ffunction-sections -fdata-sections -Wall -fstack-usage -MMD -MP -MF"Drivers/STM32L4xx_HAL_Driver/Src/stm32l4xx_hal_flash_ramfunc.d" -MT"Drivers/STM32L4xx_HAL_Driver/Src/stm32l4xx_hal_flash_ramfunc.o" --specs=nano.specs -mfpu=fpv4-sp-d16 -mfloat-abi=hard -mthumb -o "Drivers/STM32L4xx_HAL_Driver/Src/stm32l4xx_hal_flash_ramfunc.o"
arm-none-eabi-gcc "../Drivers/STM32L4xx_HAL_Driver/Src/stm32l4xx_hal_gpio.c" -mcpu=cortex-m4 -std=gnu11 -g3 -DDEBUG -DUSE_HAL_DRIVER -DSTM32L4P5xx -c -I../Core/Inc -I../Drivers/STM32L4xx_HAL_Driver/Inc -I../Drivers/STM32L4xx_HAL_Driver/Inc/Legacy -I../Drivers/CMSIS/Device/ST/STM32L4xx/Include -I../Drivers/CMSIS/Include -O0 -ffunction-sections -fdata-sections -Wall -fstack-usage -MMD -MP -MF"Drivers/STM32L4xx_HAL_Driver/Src/stm32l4xx_hal_gpio.d" -MT"Drivers/STM32L4xx_HAL_Driver/Src/stm32l4xx_hal_gpio.o" --specs=nano.specs -mfpu=fpv4-sp-d16 -mfloat-abi=hard -mthumb -o "Drivers/STM32L4xx_HAL_Driver/Src/stm32l4xx_hal_gpio.o"
arm-none-eabi-gcc "../Drivers/STM32L4xx_HAL_Driver/Src/stm32l4xx_hal_i2c.c" -mcpu=cortex-m4 -std=gnu11 -g3 -DDEBUG -DUSE_HAL_DRIVER -DSTM32L4P5xx -c -I../Core/Inc -I../Drivers/STM32L4xx_HAL_Driver/Inc -I../Drivers/STM32L4xx_HAL_Driver/Inc/Legacy -I../Drivers/CMSIS/Device/ST/STM32L4xx/Include -I../Drivers/CMSIS/Include -O0 -ffunction-sections -fdata-sections -Wall -fstack-usage -MMD -MP -MF"Drivers/STM32L4xx_HAL_Driver/Src/stm32l4xx_hal_i2c.d" -MT"Drivers/STM32L4xx_HAL_Driver/Src/stm32l4xx_hal_i2c.o" --specs=nano.specs -mfpu=fpv4-sp-d16 -mfloat-abi=hard -mthumb -o "Drivers/STM32L4xx_HAL_Driver/Src/stm32l4xx_hal_i2c.o"
arm-none-eabi-gcc "../Drivers/STM32L4xx_HAL_Driver/Src/stm32l4xx_hal_i2c_ex.c" -mcpu=cortex-m4 -std=gnu11 -g3 -DDEBUG -DUSE_HAL_DRIVER -DSTM32L4P5xx -c -I../Core/Inc -I../Drivers/STM32L4xx_HAL_Driver/Inc -I../Drivers/STM32L4xx_HAL_Driver/Inc/Legacy -I../Drivers/CMSIS/Device/ST/STM32L4xx/Include -I../Drivers/CMSIS/Include -O0 -ffunction-sections -fdata-sections -Wall -fstack-usage -MMD -MP -MF"Drivers/STM32L4xx_HAL_Driver/Src/stm32l4xx_hal_i2c_ex.d" -MT"Drivers/STM32L4xx_HAL_Driver/Src/stm32l4xx_hal_i2c_ex.o" --specs=nano.specs -mfpu=fpv4-sp-d16 -mfloat-abi=hard -mthumb -o "Drivers/STM32L4xx_HAL_Driver/Src/stm32l4xx_hal_i2c_ex.o"
arm-none-eabi-gcc "../Drivers/STM32L4xx_HAL_Driver/Src/stm32l4xx_hal_pwr.c" -mcpu=cortex-m4 -std=gnu11 -g3 -DDEBUG -DUSE_HAL_DRIVER -DSTM32L4P5xx -c -I../Core/Inc -I../Drivers/STM32L4xx_HAL_Driver/Inc -I../Drivers/STM32L4xx_HAL_Driver/Inc/Legacy -I../Drivers/CMSIS/Device/ST/STM32L4xx/Include -I../Drivers/CMSIS/Include -O0 -ffunction-sections -fdata-sections -Wall -fstack-usage -MMD -MP -MF"Drivers/STM32L4xx_HAL_Driver/Src/stm32l4xx_hal_pwr.d" -MT"Drivers/STM32L4xx_HAL_Driver/Src/stm32l4xx_hal_pwr.o" --specs=nano.specs -mfpu=fpv4-sp-d16 -mfloat-abi=hard -mthumb -o "Drivers/STM32L4xx_HAL_Driver/Src/stm32l4xx_hal_pwr.o"
arm-none-eabi-gcc "../Drivers/STM32L4xx_HAL_Driver/Src/stm32l4xx_hal_pwr_ex.c" -mcpu=cortex-m4 -std=gnu11 -g3 -DDEBUG -DUSE_HAL_DRIVER -DSTM32L4P5xx -c -I../Core/Inc -I../Drivers/STM32L4xx_HAL_Driver/Inc -I../Drivers/STM32L4xx_HAL_Driver/Inc/Legacy -I../Drivers/CMSIS/Device/ST/STM32L4xx/Include -I../Drivers/CMSIS/Include -O0 -ffunction-sections -fdata-sections -Wall -fstack-usage -MMD -MP -MF"Drivers/STM32L4xx_HAL_Driver/Src/stm32l4xx_hal_pwr_ex.d" -MT"Drivers/STM32L4xx_HAL_Driver/Src/stm32l4xx_hal_pwr_ex.o" --specs=nano.specs -mfpu=fpv4-sp-d16 -mfloat-abi=hard -mthumb -o "Drivers/STM32L4xx_HAL_Driver/Src/stm32l4xx_hal_pwr_ex.o"
arm-none-eabi-gcc "../Drivers/STM32L4xx_HAL_Driver/Src/stm32l4xx_hal_rcc.c" -mcpu=cortex-m4 -std=gnu11 -g3 -DDEBUG -DUSE_HAL_DRIVER -DSTM32L4P5xx -c -I../Core/Inc -I../Drivers/STM32L4xx_HAL_Driver/Inc -I../Drivers/STM32L4xx_HAL_Driver/Inc/Legacy -I../Drivers/CMSIS/Device/ST/STM32L4xx/Include -I../Drivers/CMSIS/Include -O0 -ffunction-sections -fdata-sections -Wall -fstack-usage -MMD -MP -MF"Drivers/STM32L4xx_HAL_Driver/Src/stm32l4xx_hal_rcc.d" -MT"Drivers/STM32L4xx_HAL_Driver/Src/stm32l4xx_hal_rcc.o" --specs=nano.specs -mfpu=fpv4-sp-d16 -mfloat-abi=hard -mthumb -o "Drivers/STM32L4xx_HAL_Driver/Src/stm32l4xx_hal_rcc.o"
arm-none-eabi-gcc "../Drivers/STM32L4xx_HAL_Driver/Src/stm32l4xx_hal_rcc_ex.c" -mcpu=cortex-m4 -std=gnu11 -g3 -DDEBUG -DUSE_HAL_DRIVER -DSTM32L4P5xx -c -I../Core/Inc -I../Drivers/STM32L4xx_HAL_Driver/Inc -I../Drivers/STM32L4xx_HAL_Driver/Inc/Legacy -I../Drivers/CMSIS/Device/ST/STM32L4xx/Include -I../Drivers/CMSIS/Include -O0 -ffunction-sections -fdata-sections -Wall -fstack-usage -MMD -MP -MF"Drivers/STM32L4xx_HAL_Driver/Src/stm32l4xx_hal_rcc_ex.d" -MT"Drivers/STM32L4xx_HAL_Driver/Src/stm32l4xx_hal_rcc_ex.o" --specs=nano.specs -mfpu=fpv4-sp-d16 -mfloat-abi=hard -mthumb -o "Drivers/STM32L4xx_HAL_Driver/Src/stm32l4xx_hal_rcc_ex.o"
arm-none-eabi-gcc "../Drivers/STM32L4xx_HAL_Driver/Src/stm32l4xx_hal_tim.c" -mcpu=cortex-m4 -std=gnu11 -g3 -DDEBUG -DUSE_HAL_DRIVER -DSTM32L4P5xx -c -I../Core/Inc -I../Drivers/STM32L4xx_HAL_Driver/Inc -I../Drivers/STM32L4xx_HAL_Driver/Inc/Legacy -I../Drivers/CMSIS/Device/ST/STM32L4xx/Include -I../Drivers/CMSIS/Include -O0 -ffunction-sections -fdata-sections -Wall -fstack-usage -MMD -MP -MF"Drivers/STM32L4xx_HAL_Driver/Src/stm32l4xx_hal_tim.d" -MT"Drivers/STM32L4xx_HAL_Driver/Src/stm32l4xx_hal_tim.o" --specs=nano.specs -mfpu=fpv4-sp-d16 -mfloat-abi=hard -mthumb -o "Drivers/STM32L4xx_HAL_Driver/Src/stm32l4xx_hal_tim.o"
arm-none-eabi-gcc "../Drivers/STM32L4xx_HAL_Driver/Src/stm32l4xx_hal_tim_ex.c" -mcpu=cortex-m4 -std=gnu11 -g3 -DDEBUG -DUSE_HAL_DRIVER -DSTM32L4P5xx -c -I../Core/Inc -I../Drivers/STM32L4xx_HAL_Driver/Inc -I../Drivers/STM32L4xx_HAL_Driver/Inc/Legacy -I../Drivers/CMSIS/Device/ST/STM32L4xx/Include -I../Drivers/CMSIS/Include -O0 -ffunction-sections -fdata-sections -Wall -fstack-usage -MMD -MP -MF"Drivers/STM32L4xx_HAL_Driver/Src/stm32l4xx_hal_tim_ex.d" -MT"Drivers/STM32L4xx_HAL_Driver/Src/stm32l4xx_hal_tim_ex.o" --specs=nano.specs -mfpu=fpv4-sp-d16 -mfloat-abi=hard -mthumb -o "Drivers/STM32L4xx_HAL_Driver/Src/stm32l4xx_hal_tim_ex.o"
arm-none-eabi-g++ "../Core/Src/main.cpp" -mcpu=cortex-m4 -std=gnu++20 -g3 -DDEBUG -DUSE_HAL_DRIVER -DSTM32L4P5xx -c -I../Core/Inc -I"C:/Users/konra/Desktop/przeprowadzka/PUTMotorsport/PUTM_EV_CAN_LIBRARY" -IC:/Users/konra/Desktop/przeprowadzka/PUTMotorsport/PUTM_EV_CAN_LIBRARY/lib -I../Drivers/STM32L4xx_HAL_Driver/Inc -I../Drivers/STM32L4xx_HAL_Driver/Inc/Legacy -I../Drivers/CMSIS/Device/ST/STM32L4xx/Include -I../Drivers/CMSIS/Include -Og -ffunction-sections -fdata-sections -fno-exceptions -fno-rtti -fno-use-cxa-atexit -Wall -fstack-usage -MMD -MP -MF"Core/Src/main.d" -MT"Core/Src/main.o" --specs=nano.specs -mfpu=fpv4-sp-d16 -mfloat-abi=hard -mthumb -o "Core/Src/main.o"
arm-none-eabi-gcc "../Core/Src/stm32l4xx_hal_msp.c" -mcpu=cortex-m4 -std=gnu11 -g3 -DDEBUG -DUSE_HAL_DRIVER -DSTM32L4P5xx -c -I../Core/Inc -I../Drivers/STM32L4xx_HAL_Driver/Inc -I../Drivers/STM32L4xx_HAL_Driver/Inc/Legacy -I../Drivers/CMSIS/Device/ST/STM32L4xx/Include -I../Drivers/CMSIS/Include -O0 -ffunction-sections -fdata-sections -Wall -fstack-usage -MMD -MP -MF"Core/Src/stm32l4xx_hal_msp.d" -MT"Core/Src/stm32l4xx_hal_msp.o" --specs=nano.specs -mfpu=fpv4-sp-d16 -mfloat-abi=hard -mthumb -o "Core/Src/stm32l4xx_hal_msp.o"
arm-none-eabi-gcc "../Core/Src/stm32l4xx_hal_timebase_tim.c" -mcpu=cortex-m4 -std=gnu11 -g3 -DDEBUG -DUSE_HAL_DRIVER -DSTM32L4P5xx -c -I../Core/Inc -I../Drivers/STM32L4xx_HAL_Driver/Inc -I../Drivers/STM32L4xx_HAL_Driver/Inc/Legacy -I../Drivers/CMSIS/Device/ST/STM32L4xx/Include -I../Drivers/CMSIS/Include -O0 -ffunction-sections -fdata-sections -Wall -fstack-usage -MMD -MP -MF"Core/Src/stm32l4xx_hal_timebase_tim.d" -MT"Core/Src/stm32l4xx_hal_timebase_tim.o" --specs=nano.specs -mfpu=fpv4-sp-d16 -mfloat-abi=hard -mthumb -o "Core/Src/stm32l4xx_hal_timebase_tim.o"
arm-none-eabi-gcc "../Core/Src/stm32l4xx_it.c" -mcpu=cortex-m4 -std=gnu11 -g3 -DDEBUG -DUSE_HAL_DRIVER -DSTM32L4P5xx -c -I../Core/Inc -I../Drivers/STM32L4xx_HAL_Driver/Inc -I../Drivers/STM32L4xx_HAL_Driver/Inc/Legacy -I../Drivers/CMSIS/Device/ST/STM32L4xx/Include -I../Drivers/CMSIS/Include -O0 -ffunction-sections -fdata-sections -Wall -fstack-usage -MMD -MP -MF"Core/Src/stm32l4xx_it.d" -MT"Core/Src/stm32l4xx_it.o" --specs=nano.specs -mfpu=fpv4-sp-d16 -mfloat-abi=hard -mthumb -o "Core/Src/stm32l4xx_it.o"
In file included from ../Drivers/CMSIS/Include/core_cm4.h:1955,
                 from ../Drivers/CMSIS/Device/ST/STM32L4xx/Include/stm32l4p5xx.h:170,
                 from ../Drivers/CMSIS/Device/ST/STM32L4xx/Include/stm32l4xx.h:159,
                 from ../Drivers/STM32L4xx_HAL_Driver/Inc/stm32l4xx_hal_def.h:29,
                 from ../Drivers/STM32L4xx_HAL_Driver/Inc/stm32l4xx_hal_rcc.h:27,
                 from ../Core/Inc/stm32l4xx_hal_conf.h:258,
                 from ../Drivers/STM32L4xx_HAL_Driver/Inc/stm32l4xx_hal.h:29,
                 from ../Core/Inc/main.h:31,
                 from ../Core/Src/main.cpp:21:
../Drivers/CMSIS/Include/mpu_armv7.h: In function 'void ARM_MPU_Enable(uint32_t)':
../Drivers/CMSIS/Include/mpu_armv7.h:195:14: warning: compound assignment with 'volatile'-qualified left operand is deprecated [-Wvolatile]
  195 |   SCB->SHCSR |= SCB_SHCSR_MEMFAULTENA_Msk;
../Drivers/CMSIS/Include/mpu_armv7.h: In function 'void ARM_MPU_Disable()':
../Drivers/CMSIS/Include/mpu_armv7.h:207:14: warning: compound assignment with 'volatile'-qualified left operand is deprecated [-Wvolatile]
  207 |   SCB->SHCSR &= ~SCB_SHCSR_MEMFAULTENA_Msk;
../Drivers/CMSIS/Include/mpu_armv7.h:209:14: warning: compound assignment with 'volatile'-qualified left operand is deprecated [-Wvolatile]
  209 |   MPU->CTRL  &= ~MPU_CTRL_ENABLE_Msk;
In file included from ../Drivers/STM32L4xx_HAL_Driver/Inc/stm32l4xx_hal_def.h:29,
                 from ../Drivers/STM32L4xx_HAL_Driver/Inc/stm32l4xx_hal_rcc.h:27,
                 from ../Core/Inc/stm32l4xx_hal_conf.h:258,
                 from ../Drivers/STM32L4xx_HAL_Driver/Inc/stm32l4xx_hal.h:29,
                 from ../Core/Inc/main.h:31,
                 from ../Core/Src/main.cpp:21:
../Drivers/STM32L4xx_HAL_Driver/Inc/stm32l4xx_ll_adc.h: In function 'void LL_ADC_SetCommonPathInternalChAdd(ADC_Common_TypeDef*, uint32_t)':
../Drivers/CMSIS/Device/ST/STM32L4xx/Include/stm32l4xx.h:212:38: warning: compound assignment with 'volatile'-qualified left operand is deprecated [-Wvolatile]
  212 | #define SET_BIT(REG, BIT)     ((REG) |= (BIT))
      |                                ~~~~~~^~~~~~~~
../Drivers/STM32L4xx_HAL_Driver/Inc/stm32l4xx_ll_adc.h:2546:3: note: in expansion of macro 'SET_BIT'
 2546 |   SET_BIT(ADCxy_COMMON->CCR, PathInternal);
      |   ^~~~~~~
../Drivers/STM32L4xx_HAL_Driver/Inc/stm32l4xx_ll_adc.h: In function 'void LL_ADC_SetCommonPathInternalChRem(ADC_Common_TypeDef*, uint32_t)':
../Drivers/CMSIS/Device/ST/STM32L4xx/Include/stm32l4xx.h:214:38: warning: compound assignment with 'volatile'-qualified left operand is deprecated [-Wvolatile]
  214 | #define CLEAR_BIT(REG, BIT)   ((REG) &= ~(BIT))
      |                                ~~~~~~^~~~~~~~~
../Drivers/STM32L4xx_HAL_Driver/Inc/stm32l4xx_ll_adc.h:2570:3: note: in expansion of macro 'CLEAR_BIT'
 2570 |   CLEAR_BIT(ADCxy_COMMON->CCR, PathInternal);
      |   ^~~~~~~~~
../Drivers/STM32L4xx_HAL_Driver/Inc/stm32l4xx_ll_adc.h: In function 'void LL_ADC_DisableDeepPowerDown(ADC_TypeDef*)':
../Drivers/CMSIS/Device/ST/STM32L4xx/Include/stm32l4xx.h:214:38: warning: compound assignment with 'volatile'-qualified left operand is deprecated [-Wvolatile]
  214 | #define CLEAR_BIT(REG, BIT)   ((REG) &= ~(BIT))
      |                                ~~~~~~^~~~~~~~~
../Drivers/STM32L4xx_HAL_Driver/Inc/stm32l4xx_ll_adc.h:5930:3: note: in expansion of macro 'CLEAR_BIT'
 5930 |   CLEAR_BIT(ADCx->CR, (ADC_CR_DEEPPWD | ADC_CR_BITS_PROPERTY_RS));
      |   ^~~~~~~~~
../Drivers/STM32L4xx_HAL_Driver/Inc/stm32l4xx_ll_adc.h: In function 'void LL_ADC_DisableInternalRegulator(ADC_TypeDef*)':
../Drivers/CMSIS/Device/ST/STM32L4xx/Include/stm32l4xx.h:214:38: warning: compound assignment with 'volatile'-qualified left operand is deprecated [-Wvolatile]
  214 | #define CLEAR_BIT(REG, BIT)   ((REG) &= ~(BIT))
      |                                ~~~~~~^~~~~~~~~
../Drivers/STM32L4xx_HAL_Driver/Inc/stm32l4xx_ll_adc.h:5979:3: note: in expansion of macro 'CLEAR_BIT'
 5979 |   CLEAR_BIT(ADCx->CR, (ADC_CR_ADVREGEN | ADC_CR_BITS_PROPERTY_RS));
      |   ^~~~~~~~~
../Drivers/STM32L4xx_HAL_Driver/Inc/stm32l4xx_ll_adc.h: In function 'void LL_ADC_EnableIT_ADRDY(ADC_TypeDef*)':
../Drivers/CMSIS/Device/ST/STM32L4xx/Include/stm32l4xx.h:212:38: warning: compound assignment with 'volatile'-qualified left operand is deprecated [-Wvolatile]
  212 | #define SET_BIT(REG, BIT)     ((REG) |= (BIT))
      |                                ~~~~~~^~~~~~~~
../Drivers/STM32L4xx_HAL_Driver/Inc/stm32l4xx_ll_adc.h:7041:3: note: in expansion of macro 'SET_BIT'
 7041 |   SET_BIT(ADCx->IER, LL_ADC_IT_ADRDY);
      |   ^~~~~~~
../Drivers/STM32L4xx_HAL_Driver/Inc/stm32l4xx_ll_adc.h: In function 'void LL_ADC_EnableIT_EOC(ADC_TypeDef*)':
../Drivers/CMSIS/Device/ST/STM32L4xx/Include/stm32l4xx.h:212:38: warning: compound assignment with 'volatile'-qualified left operand is deprecated [-Wvolatile]
  212 | #define SET_BIT(REG, BIT)     ((REG) |= (BIT))
      |                                ~~~~~~^~~~~~~~
../Drivers/STM32L4xx_HAL_Driver/Inc/stm32l4xx_ll_adc.h:7052:3: note: in expansion of macro 'SET_BIT'
 7052 |   SET_BIT(ADCx->IER, LL_ADC_IT_EOC);
      |   ^~~~~~~
../Drivers/STM32L4xx_HAL_Driver/Inc/stm32l4xx_ll_adc.h: In function 'void LL_ADC_EnableIT_EOS(ADC_TypeDef*)':
../Drivers/CMSIS/Device/ST/STM32L4xx/Include/stm32l4xx.h:212:38: warning: compound assignment with 'volatile'-qualified left operand is deprecated [-Wvolatile]
  212 | #define SET_BIT(REG, BIT)     ((REG) |= (BIT))
      |                                ~~~~~~^~~~~~~~
../Drivers/STM32L4xx_HAL_Driver/Inc/stm32l4xx_ll_adc.h:7063:3: note: in expansion of macro 'SET_BIT'
 7063 |   SET_BIT(ADCx->IER, LL_ADC_IT_EOS);
      |   ^~~~~~~
../Drivers/STM32L4xx_HAL_Driver/Inc/stm32l4xx_ll_adc.h: In function 'void LL_ADC_EnableIT_OVR(ADC_TypeDef*)':
../Drivers/CMSIS/Device/ST/STM32L4xx/Include/stm32l4xx.h:212:38: warning: compound assignment with 'volatile'-qualified left operand is deprecated [-Wvolatile]
  212 | #define SET_BIT(REG, BIT)     ((REG) |= (BIT))
      |                                ~~~~~~^~~~~~~~
../Drivers/STM32L4xx_HAL_Driver/Inc/stm32l4xx_ll_adc.h:7074:3: note: in expansion of macro 'SET_BIT'
 7074 |   SET_BIT(ADCx->IER, LL_ADC_IT_OVR);
      |   ^~~~~~~
../Drivers/STM32L4xx_HAL_Driver/Inc/stm32l4xx_ll_adc.h: In function 'void LL_ADC_EnableIT_EOSMP(ADC_TypeDef*)':
../Drivers/CMSIS/Device/ST/STM32L4xx/Include/stm32l4xx.h:212:38: warning: compound assignment with 'volatile'-qualified left operand is deprecated [-Wvolatile]
  212 | #define SET_BIT(REG, BIT)     ((REG) |= (BIT))
      |                                ~~~~~~^~~~~~~~
../Drivers/STM32L4xx_HAL_Driver/Inc/stm32l4xx_ll_adc.h:7085:3: note: in expansion of macro 'SET_BIT'
 7085 |   SET_BIT(ADCx->IER, LL_ADC_IT_EOSMP);
      |   ^~~~~~~
../Drivers/STM32L4xx_HAL_Driver/Inc/stm32l4xx_ll_adc.h: In function 'void LL_ADC_EnableIT_JEOC(ADC_TypeDef*)':
../Drivers/CMSIS/Device/ST/STM32L4xx/Include/stm32l4xx.h:212:38: warning: compound assignment with 'volatile'-qualified left operand is deprecated [-Wvolatile]
  212 | #define SET_BIT(REG, BIT)     ((REG) |= (BIT))
      |                                ~~~~~~^~~~~~~~
../Drivers/STM32L4xx_HAL_Driver/Inc/stm32l4xx_ll_adc.h:7096:3: note: in expansion of macro 'SET_BIT'
 7096 |   SET_BIT(ADCx->IER, LL_ADC_IT_JEOC);
      |   ^~~~~~~
../Drivers/STM32L4xx_HAL_Driver/Inc/stm32l4xx_ll_adc.h: In function 'void LL_ADC_EnableIT_JEOS(ADC_TypeDef*)':
../Drivers/CMSIS/Device/ST/STM32L4xx/Include/stm32l4xx.h:212:38: warning: compound assignment with 'volatile'-qualified left operand is deprecated [-Wvolatile]
  212 | #define SET_BIT(REG, BIT)     ((REG) |= (BIT))
      |                                ~~~~~~^~~~~~~~
../Drivers/STM32L4xx_HAL_Driver/Inc/stm32l4xx_ll_adc.h:7107:3: note: in expansion of macro 'SET_BIT'
 7107 |   SET_BIT(ADCx->IER, LL_ADC_IT_JEOS);
      |   ^~~~~~~
../Drivers/STM32L4xx_HAL_Driver/Inc/stm32l4xx_ll_adc.h: In function 'void LL_ADC_EnableIT_JQOVF(ADC_TypeDef*)':
../Drivers/CMSIS/Device/ST/STM32L4xx/Include/stm32l4xx.h:212:38: warning: compound assignment with 'volatile'-qualified left operand is deprecated [-Wvolatile]
  212 | #define SET_BIT(REG, BIT)     ((REG) |= (BIT))
      |                                ~~~~~~^~~~~~~~
../Drivers/STM32L4xx_HAL_Driver/Inc/stm32l4xx_ll_adc.h:7118:3: note: in expansion of macro 'SET_BIT'
 7118 |   SET_BIT(ADCx->IER, LL_ADC_IT_JQOVF);
      |   ^~~~~~~
../Drivers/STM32L4xx_HAL_Driver/Inc/stm32l4xx_ll_adc.h: In function 'void LL_ADC_EnableIT_AWD1(ADC_TypeDef*)':
../Drivers/CMSIS/Device/ST/STM32L4xx/Include/stm32l4xx.h:212:38: warning: compound assignment with 'volatile'-qualified left operand is deprecated [-Wvolatile]
  212 | #define SET_BIT(REG, BIT)     ((REG) |= (BIT))
      |                                ~~~~~~^~~~~~~~
../Drivers/STM32L4xx_HAL_Driver/Inc/stm32l4xx_ll_adc.h:7129:3: note: in expansion of macro 'SET_BIT'
 7129 |   SET_BIT(ADCx->IER, LL_ADC_IT_AWD1);
      |   ^~~~~~~
../Drivers/STM32L4xx_HAL_Driver/Inc/stm32l4xx_ll_adc.h: In function 'void LL_ADC_EnableIT_AWD2(ADC_TypeDef*)':
../Drivers/CMSIS/Device/ST/STM32L4xx/Include/stm32l4xx.h:212:38: warning: compound assignment with 'volatile'-qualified left operand is deprecated [-Wvolatile]
  212 | #define SET_BIT(REG, BIT)     ((REG) |= (BIT))
      |                                ~~~~~~^~~~~~~~
../Drivers/STM32L4xx_HAL_Driver/Inc/stm32l4xx_ll_adc.h:7140:3: note: in expansion of macro 'SET_BIT'
 7140 |   SET_BIT(ADCx->IER, LL_ADC_IT_AWD2);
      |   ^~~~~~~
../Drivers/STM32L4xx_HAL_Driver/Inc/stm32l4xx_ll_adc.h: In function 'void LL_ADC_EnableIT_AWD3(ADC_TypeDef*)':
../Drivers/CMSIS/Device/ST/STM32L4xx/Include/stm32l4xx.h:212:38: warning: compound assignment with 'volatile'-qualified left operand is deprecated [-Wvolatile]
  212 | #define SET_BIT(REG, BIT)     ((REG) |= (BIT))
      |                                ~~~~~~^~~~~~~~
../Drivers/STM32L4xx_HAL_Driver/Inc/stm32l4xx_ll_adc.h:7151:3: note: in expansion of macro 'SET_BIT'
 7151 |   SET_BIT(ADCx->IER, LL_ADC_IT_AWD3);
      |   ^~~~~~~
../Drivers/STM32L4xx_HAL_Driver/Inc/stm32l4xx_ll_adc.h: In function 'void LL_ADC_DisableIT_ADRDY(ADC_TypeDef*)':
../Drivers/CMSIS/Device/ST/STM32L4xx/Include/stm32l4xx.h:214:38: warning: compound assignment with 'volatile'-qualified left operand is deprecated [-Wvolatile]
  214 | #define CLEAR_BIT(REG, BIT)   ((REG) &= ~(BIT))
      |                                ~~~~~~^~~~~~~~~
../Drivers/STM32L4xx_HAL_Driver/Inc/stm32l4xx_ll_adc.h:7162:3: note: in expansion of macro 'CLEAR_BIT'
 7162 |   CLEAR_BIT(ADCx->IER, LL_ADC_IT_ADRDY);
      |   ^~~~~~~~~
../Drivers/STM32L4xx_HAL_Driver/Inc/stm32l4xx_ll_adc.h: In function 'void LL_ADC_DisableIT_EOC(ADC_TypeDef*)':
../Drivers/CMSIS/Device/ST/STM32L4xx/Include/stm32l4xx.h:214:38: warning: compound assignment with 'volatile'-qualified left operand is deprecated [-Wvolatile]
  214 | #define CLEAR_BIT(REG, BIT)   ((REG) &= ~(BIT))
      |                                ~~~~~~^~~~~~~~~
../Drivers/STM32L4xx_HAL_Driver/Inc/stm32l4xx_ll_adc.h:7173:3: note: in expansion of macro 'CLEAR_BIT'
 7173 |   CLEAR_BIT(ADCx->IER, LL_ADC_IT_EOC);
      |   ^~~~~~~~~
../Drivers/STM32L4xx_HAL_Driver/Inc/stm32l4xx_ll_adc.h: In function 'void LL_ADC_DisableIT_EOS(ADC_TypeDef*)':
../Drivers/CMSIS/Device/ST/STM32L4xx/Include/stm32l4xx.h:214:38: warning: compound assignment with 'volatile'-qualified left operand is deprecated [-Wvolatile]
  214 | #define CLEAR_BIT(REG, BIT)   ((REG) &= ~(BIT))
      |                                ~~~~~~^~~~~~~~~
../Drivers/STM32L4xx_HAL_Driver/Inc/stm32l4xx_ll_adc.h:7184:3: note: in expansion of macro 'CLEAR_BIT'
 7184 |   CLEAR_BIT(ADCx->IER, LL_ADC_IT_EOS);
      |   ^~~~~~~~~
../Drivers/STM32L4xx_HAL_Driver/Inc/stm32l4xx_ll_adc.h: In function 'void LL_ADC_DisableIT_OVR(ADC_TypeDef*)':
../Drivers/CMSIS/Device/ST/STM32L4xx/Include/stm32l4xx.h:214:38: warning: compound assignment with 'volatile'-qualified left operand is deprecated [-Wvolatile]
  214 | #define CLEAR_BIT(REG, BIT)   ((REG) &= ~(BIT))
      |                                ~~~~~~^~~~~~~~~
../Drivers/STM32L4xx_HAL_Driver/Inc/stm32l4xx_ll_adc.h:7195:3: note: in expansion of macro 'CLEAR_BIT'
 7195 |   CLEAR_BIT(ADCx->IER, LL_ADC_IT_OVR);
      |   ^~~~~~~~~
../Drivers/STM32L4xx_HAL_Driver/Inc/stm32l4xx_ll_adc.h: In function 'void LL_ADC_DisableIT_EOSMP(ADC_TypeDef*)':
../Drivers/CMSIS/Device/ST/STM32L4xx/Include/stm32l4xx.h:214:38: warning: compound assignment with 'volatile'-qualified left operand is deprecated [-Wvolatile]
  214 | #define CLEAR_BIT(REG, BIT)   ((REG) &= ~(BIT))
      |                                ~~~~~~^~~~~~~~~
../Drivers/STM32L4xx_HAL_Driver/Inc/stm32l4xx_ll_adc.h:7206:3: note: in expansion of macro 'CLEAR_BIT'
 7206 |   CLEAR_BIT(ADCx->IER, LL_ADC_IT_EOSMP);
      |   ^~~~~~~~~
../Drivers/STM32L4xx_HAL_Driver/Inc/stm32l4xx_ll_adc.h: In function 'void LL_ADC_DisableIT_JEOC(ADC_TypeDef*)':
../Drivers/CMSIS/Device/ST/STM32L4xx/Include/stm32l4xx.h:214:38: warning: compound assignment with 'volatile'-qualified left operand is deprecated [-Wvolatile]
  214 | #define CLEAR_BIT(REG, BIT)   ((REG) &= ~(BIT))
      |                                ~~~~~~^~~~~~~~~
../Drivers/STM32L4xx_HAL_Driver/Inc/stm32l4xx_ll_adc.h:7217:3: note: in expansion of macro 'CLEAR_BIT'
 7217 |   CLEAR_BIT(ADCx->IER, LL_ADC_IT_JEOC);
      |   ^~~~~~~~~
../Drivers/STM32L4xx_HAL_Driver/Inc/stm32l4xx_ll_adc.h: In function 'void LL_ADC_DisableIT_JEOS(ADC_TypeDef*)':
../Drivers/CMSIS/Device/ST/STM32L4xx/Include/stm32l4xx.h:214:38: warning: compound assignment with 'volatile'-qualified left operand is deprecated [-Wvolatile]
  214 | #define CLEAR_BIT(REG, BIT)   ((REG) &= ~(BIT))
      |                                ~~~~~~^~~~~~~~~
../Drivers/STM32L4xx_HAL_Driver/Inc/stm32l4xx_ll_adc.h:7228:3: note: in expansion of macro 'CLEAR_BIT'
 7228 |   CLEAR_BIT(ADCx->IER, LL_ADC_IT_JEOS);
      |   ^~~~~~~~~
../Drivers/STM32L4xx_HAL_Driver/Inc/stm32l4xx_ll_adc.h: In function 'void LL_ADC_DisableIT_JQOVF(ADC_TypeDef*)':
../Drivers/CMSIS/Device/ST/STM32L4xx/Include/stm32l4xx.h:214:38: warning: compound assignment with 'volatile'-qualified left operand is deprecated [-Wvolatile]
  214 | #define CLEAR_BIT(REG, BIT)   ((REG) &= ~(BIT))
      |                                ~~~~~~^~~~~~~~~
../Drivers/STM32L4xx_HAL_Driver/Inc/stm32l4xx_ll_adc.h:7239:3: note: in expansion of macro 'CLEAR_BIT'
 7239 |   CLEAR_BIT(ADCx->IER, LL_ADC_IT_JQOVF);
      |   ^~~~~~~~~
../Drivers/STM32L4xx_HAL_Driver/Inc/stm32l4xx_ll_adc.h: In function 'void LL_ADC_DisableIT_AWD1(ADC_TypeDef*)':
../Drivers/CMSIS/Device/ST/STM32L4xx/Include/stm32l4xx.h:214:38: warning: compound assignment with 'volatile'-qualified left operand is deprecated [-Wvolatile]
  214 | #define CLEAR_BIT(REG, BIT)   ((REG) &= ~(BIT))
      |                                ~~~~~~^~~~~~~~~
../Drivers/STM32L4xx_HAL_Driver/Inc/stm32l4xx_ll_adc.h:7250:3: note: in expansion of macro 'CLEAR_BIT'
 7250 |   CLEAR_BIT(ADCx->IER, LL_ADC_IT_AWD1);
      |   ^~~~~~~~~
../Drivers/STM32L4xx_HAL_Driver/Inc/stm32l4xx_ll_adc.h: In function 'void LL_ADC_DisableIT_AWD2(ADC_TypeDef*)':
../Drivers/CMSIS/Device/ST/STM32L4xx/Include/stm32l4xx.h:214:38: warning: compound assignment with 'volatile'-qualified left operand is deprecated [-Wvolatile]
  214 | #define CLEAR_BIT(REG, BIT)   ((REG) &= ~(BIT))
      |                                ~~~~~~^~~~~~~~~
../Drivers/STM32L4xx_HAL_Driver/Inc/stm32l4xx_ll_adc.h:7261:3: note: in expansion of macro 'CLEAR_BIT'
 7261 |   CLEAR_BIT(ADCx->IER, LL_ADC_IT_AWD2);
      |   ^~~~~~~~~
../Drivers/STM32L4xx_HAL_Driver/Inc/stm32l4xx_ll_adc.h: In function 'void LL_ADC_DisableIT_AWD3(ADC_TypeDef*)':
../Drivers/CMSIS/Device/ST/STM32L4xx/Include/stm32l4xx.h:214:38: warning: compound assignment with 'volatile'-qualified left operand is deprecated [-Wvolatile]
  214 | #define CLEAR_BIT(REG, BIT)   ((REG) &= ~(BIT))
      |                                ~~~~~~^~~~~~~~~
../Drivers/STM32L4xx_HAL_Driver/Inc/stm32l4xx_ll_adc.h:7272:3: note: in expansion of macro 'CLEAR_BIT'
 7272 |   CLEAR_BIT(ADCx->IER, LL_ADC_IT_AWD3);
      |   ^~~~~~~~~
arm-none-eabi-gcc "../Core/Src/system_stm32l4xx.c" -mcpu=cortex-m4 -std=gnu11 -g3 -DDEBUG -DUSE_HAL_DRIVER -DSTM32L4P5xx -c -I../Core/Inc -I../Drivers/STM32L4xx_HAL_Driver/Inc -I../Drivers/STM32L4xx_HAL_Driver/Inc/Legacy -I../Drivers/CMSIS/Device/ST/STM32L4xx/Include -I../Drivers/CMSIS/Include -O0 -ffunction-sections -fdata-sections -Wall -fstack-usage -MMD -MP -MF"Core/Src/system_stm32l4xx.d" -MT"Core/Src/system_stm32l4xx.o" --specs=nano.specs -mfpu=fpv4-sp-d16 -mfloat-abi=hard -mthumb -o "Core/Src/system_stm32l4xx.o"
../Core/Src/main.cpp: In function 'void MX_DMA_Init()':
../Drivers/CMSIS/Device/ST/STM32L4xx/Include/stm32l4xx.h:212:38: warning: compound assignment with 'volatile'-qualified left operand is deprecated [-Wvolatile]
  212 | #define SET_BIT(REG, BIT)     ((REG) |= (BIT))
      |                                ~~~~~~^~~~~~~~
../Drivers/STM32L4xx_HAL_Driver/Inc/stm32l4xx_hal_rcc.h:656:50: note: in expansion of macro 'SET_BIT'
  656 |                                                  SET_BIT(RCC->AHB1ENR, RCC_AHB1ENR_DMAMUX1EN); \
      |                                                  ^~~~~~~
../Core/Src/main.cpp:426:3: note: in expansion of macro '__HAL_RCC_DMAMUX1_CLK_ENABLE'
  426 |   __HAL_RCC_DMAMUX1_CLK_ENABLE();
      |   ^~~~~~~~~~~~~~~~~~~~~~~~~~~~
../Drivers/CMSIS/Device/ST/STM32L4xx/Include/stm32l4xx.h:212:38: warning: compound assignment with 'volatile'-qualified left operand is deprecated [-Wvolatile]
  212 | #define SET_BIT(REG, BIT)     ((REG) |= (BIT))
      |                                ~~~~~~^~~~~~~~
../Drivers/STM32L4xx_HAL_Driver/Inc/stm32l4xx_hal_rcc.h:639:50: note: in expansion of macro 'SET_BIT'
  639 |                                                  SET_BIT(RCC->AHB1ENR, RCC_AHB1ENR_DMA1EN); \
      |                                                  ^~~~~~~
../Core/Src/main.cpp:427:3: note: in expansion of macro '__HAL_RCC_DMA1_CLK_ENABLE'
  427 |   __HAL_RCC_DMA1_CLK_ENABLE();
      |   ^~~~~~~~~~~~~~~~~~~~~~~~~
../Drivers/CMSIS/Device/ST/STM32L4xx/Include/stm32l4xx.h:212:38: warning: compound assignment with 'volatile'-qualified left operand is deprecated [-Wvolatile]
  212 | #define SET_BIT(REG, BIT)     ((REG) |= (BIT))
      |                                ~~~~~~^~~~~~~~
../Drivers/STM32L4xx_HAL_Driver/Inc/stm32l4xx_hal_rcc.h:647:50: note: in expansion of macro 'SET_BIT'
  647 |                                                  SET_BIT(RCC->AHB1ENR, RCC_AHB1ENR_DMA2EN); \
      |                                                  ^~~~~~~
../Core/Src/main.cpp:428:3: note: in expansion of macro '__HAL_RCC_DMA2_CLK_ENABLE'
  428 |   __HAL_RCC_DMA2_CLK_ENABLE();
      |   ^~~~~~~~~~~~~~~~~~~~~~~~~
../Core/Src/main.cpp: In function 'void MX_GPIO_Init()':
../Drivers/CMSIS/Device/ST/STM32L4xx/Include/stm32l4xx.h:212:38: warning: compound assignment with 'volatile'-qualified left operand is deprecated [-Wvolatile]
  212 | #define SET_BIT(REG, BIT)     ((REG) |= (BIT))
      |                                ~~~~~~^~~~~~~~
../Drivers/STM32L4xx_HAL_Driver/Inc/stm32l4xx_hal_rcc.h:808:50: note: in expansion of macro 'SET_BIT'
  808 |                                                  SET_BIT(RCC->AHB2ENR, RCC_AHB2ENR_GPIOHEN); \
      |                                                  ^~~~~~~
../Core/Src/main.cpp:450:3: note: in expansion of macro '__HAL_RCC_GPIOH_CLK_ENABLE'
  450 |   __HAL_RCC_GPIOH_CLK_ENABLE();
      |   ^~~~~~~~~~~~~~~~~~~~~~~~~~
../Drivers/CMSIS/Device/ST/STM32L4xx/Include/stm32l4xx.h:212:38: warning: compound assignment with 'volatile'-qualified left operand is deprecated [-Wvolatile]
  212 | #define SET_BIT(REG, BIT)     ((REG) |= (BIT))
      |                                ~~~~~~^~~~~~~~
../Drivers/STM32L4xx_HAL_Driver/Inc/stm32l4xx_hal_rcc.h:744:50: note: in expansion of macro 'SET_BIT'
  744 |                                                  SET_BIT(RCC->AHB2ENR, RCC_AHB2ENR_GPIOAEN); \
      |                                                  ^~~~~~~
../Core/Src/main.cpp:451:3: note: in expansion of macro '__HAL_RCC_GPIOA_CLK_ENABLE'
  451 |   __HAL_RCC_GPIOA_CLK_ENABLE();
      |   ^~~~~~~~~~~~~~~~~~~~~~~~~~
../Drivers/CMSIS/Device/ST/STM32L4xx/Include/stm32l4xx.h:212:38: warning: compound assignment with 'volatile'-qualified left operand is deprecated [-Wvolatile]
  212 | #define SET_BIT(REG, BIT)     ((REG) |= (BIT))
      |                                ~~~~~~^~~~~~~~
../Drivers/STM32L4xx_HAL_Driver/Inc/stm32l4xx_hal_rcc.h:760:50: note: in expansion of macro 'SET_BIT'
  760 |                                                  SET_BIT(RCC->AHB2ENR, RCC_AHB2ENR_GPIOCEN); \
      |                                                  ^~~~~~~
../Core/Src/main.cpp:452:3: note: in expansion of macro '__HAL_RCC_GPIOC_CLK_ENABLE'
  452 |   __HAL_RCC_GPIOC_CLK_ENABLE();
      |   ^~~~~~~~~~~~~~~~~~~~~~~~~~
../Drivers/CMSIS/Device/ST/STM32L4xx/Include/stm32l4xx.h:212:38: warning: compound assignment with 'volatile'-qualified left operand is deprecated [-Wvolatile]
  212 | #define SET_BIT(REG, BIT)     ((REG) |= (BIT))
      |                                ~~~~~~^~~~~~~~
../Drivers/STM32L4xx_HAL_Driver/Inc/stm32l4xx_hal_rcc.h:769:50: note: in expansion of macro 'SET_BIT'
  769 |                                                  SET_BIT(RCC->AHB2ENR, RCC_AHB2ENR_GPIODEN); \
      |                                                  ^~~~~~~
../Core/Src/main.cpp:453:3: note: in expansion of macro '__HAL_RCC_GPIOD_CLK_ENABLE'
  453 |   __HAL_RCC_GPIOD_CLK_ENABLE();
      |   ^~~~~~~~~~~~~~~~~~~~~~~~~~
../Drivers/CMSIS/Device/ST/STM32L4xx/Include/stm32l4xx.h:212:38: warning: compound assignment with 'volatile'-qualified left operand is deprecated [-Wvolatile]
  212 | #define SET_BIT(REG, BIT)     ((REG) |= (BIT))
      |                                ~~~~~~^~~~~~~~
../Drivers/STM32L4xx_HAL_Driver/Inc/stm32l4xx_hal_rcc.h:752:50: note: in expansion of macro 'SET_BIT'
  752 |                                                  SET_BIT(RCC->AHB2ENR, RCC_AHB2ENR_GPIOBEN); \
      |                                                  ^~~~~~~
../Core/Src/main.cpp:454:3: note: in expansion of macro '__HAL_RCC_GPIOB_CLK_ENABLE'
  454 |   __HAL_RCC_GPIOB_CLK_ENABLE();
      |   ^~~~~~~~~~~~~~~~~~~~~~~~~~
arm-none-eabi-g++ -o "kiera.elf" @"objects.list"   -mcpu=cortex-m4 -T"C:\Users\konra\Desktop\przeprowadzka\PUTMotorsport\KieraV2\Firmware\kiera\kiera\STM32L4P5RETX_FLASH.ld" --specs=nosys.specs -Wl,-Map="kiera.map" -Wl,--gc-sections -static --specs=nano.specs -mfpu=fpv4-sp-d16 -mfloat-abi=hard -mthumb -Wl,--start-group -lc -lm -lstdc++ -lsupc++ -Wl,--end-group
Finished building target: kiera.elf
 
arm-none-eabi-size   kiera.elf 
arm-none-eabi-objdump -h -S  kiera.elf  > "kiera.list"
   text	   data	    bss	    dec	    hex	filename
  22340	     20	   2156	  24516	   5fc4	kiera.elf
Finished building: default.size.stdout
 
Finished building: kiera.list
 

23:25:36 Build Finished. 0 errors, 37 warnings. (took 5s.857ms)

